Archive member included to satisfy reference by file (symbol)

d:/tools/gcc-arm-none-eabi-10.3-2021.07/bin/../lib/gcc/arm-none-eabi/10.3.1/../../../../arm-none-eabi/lib/thumb/v7-m/nofp\libc_nano.a(lib_a-exit.o)
                              d:/tools/gcc-arm-none-eabi-10.3-2021.07/bin/../lib/gcc/arm-none-eabi/10.3.1/../../../../arm-none-eabi/lib/thumb/v7-m/nofp/crt0.o (exit)
d:/tools/gcc-arm-none-eabi-10.3-2021.07/bin/../lib/gcc/arm-none-eabi/10.3.1/../../../../arm-none-eabi/lib/thumb/v7-m/nofp\libc_nano.a(lib_a-impure.o)
                              d:/tools/gcc-arm-none-eabi-10.3-2021.07/bin/../lib/gcc/arm-none-eabi/10.3.1/../../../../arm-none-eabi/lib/thumb/v7-m/nofp\libc_nano.a(lib_a-exit.o) (_global_impure_ptr)
d:/tools/gcc-arm-none-eabi-10.3-2021.07/bin/../lib/gcc/arm-none-eabi/10.3.1/../../../../arm-none-eabi/lib/thumb/v7-m/nofp\libc_nano.a(lib_a-init.o)
                              d:/tools/gcc-arm-none-eabi-10.3-2021.07/bin/../lib/gcc/arm-none-eabi/10.3.1/../../../../arm-none-eabi/lib/thumb/v7-m/nofp/crt0.o (__libc_init_array)
d:/tools/gcc-arm-none-eabi-10.3-2021.07/bin/../lib/gcc/arm-none-eabi/10.3.1/../../../../arm-none-eabi/lib/thumb/v7-m/nofp\libc_nano.a(lib_a-memcpy-stub.o)
                              build/queue.o (memcpy)
d:/tools/gcc-arm-none-eabi-10.3-2021.07/bin/../lib/gcc/arm-none-eabi/10.3.1/../../../../arm-none-eabi/lib/thumb/v7-m/nofp\libc_nano.a(lib_a-memset.o)
                              d:/tools/gcc-arm-none-eabi-10.3-2021.07/bin/../lib/gcc/arm-none-eabi/10.3.1/../../../../arm-none-eabi/lib/thumb/v7-m/nofp/crt0.o (memset)
d:/tools/gcc-arm-none-eabi-10.3-2021.07/bin/../lib/gcc/arm-none-eabi/10.3.1/../../../../arm-none-eabi/lib/thumb/v7-m/nofp\libc_nano.a(lib_a-snprintf.o)
                              build/MQTTSim800.o (snprintf)
d:/tools/gcc-arm-none-eabi-10.3-2021.07/bin/../lib/gcc/arm-none-eabi/10.3.1/../../../../arm-none-eabi/lib/thumb/v7-m/nofp\libc_nano.a(lib_a-sprintf.o)
                              build/MQTTSim800.o (sprintf)
d:/tools/gcc-arm-none-eabi-10.3-2021.07/bin/../lib/gcc/arm-none-eabi/10.3.1/../../../../arm-none-eabi/lib/thumb/v7-m/nofp\libc_nano.a(lib_a-strlen.o)
                              build/freertos.o (strlen)
d:/tools/gcc-arm-none-eabi-10.3-2021.07/bin/../lib/gcc/arm-none-eabi/10.3.1/../../../../arm-none-eabi/lib/thumb/v7-m/nofp\libc_nano.a(lib_a-strncmp.o)
                              build/MQTTPacket.o (strncmp)
d:/tools/gcc-arm-none-eabi-10.3-2021.07/bin/../lib/gcc/arm-none-eabi/10.3.1/../../../../arm-none-eabi/lib/thumb/v7-m/nofp\libc_nano.a(lib_a-strstr.o)
                              build/MQTTSim800.o (strstr)
d:/tools/gcc-arm-none-eabi-10.3-2021.07/bin/../lib/gcc/arm-none-eabi/10.3.1/../../../../arm-none-eabi/lib/thumb/v7-m/nofp\libc_nano.a(lib_a-nano-svfprintf.o)
                              d:/tools/gcc-arm-none-eabi-10.3-2021.07/bin/../lib/gcc/arm-none-eabi/10.3.1/../../../../arm-none-eabi/lib/thumb/v7-m/nofp\libc_nano.a(lib_a-snprintf.o) (_svfprintf_r)
d:/tools/gcc-arm-none-eabi-10.3-2021.07/bin/../lib/gcc/arm-none-eabi/10.3.1/../../../../arm-none-eabi/lib/thumb/v7-m/nofp\libc_nano.a(lib_a-nano-vfprintf_i.o)
                              d:/tools/gcc-arm-none-eabi-10.3-2021.07/bin/../lib/gcc/arm-none-eabi/10.3.1/../../../../arm-none-eabi/lib/thumb/v7-m/nofp\libc_nano.a(lib_a-nano-svfprintf.o) (_printf_i)
d:/tools/gcc-arm-none-eabi-10.3-2021.07/bin/../lib/gcc/arm-none-eabi/10.3.1/../../../../arm-none-eabi/lib/thumb/v7-m/nofp\libc_nano.a(lib_a-memchr-stub.o)
                              d:/tools/gcc-arm-none-eabi-10.3-2021.07/bin/../lib/gcc/arm-none-eabi/10.3.1/../../../../arm-none-eabi/lib/thumb/v7-m/nofp\libc_nano.a(lib_a-nano-svfprintf.o) (memchr)
d:/tools/gcc-arm-none-eabi-10.3-2021.07/bin/../lib/gcc/arm-none-eabi/10.3.1/../../../../arm-none-eabi/lib/thumb/v7-m/nofp\libc_nano.a(lib_a-memmove.o)
                              d:/tools/gcc-arm-none-eabi-10.3-2021.07/bin/../lib/gcc/arm-none-eabi/10.3.1/../../../../arm-none-eabi/lib/thumb/v7-m/nofp\libc_nano.a(lib_a-nano-svfprintf.o) (memmove)
d:/tools/gcc-arm-none-eabi-10.3-2021.07/bin/../lib/gcc/arm-none-eabi/10.3.1/../../../../arm-none-eabi/lib/thumb/v7-m/nofp\libc_nano.a(lib_a-nano-freer.o)
                              d:/tools/gcc-arm-none-eabi-10.3-2021.07/bin/../lib/gcc/arm-none-eabi/10.3.1/../../../../arm-none-eabi/lib/thumb/v7-m/nofp\libc_nano.a(lib_a-nano-svfprintf.o) (_free_r)
d:/tools/gcc-arm-none-eabi-10.3-2021.07/bin/../lib/gcc/arm-none-eabi/10.3.1/../../../../arm-none-eabi/lib/thumb/v7-m/nofp\libc_nano.a(lib_a-nano-mallocr.o)
                              d:/tools/gcc-arm-none-eabi-10.3-2021.07/bin/../lib/gcc/arm-none-eabi/10.3.1/../../../../arm-none-eabi/lib/thumb/v7-m/nofp\libc_nano.a(lib_a-nano-svfprintf.o) (_malloc_r)
d:/tools/gcc-arm-none-eabi-10.3-2021.07/bin/../lib/gcc/arm-none-eabi/10.3.1/../../../../arm-none-eabi/lib/thumb/v7-m/nofp\libc_nano.a(lib_a-nano-reallocr.o)
[...]
Memory Configuration

Name             Origin             Length             Attributes
RAM              0x20000000         0x00005000         xrw
FLASH            0x08000000         0x00010000         xr
*default*        0x00000000         0xffffffff

Linker script and memory map

LOAD d:/tools/gcc-arm-none-eabi-10.3-2021.07/bin/../lib/gcc/arm-none-eabi/10.3.1/thumb/v7-m/nofp/crti.o
LOAD d:/tools/gcc-arm-none-eabi-10.3-2021.07/bin/../lib/gcc/arm-none-eabi/10.3.1/thumb/v7-m/nofp/crtbegin.o
LOAD d:/tools/gcc-arm-none-eabi-10.3-2021.07/bin/../lib/gcc/arm-none-eabi/10.3.1/../../../../arm-none-eabi/lib/thumb/v7-m/nofp/crt0.o
LOAD build/main.o
LOAD build/gpio.o
LOAD build/i2c.o
LOAD build/usart.o
LOAD build/stm32f1xx_it.o
LOAD build/stm32f1xx_hal_msp.o
LOAD build/stm32f1xx_hal_gpio_ex.o
LOAD build/stm32f1xx_hal_i2c.o
LOAD build/stm32f1xx_hal.o
LOAD build/stm32f1xx_hal_rcc.o
LOAD build/stm32f1xx_hal_rcc_ex.o
LOAD build/stm32f1xx_hal_gpio.o
LOAD build/stm32f1xx_hal_dma.o
LOAD build/stm32f1xx_hal_cortex.o
LOAD build/stm32f1xx_hal_pwr.o
LOAD build/stm32f1xx_hal_flash.o
LOAD build/stm32f1xx_hal_flash_ex.o
LOAD build/stm32f1xx_hal_exti.o
LOAD build/stm32f1xx_hal_tim.o
LOAD build/stm32f1xx_hal_tim_ex.o
LOAD build/stm32f1xx_hal_uart.o
LOAD build/system_stm32f1xx.o
LOAD build/freertos.o
LOAD build/iwdg.o
LOAD build/stm32f1xx_hal_timebase_tim.o
LOAD build/stm32f1xx_hal_iwdg.o
LOAD build/croutine.o
LOAD build/event_groups.o
LOAD build/list.o
LOAD build/queue.o
LOAD build/stream_buffer.o
LOAD build/tasks.o
LOAD build/timers.o
LOAD build/cmsis_os2.o
LOAD build/heap_4.o
LOAD build/port.o
LOAD build/MQTTConnectClient.o
LOAD build/MQTTPacket.o
LOAD build/MQTTSerializePublish.o
LOAD build/MQTTSim800.o
LOAD build/mpu6050.o
LOAD build/startup_stm32f103xb.o
LOAD d:/tools/gcc-arm-none-eabi-10.3-2021.07/bin/../lib/gcc/arm-none-eabi/10.3.1/../../../../arm-none-eabi/lib/thumb/v7-m/nofp\libc_nano.a
LOAD d:/tools/gcc-arm-none-eabi-10.3-2021.07/bin/../lib/gcc/arm-none-eabi/10.3.1/../../../../arm-none-eabi/lib/thumb/v7-m/nofp\libm.a
LOAD d:/tools/gcc-arm-none-eabi-10.3-2021.07/bin/../lib/gcc/arm-none-eabi/10.3.1/../../../../arm-none-eabi/lib/thumb/v7-m/nofp\libnosys.a
START GROUP
LOAD d:/tools/gcc-arm-none-eabi-10.3-2021.07/bin/../lib/gcc/arm-none-eabi/10.3.1/thumb/v7-m/nofp\libgcc.a
LOAD d:/tools/gcc-arm-none-eabi-10.3-2021.07/bin/../lib/gcc/arm-none-eabi/10.3.1/../../../../arm-none-eabi/lib/thumb/v7-m/nofp\libc_nano.a
END GROUP
START GROUP
LOAD d:/tools/gcc-arm-none-eabi-10.3-2021.07/bin/../lib/gcc/arm-none-eabi/10.3.1/thumb/v7-m/nofp\libgcc.a
LOAD d:/tools/gcc-arm-none-eabi-10.3-2021.07/bin/../lib/gcc/arm-none-eabi/10.3.1/../../../../arm-none-eabi/lib/thumb/v7-m/nofp\libc_nano.a
END GROUP
LOAD d:/tools/gcc-arm-none-eabi-10.3-2021.07/bin/../lib/gcc/arm-none-eabi/10.3.1/thumb/v7-m/nofp/crtend.o
LOAD d:/tools/gcc-arm-none-eabi-10.3-2021.07/bin/../lib/gcc/arm-none-eabi/10.3.1/thumb/v7-m/nofp/crtn.o
                0x20005000                _estack = 0x20005000
                0x00000200                _Min_Heap_Size = 0x200
                0x00000400                _Min_Stack_Size = 0x400

.isr_vector     0x08000000      0x10c
                0x08000000                . = ALIGN (0x4)
 *(.isr_vector)
 .isr_vector    0x08000000      0x10c build/startup_stm32f103xb.o
                0x08000000                g_pfnVectors
                0x0800010c                . = ALIGN (0x4)

.text           0x08000110     0x73ac
                0x08000110                . = ALIGN (0x4)
 *(.text)
 .text          0x08000110       0x40 d:/tools/gcc-arm-none-eabi-10.3-2021.07/bin/../lib/gcc/arm-none-eabi/10.3.1/thumb/v7-m/nofp/crtbegin.o
 .text          0x08000150       0x10 d:/tools/gcc-arm-none-eabi-10.3-2021.07/bin/../lib/gcc/arm-none-eabi/10.3.1/../../../../arm-none-eabi/lib/thumb/v7-m/nofp\libc_nano.a(lib_a-strlen.o)
                0x08000150                strlen
 .text          0x08000160      0x378 d:/tools/gcc-arm-none-eabi-10.3-2021.07/bin/../lib/gcc/arm-none-eabi/10.3.1/thumb/v7-m/nofp\libgcc.a(_arm_addsubdf3.o)
                0x08000160                __aeabi_drsub
                0x08000168                __aeabi_dsub
                0x08000168                __subdf3
                0x0800016c                __aeabi_dadd
                0x0800016c                __adddf3
                0x080003e4                __floatunsidf
                0x080003e4                __aeabi_ui2d
                0x08000404                __floatsidf
                0x08000404                __aeabi_i2d
                0x08000428                __aeabi_f2d
                0x08000428                __extendsfdf2
                0x0800046c                __floatundidf
                0x0800046c                __aeabi_ul2d
                0x0800047c                __floatdidf
                0x0800047c                __aeabi_l2d
 .text          0x080004d8      0x424 d:/tools/gcc-arm-none-eabi-10.3-2021.07/bin/../lib/gcc/arm-none-eabi/10.3.1/thumb/v7-m/nofp\libgcc.a(_arm_muldivdf3.o)
                0x080004d8                __aeabi_dmul
                0x080004d8                __muldf3
                0x0800072c                __divdf3
                0x0800072c                __aeabi_ddiv
 .text          0x080008fc      0x110 d:/tools/gcc-arm-none-eabi-10.3-2021.07/bin/../lib/gcc/arm-none-eabi/10.3.1/thumb/v7-m/nofp\libgcc.a(_arm_cmpdf2.o)
                0x080008fc                __gtdf2
                0x080008fc                __gedf2
                0x08000904                __ltdf2
                0x08000904                __ledf2
                0x0800090c                __nedf2
                0x0800090c                __eqdf2
                0x0800090c                __cmpdf2
                0x08000988                __aeabi_cdrcmple
                0x08000998                __aeabi_cdcmpeq
                0x08000998                __aeabi_cdcmple
                0x080009a8                __aeabi_dcmpeq
                0x080009bc                __aeabi_dcmplt
                0x080009d0                __aeabi_dcmple
                0x080009e4                __aeabi_dcmpge
                0x080009f8                __aeabi_dcmpgt
 .text          0x08000a0c       0x2c d:/tools/gcc-arm-none-eabi-10.3-2021.07/bin/../lib/gcc/arm-none-eabi/10.3.1/thumb/v7-m/nofp\libgcc.a(_arm_unorddf2.o)
                0x08000a0c                __unorddf2
                0x08000a0c                __aeabi_dcmpun
 .text          0x08000a38       0xa0 d:/tools/gcc-arm-none-eabi-10.3-2021.07/bin/../lib/gcc/arm-none-eabi/10.3.1/thumb/v7-m/nofp\libgcc.a(_arm_truncdfsf2.o)
                0x08000a38                __truncdfsf2
                0x08000a38                __aeabi_d2f
 .text          0x08000ad8       0xec d:/tools/gcc-arm-none-eabi-10.3-2021.07/bin/../lib/gcc/arm-none-eabi/10.3.1/thumb/v7-m/nofp\libgcc.a(_arm_cmpsf2.o)
                0x08000ad8                __gesf2
                0x08000ad8                __gtsf2
                0x08000ae0                __lesf2
                0x08000ae0                __ltsf2
                0x08000ae8                __nesf2
                0x08000ae8                __eqsf2
                0x08000ae8                __cmpsf2
                0x08000b48                __aeabi_cfrcmple
                0x08000b50                __aeabi_cfcmpeq
                0x08000b50                __aeabi_cfcmple
                0x08000b60                __aeabi_fcmpeq
                0x08000b74                __aeabi_fcmplt
                0x08000b88                __aeabi_fcmple
                0x08000b9c                __aeabi_fcmpge
                0x08000bb0                __aeabi_fcmpgt
 *(.text*)
 .text.HAL_UART_RxCpltCallback
                0x08000bc4       0x14 build/main.o
                0x08000bc4                HAL_UART_RxCpltCallback
 .text.HAL_TIM_PeriodElapsedCallback
                0x08000bd8       0x18 build/main.o
                0x08000bd8                HAL_TIM_PeriodElapsedCallback
 .text.Error_Handler
                0x08000bf0        0x4 build/main.o
                0x08000bf0                Error_Handler
 .text.SystemClock_Config
                0x08000bf4       0x68 build/main.o
                0x08000bf4                SystemClock_Config
 .text.main     0x08000c5c       0x2c build/main.o
                0x08000c5c                main
 .text.MX_GPIO_Init
                0x08000c88       0xb8 build/gpio.o
                0x08000c88                MX_GPIO_Init
 .text.MX_I2C1_Init
                0x08000d40       0x3c build/i2c.o
                0x08000d40                MX_I2C1_Init
 .text.HAL_I2C_MspInit
                0x08000d7c       0x74 build/i2c.o
                0x08000d7c                HAL_I2C_MspInit
 .text.MX_USART1_UART_Init
                0x08000df0       0x34 build/usart.o
                0x08000df0                MX_USART1_UART_Init
 .text.MX_USART3_UART_Init
                0x08000e24       0x34 build/usart.o
                0x08000e24                MX_USART3_UART_Init
 .text.HAL_UART_MspInit
                0x08000e58       0xfc build/usart.o
                0x08000e58                HAL_UART_MspInit
 .text.NMI_Handler
                0x08000f54        0x2 build/stm32f1xx_it.o
                0x08000f54                NMI_Handler
 .text.HardFault_Handler
                0x08000f56        0x2 build/stm32f1xx_it.o
                0x08000f56                HardFault_Handler
 .text.MemManage_Handler
                0x08000f58        0x2 build/stm32f1xx_it.o
                0x08000f58                MemManage_Handler
 .text.BusFault_Handler
                0x08000f5a        0x2 build/stm32f1xx_it.o
                0x08000f5a                BusFault_Handler
 .text.UsageFault_Handler
                0x08000f5c        0x2 build/stm32f1xx_it.o
                0x08000f5c                UsageFault_Handler
 .text.DebugMon_Handler
                0x08000f5e        0x2 build/stm32f1xx_it.o
                0x08000f5e                DebugMon_Handler
 .text.TIM1_UP_IRQHandler
                0x08000f60       0x10 build/stm32f1xx_it.o
                0x08000f60                TIM1_UP_IRQHandler
 .text.I2C1_EV_IRQHandler
                0x08000f70       0x10 build/stm32f1xx_it.o
                0x08000f70                I2C1_EV_IRQHandler
 .text.USART1_IRQHandler
                0x08000f80       0x10 build/stm32f1xx_it.o
                0x08000f80                USART1_IRQHandler
 .text.USART3_IRQHandler
                0x08000f90       0x10 build/stm32f1xx_it.o
                0x08000f90                USART3_IRQHandler
 .text.HAL_MspInit
                0x08000fa0       0x54 build/stm32f1xx_hal_msp.o
                0x08000fa0                HAL_MspInit
 .text.I2C_Master_SB
                0x08000ff4       0xa8 build/stm32f1xx_hal_i2c.o
 .text.I2C_Master_ADD10
                0x0800109c       0x2a build/stm32f1xx_hal_i2c.o
 .text.I2C_Master_ADDR
                0x080010c6      0x216 build/stm32f1xx_hal_i2c.o
 .text.I2C_SlaveTransmit_BTF
                0x080012dc       0x20 build/stm32f1xx_hal_i2c.o
 .text.I2C_SlaveReceive_BTF
                0x080012fc       0x20 build/stm32f1xx_hal_i2c.o
 .text.I2C_WaitOnSTOPRequestThroughIT
                0x0800131c       0x48 build/stm32f1xx_hal_i2c.o
 .text.I2C_IsAcknowledgeFailed
                0x08001364       0x32 build/stm32f1xx_hal_i2c.o
 .text.I2C_ConvertOtherXferOptions
                0x08001396       0x1e build/stm32f1xx_hal_i2c.o
 .text.I2C_WaitOnFlagUntilTimeout
                0x080013b4       0x7c build/stm32f1xx_hal_i2c.o
 .text.I2C_WaitOnMasterAddressFlagUntilTimeout
                0x08001430       0xaa build/stm32f1xx_hal_i2c.o
 .text.I2C_WaitOnTXEFlagUntilTimeout
                0x080014da       0x54 build/stm32f1xx_hal_i2c.o
 *fill*         0x0800152e        0x2 
 .text.I2C_RequestMemoryWrite
                0x08001530       0xd8 build/stm32f1xx_hal_i2c.o
 .text.I2C_RequestMemoryRead
                0x08001608      0x154 build/stm32f1xx_hal_i2c.o
 .text.I2C_WaitOnBTFFlagUntilTimeout
                0x0800175c       0x54 build/stm32f1xx_hal_i2c.o
 .text.I2C_WaitOnRXNEFlagUntilTimeout
                0x080017b0       0x6a build/stm32f1xx_hal_i2c.o
 *fill*         0x0800181a        0x2 
 .text.HAL_I2C_Init
                0x0800181c      0x1bc build/stm32f1xx_hal_i2c.o
                0x0800181c                HAL_I2C_Init
 .text.HAL_I2C_Mem_Write
                0x080019d8      0x164 build/stm32f1xx_hal_i2c.o
                0x080019d8                HAL_I2C_Mem_Write
 .text.HAL_I2C_Mem_Read
                0x08001b3c      0x348 build/stm32f1xx_hal_i2c.o
                0x08001b3c                HAL_I2C_Mem_Read
 .text.HAL_I2C_MasterTxCpltCallback
                0x08001e84        0x2 build/stm32f1xx_hal_i2c.o
                0x08001e84                HAL_I2C_MasterTxCpltCallback
 .text.HAL_I2C_MasterRxCpltCallback
                0x08001e86        0x2 build/stm32f1xx_hal_i2c.o
                0x08001e86                HAL_I2C_MasterRxCpltCallback
 .text.HAL_I2C_SlaveTxCpltCallback
                0x08001e88        0x2 build/stm32f1xx_hal_i2c.o
                0x08001e88                HAL_I2C_SlaveTxCpltCallback
 .text.I2C_SlaveTransmit_TXE
                0x08001e8a       0x4c build/stm32f1xx_hal_i2c.o
 .text.HAL_I2C_SlaveRxCpltCallback
                0x08001ed6        0x2 build/stm32f1xx_hal_i2c.o
                0x08001ed6                HAL_I2C_SlaveRxCpltCallback
 .text.I2C_SlaveReceive_RXNE
                0x08001ed8       0x4c build/stm32f1xx_hal_i2c.o
 .text.HAL_I2C_AddrCallback
                0x08001f24        0x2 build/stm32f1xx_hal_i2c.o
                0x08001f24                HAL_I2C_AddrCallback
 .text.I2C_Slave_ADDR
                0x08001f26       0x5a build/stm32f1xx_hal_i2c.o
 .text.HAL_I2C_ListenCpltCallback
                0x08001f80        0x2 build/stm32f1xx_hal_i2c.o
                0x08001f80                HAL_I2C_ListenCpltCallback
 .text.HAL_I2C_MemTxCpltCallback
                0x08001f82        0x2 build/stm32f1xx_hal_i2c.o
                0x08001f82                HAL_I2C_MemTxCpltCallback
 .text.I2C_MasterTransmit_BTF
                0x08001f84       0x9e build/stm32f1xx_hal_i2c.o
 .text.I2C_MemoryTransmit_TXE_BTF
                0x08002022       0xbe build/stm32f1xx_hal_i2c.o
 .text.I2C_MasterTransmit_TXE
                0x080020e0       0xd0 build/stm32f1xx_hal_i2c.o
 .text.HAL_I2C_MemRxCpltCallback
                0x080021b0        0x2 build/stm32f1xx_hal_i2c.o
                0x080021b0                HAL_I2C_MemRxCpltCallback
 .text.I2C_MasterReceive_BTF
                0x080021b2      0x128 build/stm32f1xx_hal_i2c.o
 .text.HAL_I2C_ErrorCallback
                0x080022da        0x2 build/stm32f1xx_hal_i2c.o
                0x080022da                HAL_I2C_ErrorCallback
 .text.I2C_MasterReceive_RXNE
                0x080022dc       0xec build/stm32f1xx_hal_i2c.o
 .text.HAL_I2C_AbortCpltCallback
                0x080023c8        0x2 build/stm32f1xx_hal_i2c.o
                0x080023c8                HAL_I2C_AbortCpltCallback
 *fill*         0x080023ca        0x2 
 .text.I2C_DMAAbort
                0x080023cc       0xe4 build/stm32f1xx_hal_i2c.o
 .text.I2C_ITError
                0x080024b0      0x174 build/stm32f1xx_hal_i2c.o
 .text.I2C_Slave_STOPF
                0x08002624      0x18c build/stm32f1xx_hal_i2c.o
 .text.HAL_I2C_EV_IRQHandler
                0x080027b0      0x1a0 build/stm32f1xx_hal_i2c.o
                0x080027b0                HAL_I2C_EV_IRQHandler
 .text.HAL_Init
                0x08002950       0x24 build/stm32f1xx_hal.o
                0x08002950                HAL_Init
 .text.HAL_IncTick
                0x08002974       0x18 build/stm32f1xx_hal.o
                0x08002974                HAL_IncTick
 .text.HAL_GetTick
                0x0800298c        0xc build/stm32f1xx_hal.o
                0x0800298c                HAL_GetTick
 .text.RCC_Delay
                0x08002998       0x2c build/stm32f1xx_hal_rcc.o
 .text.HAL_RCC_OscConfig
                0x080029c4      0x410 build/stm32f1xx_hal_rcc.o
                0x080029c4                HAL_RCC_OscConfig
 .text.HAL_RCC_GetSysClockFreq
                0x08002dd4       0x70 build/stm32f1xx_hal_rcc.o
                0x08002dd4                HAL_RCC_GetSysClockFreq
 .text.HAL_RCC_ClockConfig
                0x08002e44      0x16c build/stm32f1xx_hal_rcc.o
                0x08002e44                HAL_RCC_ClockConfig
 .text.HAL_RCC_GetHCLKFreq
                0x08002fb0        0xc build/stm32f1xx_hal_rcc.o
                0x08002fb0                HAL_RCC_GetHCLKFreq
 .text.HAL_RCC_GetPCLK1Freq
                0x08002fbc       0x20 build/stm32f1xx_hal_rcc.o
                0x08002fbc                HAL_RCC_GetPCLK1Freq
 .text.HAL_RCC_GetPCLK2Freq
                0x08002fdc       0x20 build/stm32f1xx_hal_rcc.o
                0x08002fdc                HAL_RCC_GetPCLK2Freq
 .text.HAL_RCC_GetClockConfig
                0x08002ffc       0x3c build/stm32f1xx_hal_rcc.o
                0x08002ffc                HAL_RCC_GetClockConfig
 .text.HAL_GPIO_Init
                0x08003038      0x224 build/stm32f1xx_hal_gpio.o
                0x08003038                HAL_GPIO_Init
 .text.HAL_GPIO_WritePin
                0x0800325c        0xc build/stm32f1xx_hal_gpio.o
                0x0800325c                HAL_GPIO_WritePin
 .text.HAL_GPIO_TogglePin
                0x08003268       0x12 build/stm32f1xx_hal_gpio.o
                0x08003268                HAL_GPIO_TogglePin
 .text.HAL_DMA_Abort
                0x0800327a       0x44 build/stm32f1xx_hal_dma.o
                0x0800327a                HAL_DMA_Abort
 *fill*         0x080032be        0x2 
 .text.HAL_DMA_Abort_IT
                0x080032c0       0x98 build/stm32f1xx_hal_dma.o
                0x080032c0                HAL_DMA_Abort_IT
 .text.HAL_DMA_GetState
                0x08003358        0x6 build/stm32f1xx_hal_dma.o
                0x08003358                HAL_DMA_GetState
 *fill*         0x0800335e        0x2 
 .text.HAL_NVIC_SetPriorityGrouping
                0x08003360       0x24 build/stm32f1xx_hal_cortex.o
                0x08003360                HAL_NVIC_SetPriorityGrouping
 .text.HAL_NVIC_SetPriority
                0x08003384       0x70 build/stm32f1xx_hal_cortex.o
                0x08003384                HAL_NVIC_SetPriority
 .text.HAL_NVIC_EnableIRQ
                0x080033f4       0x1c build/stm32f1xx_hal_cortex.o
                0x080033f4                HAL_NVIC_EnableIRQ
 .text.HAL_TIM_Base_MspInit
                0x08003410        0x2 build/stm32f1xx_hal_tim.o
                0x08003410                HAL_TIM_Base_MspInit
 *fill*         0x08003412        0x2 
 .text.HAL_TIM_Base_Start_IT
                0x08003414       0x68 build/stm32f1xx_hal_tim.o
                0x08003414                HAL_TIM_Base_Start_IT
 .text.HAL_TIM_OC_DelayElapsedCallback
                0x0800347c        0x2 build/stm32f1xx_hal_tim.o
                0x0800347c                HAL_TIM_OC_DelayElapsedCallback
 .text.HAL_TIM_IC_CaptureCallback
                0x0800347e        0x2 build/stm32f1xx_hal_tim.o
                0x0800347e                HAL_TIM_IC_CaptureCallback
 .text.HAL_TIM_PWM_PulseFinishedCallback
                0x08003480        0x2 build/stm32f1xx_hal_tim.o
                0x08003480                HAL_TIM_PWM_PulseFinishedCallback
 .text.HAL_TIM_TriggerCallback
                0x08003482        0x2 build/stm32f1xx_hal_tim.o
                0x08003482                HAL_TIM_TriggerCallback
 .text.HAL_TIM_IRQHandler
                0x08003484      0x17a build/stm32f1xx_hal_tim.o
                0x08003484                HAL_TIM_IRQHandler
 *fill*         0x080035fe        0x2 
 .text.TIM_Base_SetConfig
                0x08003600       0x74 build/stm32f1xx_hal_tim.o
                0x08003600                TIM_Base_SetConfig
 .text.HAL_TIM_Base_Init
                0x08003674       0x58 build/stm32f1xx_hal_tim.o
                0x08003674                HAL_TIM_Base_Init
 .text.HAL_TIMEx_CommutCallback
                0x080036cc        0x2 build/stm32f1xx_hal_tim_ex.o
                0x080036cc                HAL_TIMEx_CommutCallback
 .text.HAL_TIMEx_BreakCallback
                0x080036ce        0x2 build/stm32f1xx_hal_tim_ex.o
                0x080036ce                HAL_TIMEx_BreakCallback
 .text.UART_EndRxTransfer
                0x080036d0       0x32 build/stm32f1xx_hal_uart.o
 .text.UART_Transmit_IT
                0x08003702       0x60 build/stm32f1xx_hal_uart.o
 *fill*         0x08003762        0x2 
 .text.UART_SetConfig
                0x08003764       0x94 build/stm32f1xx_hal_uart.o
 .text.HAL_UART_Init
                0x080037f8       0x5e build/stm32f1xx_hal_uart.o
                0x080037f8                HAL_UART_Init
 .text.HAL_UART_Transmit_IT
                0x08003856       0x4e build/stm32f1xx_hal_uart.o
                0x08003856                HAL_UART_Transmit_IT
 .text.HAL_UART_TxCpltCallback
                0x080038a4        0x2 build/stm32f1xx_hal_uart.o
                0x080038a4                HAL_UART_TxCpltCallback
 .text.UART_EndTransmit_IT
                0x080038a6       0x1a build/stm32f1xx_hal_uart.o
 .text.HAL_UART_ErrorCallback
                0x080038c0        0x2 build/stm32f1xx_hal_uart.o
                0x080038c0                HAL_UART_ErrorCallback
 .text.UART_DMAAbortOnError
                0x080038c2       0x10 build/stm32f1xx_hal_uart.o
 .text.HAL_UARTEx_RxEventCallback
                0x080038d2        0x2 build/stm32f1xx_hal_uart.o
                0x080038d2                HAL_UARTEx_RxEventCallback
 .text.UART_Receive_IT
                0x080038d4       0xd4 build/stm32f1xx_hal_uart.o
 .text.HAL_UART_IRQHandler
                0x080039a8      0x204 build/stm32f1xx_hal_uart.o
                0x080039a8                HAL_UART_IRQHandler
 .text.UART_Start_Receive_IT
                0x08003bac       0x36 build/stm32f1xx_hal_uart.o
                0x08003bac                UART_Start_Receive_IT
 .text.HAL_UART_Receive_IT
                0x08003be2       0x38 build/stm32f1xx_hal_uart.o
                0x08003be2                HAL_UART_Receive_IT
 .text.SystemInit
                0x08003c1a        0x2 build/system_stm32f1xx.o
                0x08003c1a                SystemInit
 .text.MQTT_Task
                0x08003c1c      0x24c build/freertos.o
                0x08003c1c                MQTT_Task
 .text.Sensor_Task
                0x08003e68       0xd0 build/freertos.o
                0x08003e68                Sensor_Task
 .text.Callback01
                0x08003f38       0x2c build/freertos.o
                0x08003f38                Callback01
 .text.MX_FREERTOS_Init
                0x08003f64       0x54 build/freertos.o
                0x08003f64                MX_FREERTOS_Init
 .text.MX_IWDG_Init
                0x08003fb8       0x28 build/iwdg.o
                0x08003fb8                MX_IWDG_Init
 .text.HAL_InitTick
                0x08003fe0       0x78 build/stm32f1xx_hal_timebase_tim.o
                0x08003fe0                HAL_InitTick
 .text.HAL_IWDG_Init
                0x08004058       0x58 build/stm32f1xx_hal_iwdg.o
                0x08004058                HAL_IWDG_Init
 .text.HAL_IWDG_Refresh
                0x080040b0        0xc build/stm32f1xx_hal_iwdg.o
                0x080040b0                HAL_IWDG_Refresh
 .text.vListInitialise
                0x080040bc       0x16 build/list.o
                0x080040bc                vListInitialise
 .text.vListInitialiseItem
                0x080040d2        0x6 build/list.o
                0x080040d2                vListInitialiseItem
 .text.vListInsertEnd
                0x080040d8       0x16 build/list.o
                0x080040d8                vListInsertEnd
 .text.vListInsert
                0x080040ee       0x32 build/list.o
                0x080040ee                vListInsert
 .text.uxListRemove
                0x08004120       0x26 build/list.o
                0x08004120                uxListRemove
 .text.prvIsQueueFull
                0x08004146       0x1e build/queue.o
 .text.prvIsQueueEmpty
                0x08004164       0x1a build/queue.o
 .text.prvCopyDataToQueue
                0x0800417e       0x76 build/queue.o
 .text.prvCopyDataFromQueue
                0x080041f4       0x24 build/queue.o
 .text.prvUnlockQueue
                0x08004218       0x6e build/queue.o
 .text.xQueueGenericReset
                0x08004286       0x84 build/queue.o
                0x08004286                xQueueGenericReset
 .text.prvInitialiseNewQueue
                0x0800430a       0x22 build/queue.o
 .text.xQueueGenericCreateStatic
                0x0800432c       0x92 build/queue.o
                0x0800432c                xQueueGenericCreateStatic
 .text.xQueueGenericSend
                0x080043be      0x188 build/queue.o
                0x080043be                xQueueGenericSend
 .text.xQueueGenericSendFromISR
                0x08004546       0xcc build/queue.o
                0x08004546                xQueueGenericSendFromISR
 .text.xQueueReceive
                0x08004612      0x15e build/queue.o
                0x08004612                xQueueReceive
 .text.vQueueAddToRegistry
                0x08004770       0x28 build/queue.o
                0x08004770                vQueueAddToRegistry
 .text.vQueueWaitForMessageRestricted
                0x08004798       0x52 build/queue.o
                0x08004798                vQueueWaitForMessageRestricted
 *fill*         0x080047ea        0x2 
 .text.prvResetNextTaskUnblockTime
                0x080047ec       0x2c build/tasks.o
 .text.prvInitialiseNewTask
                0x08004818       0xa2 build/tasks.o
 *fill*         0x080048ba        0x2 
 .text.prvInitialiseTaskLists
                0x080048bc       0x68 build/tasks.o
 .text.prvAddNewTaskToReadyList
                0x08004924       0xac build/tasks.o
 .text.prvDeleteTCB
                0x080049d0       0x38 build/tasks.o
 .text.prvCheckTasksWaitingTermination
                0x08004a08       0x4c build/tasks.o
 .text.prvIdleTask
                0x08004a54       0x28 build/tasks.o
 .text.prvAddCurrentTaskToDelayedList
                0x08004a7c       0x7c build/tasks.o
 .text.xTaskCreateStatic
                0x08004af8       0x74 build/tasks.o
                0x08004af8                xTaskCreateStatic
 .text.xTaskCreate
                0x08004b6c       0x68 build/tasks.o
                0x08004b6c                xTaskCreate
 .text.vTaskStartScheduler
                0x08004bd4       0x9c build/tasks.o
                0x08004bd4                vTaskStartScheduler
 .text.vTaskSuspendAll
                0x08004c70       0x10 build/tasks.o
                0x08004c70                vTaskSuspendAll
 .text.xTaskGetTickCount
                0x08004c80        0xc build/tasks.o
                0x08004c80                xTaskGetTickCount
 .text.xTaskIncrementTick
                0x08004c8c      0x118 build/tasks.o
                0x08004c8c                xTaskIncrementTick
 .text.xTaskResumeAll
                0x08004da4       0xf8 build/tasks.o
                0x08004da4                xTaskResumeAll
 .text.vTaskDelay
                0x08004e9c       0x4c build/tasks.o
                0x08004e9c                vTaskDelay
 .text.vTaskSwitchContext
                0x08004ee8       0x94 build/tasks.o
                0x08004ee8                vTaskSwitchContext
 .text.vTaskPlaceOnEventList
                0x08004f7c       0x30 build/tasks.o
                0x08004f7c                vTaskPlaceOnEventList
 .text.vTaskPlaceOnEventListRestricted
                0x08004fac       0x38 build/tasks.o
                0x08004fac                vTaskPlaceOnEventListRestricted
 .text.xTaskRemoveFromEventList
                0x08004fe4       0x8c build/tasks.o
                0x08004fe4                xTaskRemoveFromEventList
 .text.vTaskInternalSetTimeOutState
                0x08005070       0x18 build/tasks.o
                0x08005070                vTaskInternalSetTimeOutState
 .text.xTaskCheckForTimeOut
                0x08005088       0x84 build/tasks.o
                0x08005088                xTaskCheckForTimeOut
 .text.vTaskMissedYield
                0x0800510c        0xc build/tasks.o
                0x0800510c                vTaskMissedYield
 .text.xTaskGetSchedulerState
                0x08005118       0x20 build/tasks.o
                0x08005118                xTaskGetSchedulerState
 .text.xTaskPriorityDisinherit
                0x08005138       0x98 build/tasks.o
                0x08005138                xTaskPriorityDisinherit
 .text.prvGetNextExpireTime
                0x080051d0       0x20 build/timers.o
 .text.prvInsertTimerInActiveList
                0x080051f0       0x48 build/timers.o
 .text.prvCheckForValidListAndQueue
                0x08005238       0x70 build/timers.o
 .text.prvInitialiseNewTimer
                0x080052a8       0x40 build/timers.o
 .text.xTimerCreateTimerTask
                0x080052e8       0x64 build/timers.o
                0x080052e8                xTimerCreateTimerTask
 .text.xTimerCreate
                0x0800534c       0x38 build/timers.o
                0x0800534c                xTimerCreate
 .text.xTimerCreateStatic
                0x08005384       0x50 build/timers.o
                0x08005384                xTimerCreateStatic
 .text.xTimerGenericCommand
                0x080053d4       0x6c build/timers.o
                0x080053d4                xTimerGenericCommand
 .text.prvSwitchTimerLists
                0x08005440       0x78 build/timers.o
 .text.prvSampleTimeNow
                0x080054b8       0x2c build/timers.o
 .text.prvProcessExpiredTimer
                0x080054e4       0x60 build/timers.o
 .text.prvProcessTimerOrBlockTask
                0x08005544       0x74 build/timers.o
 .text.prvProcessReceivedCommands
                0x080055b8       0xf8 build/timers.o
 .text.prvTimerTask
                0x080056b0       0x16 build/timers.o
 .text.pvTimerGetTimerID
                0x080056c6       0x26 build/timers.o
                0x080056c6                pvTimerGetTimerID
 .text.TimerCallback
                0x080056ec       0x10 build/cmsis_os2.o
 .text.osKernelInitialize
                0x080056fc       0x44 build/cmsis_os2.o
                0x080056fc                osKernelInitialize
 .text.osKernelStart
                0x08005740       0x4c build/cmsis_os2.o
                0x08005740                osKernelStart
 .text.osThreadNew
                0x0800578c       0xec build/cmsis_os2.o
                0x0800578c                osThreadNew
 .text.osDelay  0x08005878       0x44 build/cmsis_os2.o
                0x08005878                osDelay
 .text.osTimerNew
                0x080058bc       0xbc build/cmsis_os2.o
                0x080058bc                osTimerNew
 .text.osTimerStart
                0x08005978       0x5c build/cmsis_os2.o
                0x08005978                osTimerStart
 .text.vApplicationGetIdleTaskMemory
                0x080059d4       0x18 build/cmsis_os2.o
                0x080059d4                vApplicationGetIdleTaskMemory
 .text.vApplicationGetTimerTaskMemory
                0x080059ec       0x18 build/cmsis_os2.o
                0x080059ec                vApplicationGetTimerTaskMemory
 .text.prvHeapInit
                0x08005a04       0x64 build/heap_4.o
 .text.prvInsertBlockIntoFreeList
                0x08005a68       0x60 build/heap_4.o
 .text.pvPortMalloc
                0x08005ac8       0xf0 build/heap_4.o
                0x08005ac8                pvPortMalloc
 .text.vPortFree
                0x08005bb8       0x70 build/heap_4.o
                0x08005bb8                vPortFree
 .text.prvTaskExitError
                0x08005c28       0x40 build/port.o
 .text.prvPortStartFirstTask
                0x08005c68       0x20 build/port.o
 .text.pxPortInitialiseStack
                0x08005c88       0x24 build/port.o
                0x08005c88                pxPortInitialiseStack
 *fill*         0x08005cac        0x4 
 .text.SVC_Handler
                0x08005cb0       0x24 build/port.o
                0x08005cb0                SVC_Handler
 .text.vPortEnterCritical
                0x08005cd4       0x44 build/port.o
                0x08005cd4                vPortEnterCritical
 .text.vPortExitCritical
                0x08005d18       0x2c build/port.o
                0x08005d18                vPortExitCritical
 *fill*         0x08005d44        0xc 
 .text.PendSV_Handler
                0x08005d50       0x44 build/port.o
                0x08005d50                PendSV_Handler
 .text.SysTick_Handler
                0x08005d94       0x2c build/port.o
                0x08005d94                SysTick_Handler
 .text.vPortSetupTimerInterrupt
                0x08005dc0       0x28 build/port.o
                0x08005dc0                vPortSetupTimerInterrupt
 .text.xPortStartScheduler
                0x08005de8       0xc0 build/port.o
                0x08005de8                xPortStartScheduler
 .text.vPortValidateInterruptPriority
                0x08005ea8       0x5c build/port.o
                0x08005ea8                vPortValidateInterruptPriority
 .text.MQTTSerialize_connectLength
                0x08005f04       0x88 build/MQTTConnectClient.o
                0x08005f04                MQTTSerialize_connectLength
 .text.MQTTSerialize_connect
                0x08005f8c      0x124 build/MQTTConnectClient.o
                0x08005f8c                MQTTSerialize_connect
 .text.MQTTPacket_encode
                0x080060b0       0x46 build/MQTTPacket.o
                0x080060b0                MQTTPacket_encode
 *fill*         0x080060f6        0x2 
 .text.MQTTPacket_len
                0x080060f8       0x28 build/MQTTPacket.o
                0x080060f8                MQTTPacket_len
 .text.writeChar
                0x08006120        0xc build/MQTTPacket.o
                0x08006120                writeChar
 .text.writeInt
                0x0800612c       0x2e build/MQTTPacket.o
                0x0800612c                writeInt
 .text.writeCString
                0x0800615a       0x28 build/MQTTPacket.o
                0x0800615a                writeCString
 .text.writeMQTTString
                0x08006182       0x44 build/MQTTPacket.o
                0x08006182                writeMQTTString
 .text.MQTTstrlen
                0x080061c6       0x1a build/MQTTPacket.o
                0x080061c6                MQTTstrlen
 .text.MQTTSerialize_publishLength
                0x080061e0       0x26 build/MQTTSerializePublish.o
                0x080061e0                MQTTSerialize_publishLength
 .text.MQTTSerialize_publish
                0x08006206       0x92 build/MQTTSerializePublish.o
                0x08006206                MQTTSerialize_publish
 .text.clearRxBuffer
                0x08006298       0x1c build/MQTTSim800.o
                0x08006298                clearRxBuffer
 .text.clearMqttBuffer
                0x080062b4       0x24 build/MQTTSim800.o
                0x080062b4                clearMqttBuffer
 .text.Sim800_RxCallBack
                0x080062d8      0x170 build/MQTTSim800.o
                0x080062d8                Sim800_RxCallBack
 .text.SIM800_SendCommand
                0x08006448       0x40 build/MQTTSim800.o
                0x08006448                SIM800_SendCommand
 .text.SIM800_SendMQTT
                0x08006488       0x38 build/MQTTSim800.o
                0x08006488                SIM800_SendMQTT
 .text.MQTT_Connect
                0x080064c0      0x104 build/MQTTSim800.o
                0x080064c0                MQTT_Connect
 .text.MQTT_Init
                0x080065c4      0x13c build/MQTTSim800.o
                0x080065c4                MQTT_Init
 .text.MQTT_Pub
                0x08006700       0x8c build/MQTTSim800.o
                0x08006700                MQTT_Pub
 .text.MPU6050_Init
                0x0800678c       0xa0 build/mpu6050.o
                0x0800678c                MPU6050_Init
 .text.MPU6050_Read_Accel
                0x0800682c       0x88 build/mpu6050.o
                0x0800682c                MPU6050_Read_Accel
 .text.Reset_Handler
                0x080068b4       0x48 build/startup_stm32f103xb.o
                0x080068b4                Reset_Handler
 .text.Default_Handler
                0x080068fc        0x2 build/startup_stm32f103xb.o
                0x080068fc                RTC_Alarm_IRQHandler
                0x080068fc                EXTI2_IRQHandler
                0x080068fc                TIM1_CC_IRQHandler
                0x080068fc                PVD_IRQHandler
                0x080068fc                EXTI3_IRQHandler
                0x080068fc                EXTI0_IRQHandler
                0x080068fc                I2C2_EV_IRQHandler
                0x080068fc                ADC1_2_IRQHandler
                0x080068fc                SPI1_IRQHandler
                0x080068fc                TAMPER_IRQHandler
                0x080068fc                DMA1_Channel4_IRQHandler
                0x080068fc                RTC_IRQHandler
                0x080068fc                DMA1_Channel7_IRQHandler
                0x080068fc                CAN1_RX1_IRQHandler
                0x080068fc                TIM4_IRQHandler
                0x080068fc                DMA1_Channel6_IRQHandler
                0x080068fc                TIM3_IRQHandler
                0x080068fc                RCC_IRQHandler
                0x080068fc                TIM1_TRG_COM_IRQHandler
                0x080068fc                DMA1_Channel1_IRQHandler
                0x080068fc                Default_Handler
                0x080068fc                EXTI15_10_IRQHandler
                0x080068fc                EXTI9_5_IRQHandler
                0x080068fc                SPI2_IRQHandler
                0x080068fc                DMA1_Channel5_IRQHandler
                0x080068fc                EXTI4_IRQHandler
                0x080068fc                USB_LP_CAN1_RX0_IRQHandler
                0x080068fc                USB_HP_CAN1_TX_IRQHandler
                0x080068fc                DMA1_Channel3_IRQHandler
                0x080068fc                WWDG_IRQHandler
                0x080068fc                TIM2_IRQHandler
                0x080068fc                TIM1_BRK_IRQHandler
                0x080068fc                EXTI1_IRQHandler
                0x080068fc                USART2_IRQHandler
                0x080068fc                I2C2_ER_IRQHandler
                0x080068fc                DMA1_Channel2_IRQHandler
                0x080068fc                CAN1_SCE_IRQHandler
                0x080068fc                FLASH_IRQHandler
                0x080068fc                I2C1_ER_IRQHandler
                0x080068fc                USBWakeUp_IRQHandler
 *fill*         0x080068fe        0x2 
 .text.__libc_init_array
                0x08006900       0x48 d:/tools/gcc-arm-none-eabi-10.3-2021.07/bin/../lib/gcc/arm-none-eabi/10.3.1/../../../../arm-none-eabi/lib/thumb/v7-m/nofp\libc_nano.a(lib_a-init.o)
                0x08006900                __libc_init_array
 .text.memcpy   0x08006948       0x1c d:/tools/gcc-arm-none-eabi-10.3-2021.07/bin/../lib/gcc/arm-none-eabi/10.3.1/../../../../arm-none-eabi/lib/thumb/v7-m/nofp\libc_nano.a(lib_a-memcpy-stub.o)
                0x08006948                memcpy
 .text.memset   0x08006964       0x10 d:/tools/gcc-arm-none-eabi-10.3-2021.07/bin/../lib/gcc/arm-none-eabi/10.3.1/../../../../arm-none-eabi/lib/thumb/v7-m/nofp\libc_nano.a(lib_a-memset.o)
                0x08006964                memset
 .text.snprintf
                0x08006974       0x68 d:/tools/gcc-arm-none-eabi-10.3-2021.07/bin/../lib/gcc/arm-none-eabi/10.3.1/../../../../arm-none-eabi/lib/thumb/v7-m/nofp\libc_nano.a(lib_a-snprintf.o)
                0x08006974                sniprintf
                0x08006974                snprintf
 .text.strstr   0x080069dc       0x2c d:/tools/gcc-arm-none-eabi-10.3-2021.07/bin/../lib/gcc/arm-none-eabi/10.3.1/../../../../arm-none-eabi/lib/thumb/v7-m/nofp\libc_nano.a(lib_a-strstr.o)
                0x080069dc                strstr
 .text.__ssputs_r
                0x08006a08       0xb6 d:/tools/gcc-arm-none-eabi-10.3-2021.07/bin/../lib/gcc/arm-none-eabi/10.3.1/../../../../arm-none-eabi/lib/thumb/v7-m/nofp\libc_nano.a(lib_a-nano-svfprintf.o)
                0x08006a08                __ssputs_r
 *fill*         0x08006abe        0x2 
 .text._svfprintf_r
                0x08006ac0      0x200 d:/tools/gcc-arm-none-eabi-10.3-2021.07/bin/../lib/gcc/arm-none-eabi/10.3.1/../../../../arm-none-eabi/lib/thumb/v7-m/nofp\libc_nano.a(lib_a-nano-svfprintf.o)
                0x08006ac0                _svfiprintf_r
                0x08006ac0                _svfprintf_r
 .text._printf_common
                0x08006cc0       0xde d:/tools/gcc-arm-none-eabi-10.3-2021.07/bin/../lib/gcc/arm-none-eabi/10.3.1/../../../../arm-none-eabi/lib/thumb/v7-m/nofp\libc_nano.a(lib_a-nano-vfprintf_i.o)
                0x08006cc0                _printf_common
 *fill*         0x08006d9e        0x2 
 .text._printf_i
                0x08006da0      0x24c d:/tools/gcc-arm-none-eabi-10.3-2021.07/bin/../lib/gcc/arm-none-eabi/10.3.1/../../../../arm-none-eabi/lib/thumb/v7-m/nofp\libc_nano.a(lib_a-nano-vfprintf_i.o)
                0x08006da0                _printf_i
 .text.memchr   0x08006fec       0x1c d:/tools/gcc-arm-none-eabi-10.3-2021.07/bin/../lib/gcc/arm-none-eabi/10.3.1/../../../../arm-none-eabi/lib/thumb/v7-m/nofp\libc_nano.a(lib_a-memchr-stub.o)
                0x08006fec                memchr
 .text.memmove  0x08007008       0x34 d:/tools/gcc-arm-none-eabi-10.3-2021.07/bin/../lib/gcc/arm-none-eabi/10.3.1/../../../../arm-none-eabi/lib/thumb/v7-m/nofp\libc_nano.a(lib_a-memmove.o)
                0x08007008                memmove
 .text._free_r  0x0800703c       0x90 d:/tools/gcc-arm-none-eabi-10.3-2021.07/bin/../lib/gcc/arm-none-eabi/10.3.1/../../../../arm-none-eabi/lib/thumb/v7-m/nofp\libc_nano.a(lib_a-nano-freer.o)
                0x0800703c                _free_r
 .text.sbrk_aligned
                0x080070cc       0x40 d:/tools/gcc-arm-none-eabi-10.3-2021.07/bin/../lib/gcc/arm-none-eabi/10.3.1/../../../../arm-none-eabi/lib/thumb/v7-m/nofp\libc_nano.a(lib_a-nano-mallocr.o)
 .text._malloc_r
                0x0800710c       0xe8 d:/tools/gcc-arm-none-eabi-10.3-2021.07/bin/../lib/gcc/arm-none-eabi/10.3.1/../../../../arm-none-eabi/lib/thumb/v7-m/nofp\libc_nano.a(lib_a-nano-mallocr.o)
                0x0800710c                _malloc_r
 .text._realloc_r
                0x080071f4       0x5e d:/tools/gcc-arm-none-eabi-10.3-2021.07/bin/../lib/gcc/arm-none-eabi/10.3.1/../../../../arm-none-eabi/lib/thumb/v7-m/nofp\libc_nano.a(lib_a-nano-reallocr.o)
                0x080071f4                _realloc_r
 *fill*         0x08007252        0x2 
 .text._sbrk_r  0x08007254       0x20 d:/tools/gcc-arm-none-eabi-10.3-2021.07/bin/../lib/gcc/arm-none-eabi/10.3.1/../../../../arm-none-eabi/lib/thumb/v7-m/nofp\libc_nano.a(lib_a-sbrkr.o)
                0x08007254                _sbrk_r
 .text.__malloc_lock
                0x08007274        0xc d:/tools/gcc-arm-none-eabi-10.3-2021.07/bin/../lib/gcc/arm-none-eabi/10.3.1/../../../../arm-none-eabi/lib/thumb/v7-m/nofp\libc_nano.a(lib_a-mlock.o)
                0x08007274                __malloc_lock
 .text.__malloc_unlock
                0x08007280        0xc d:/tools/gcc-arm-none-eabi-10.3-2021.07/bin/../lib/gcc/arm-none-eabi/10.3.1/../../../../arm-none-eabi/lib/thumb/v7-m/nofp\libc_nano.a(lib_a-mlock.o)
                0x08007280                __malloc_unlock
 .text._malloc_usable_size_r
                0x0800728c       0x10 d:/tools/gcc-arm-none-eabi-10.3-2021.07/bin/../lib/gcc/arm-none-eabi/10.3.1/../../../../arm-none-eabi/lib/thumb/v7-m/nofp\libc_nano.a(lib_a-nano-msizer.o)
                0x0800728c                _malloc_usable_size_r
 .text.__retarget_lock_acquire_recursive
                0x0800729c        0x2 d:/tools/gcc-arm-none-eabi-10.3-2021.07/bin/../lib/gcc/arm-none-eabi/10.3.1/../../../../arm-none-eabi/lib/thumb/v7-m/nofp\libc_nano.a(lib_a-lock.o)
                0x0800729c                __retarget_lock_acquire_recursive
 .text.__retarget_lock_release_recursive
                0x0800729e        0x2 d:/tools/gcc-arm-none-eabi-10.3-2021.07/bin/../lib/gcc/arm-none-eabi/10.3.1/../../../../arm-none-eabi/lib/thumb/v7-m/nofp\libc_nano.a(lib_a-lock.o)
                0x0800729e                __retarget_lock_release_recursive
 .text.sqrt     0x080072a0       0x50 d:/tools/gcc-arm-none-eabi-10.3-2021.07/bin/../lib/gcc/arm-none-eabi/10.3.1/../../../../arm-none-eabi/lib/thumb/v7-m/nofp\libm.a(lib_a-w_sqrt.o)
                0x080072a0                sqrt
 .text.__ieee754_sqrt
                0x080072f0      0x18c d:/tools/gcc-arm-none-eabi-10.3-2021.07/bin/../lib/gcc/arm-none-eabi/10.3.1/../../../../arm-none-eabi/lib/thumb/v7-m/nofp\libm.a(lib_a-e_sqrt.o)
                0x080072f0                __ieee754_sqrt
 .text._sbrk    0x0800747c       0x1c d:/tools/gcc-arm-none-eabi-10.3-2021.07/bin/../lib/gcc/arm-none-eabi/10.3.1/../../../../arm-none-eabi/lib/thumb/v7-m/nofp\libnosys.a(sbrk.o)
                0x0800747c                _sbrk
 .text.__errno  0x08007498        0xc d:/tools/gcc-arm-none-eabi-10.3-2021.07/bin/../lib/gcc/arm-none-eabi/10.3.1/../../../../arm-none-eabi/lib/thumb/v7-m/nofp\libc_nano.a(lib_a-errno.o)
                0x08007498                __errno
 *(.glue_7)
 .glue_7        0x080074a4        0x0 linker stubs
 *(.glue_7t)
 .glue_7t       0x080074a4        0x0 linker stubs
 *(.eh_frame)
 .eh_frame      0x080074a4        0x0 d:/tools/gcc-arm-none-eabi-10.3-2021.07/bin/../lib/gcc/arm-none-eabi/10.3.1/thumb/v7-m/nofp/crtbegin.o
 *(.init)
 .init          0x080074a4        0x4 d:/tools/gcc-arm-none-eabi-10.3-2021.07/bin/../lib/gcc/arm-none-eabi/10.3.1/thumb/v7-m/nofp/crti.o
                0x080074a4                _init
 .init          0x080074a8        0x8 d:/tools/gcc-arm-none-eabi-10.3-2021.07/bin/../lib/gcc/arm-none-eabi/10.3.1/thumb/v7-m/nofp/crtn.o
 *(.fini)
 .fini          0x080074b0        0x4 d:/tools/gcc-arm-none-eabi-10.3-2021.07/bin/../lib/gcc/arm-none-eabi/10.3.1/thumb/v7-m/nofp/crti.o
                0x080074b0                _fini
 .fini          0x080074b4        0x8 d:/tools/gcc-arm-none-eabi-10.3-2021.07/bin/../lib/gcc/arm-none-eabi/10.3.1/thumb/v7-m/nofp/crtn.o
                0x080074bc                . = ALIGN (0x4)
                0x080074bc                _etext = .

.vfp11_veneer   0x080074bc        0x0
 .vfp11_veneer  0x080074bc        0x0 linker stubs

.v4_bx          0x080074bc        0x0
 .v4_bx         0x080074bc        0x0 linker stubs

.iplt           0x080074bc        0x0
 .iplt          0x080074bc        0x0 d:/tools/gcc-arm-none-eabi-10.3-2021.07/bin/../lib/gcc/arm-none-eabi/10.3.1/thumb/v7-m/nofp/crtbegin.o

.rodata         0x080074bc      0x334
                0x080074bc                . = ALIGN (0x4)
 *(.rodata)
 .rodata        0x080074bc       0x58 build/MQTTSim800.o
 *(.rodata*)
 .rodata.HAL_RCC_GetSysClockFreq.str1.4
                0x08007514       0x11 build/stm32f1xx_hal_rcc.o
 *fill*         0x08007525        0x3 
 .rodata.AHBPrescTable
                0x08007528       0x10 build/system_stm32f1xx.o
                0x08007528                AHBPrescTable
 .rodata.APBPrescTable
                0x08007538        0x8 build/system_stm32f1xx.o
                0x08007538                APBPrescTable
 .rodata.MQTT_Task.str1.4
                0x08007540      0x106 build/freertos.o
                                0x10e (size before relaxing)
 *fill*         0x08007646        0x2 
 .rodata.str1.4
                0x08007648       0x19 build/freertos.o
 *fill*         0x08007661        0x3 
 .rodata.MQTT_attributes
                0x08007664       0x24 build/freertos.o
                0x08007664                MQTT_attributes
 .rodata.SENSORs_attributes
                0x08007688       0x24 build/freertos.o
                0x08007688                SENSORs_attributes
 .rodata.SecTimer_attributes
                0x080076ac       0x10 build/freertos.o
                0x080076ac                SecTimer_attributes
 .rodata.vTaskStartScheduler.str1.4
                0x080076bc        0x5 build/tasks.o
 *fill*         0x080076c1        0x3 
 .rodata.prvCheckForValidListAndQueue.str1.4
                0x080076c4        0x5 build/timers.o
 *fill*         0x080076c9        0x3 
 .rodata.xTimerCreateTimerTask.str1.4
                0x080076cc        0x8 build/timers.o
 .rodata.MQTTSerialize_connect.str1.4
                0x080076d4        0x7 build/MQTTConnectClient.o
                                  0xf (size before relaxing)
 *fill*         0x080076db        0x1 
 .rodata.Sim800_RxCallBack.str1.4
                0x080076dc       0x42 build/MQTTSim800.o
                                 0x46 (size before relaxing)
 *fill*         0x0800771e        0x2 
 .rodata.MQTT_Connect.str1.4
                0x08007720       0x2d build/MQTTSim800.o
                                 0x39 (size before relaxing)
 *fill*         0x0800774d        0x3 
 .rodata.MQTT_Init.str1.4
                0x08007750       0x6b build/MQTTSim800.o
                                 0x77 (size before relaxing)
 .rodata._svfprintf_r.str1.1
                0x080077bb       0x11 d:/tools/gcc-arm-none-eabi-10.3-2021.07/bin/../lib/gcc/arm-none-eabi/10.3.1/../../../../arm-none-eabi/lib/thumb/v7-m/nofp\libc_nano.a(lib_a-nano-svfprintf.o)
 .rodata._printf_i.str1.1
                0x080077cc       0x22 d:/tools/gcc-arm-none-eabi-10.3-2021.07/bin/../lib/gcc/arm-none-eabi/10.3.1/../../../../arm-none-eabi/lib/thumb/v7-m/nofp\libc_nano.a(lib_a-nano-vfprintf_i.o)
                0x080077f0                . = ALIGN (0x4)
 *fill*         0x080077ee        0x2 

.rel.dyn        0x080077f0        0x0
 .rel.iplt      0x080077f0        0x0 d:/tools/gcc-arm-none-eabi-10.3-2021.07/bin/../lib/gcc/arm-none-eabi/10.3.1/thumb/v7-m/nofp/crtbegin.o

.ARM.extab
 *(.ARM.extab* .gnu.linkonce.armextab.*)

.ARM            0x080077f0        0x0
                0x080077f0                __exidx_start = .
 *(.ARM.exidx*)
                0x080077f0                __exidx_end = .

.preinit_array  0x080077f0        0x0
                0x080077f0                PROVIDE (__preinit_array_start = .)
 *(.preinit_array*)
                0x080077f0                PROVIDE (__preinit_array_end = .)

.init_array     0x080077f0        0x4
                0x080077f0                PROVIDE (__init_array_start = .)
 *(SORT_BY_NAME(.init_array.*))
 *(.init_array*)
 .init_array    0x080077f0        0x4 d:/tools/gcc-arm-none-eabi-10.3-2021.07/bin/../lib/gcc/arm-none-eabi/10.3.1/thumb/v7-m/nofp/crtbegin.o
                0x080077f4                PROVIDE (__init_array_end = .)

.fini_array     0x080077f4        0x4
                [!provide]                PROVIDE (__fini_array_start = .)
 *(SORT_BY_NAME(.fini_array.*))
 *(.fini_array*)
 .fini_array    0x080077f4        0x4 d:/tools/gcc-arm-none-eabi-10.3-2021.07/bin/../lib/gcc/arm-none-eabi/10.3.1/thumb/v7-m/nofp/crtbegin.o
                [!provide]                PROVIDE (__fini_array_end = .)
                0x080077f8                _sidata = LOADADDR (.data)

.data           0x20000000      0x100 load address 0x080077f8
                0x20000000                . = ALIGN (0x4)
                0x20000000                _sdata = .
 *(.data)
 *(.data*)
 .data.uwTickFreq
                0x20000000        0x1 build/stm32f1xx_hal.o
                0x20000000                uwTickFreq
 *fill*         0x20000001        0x3 
 .data.uwTickPrio
                0x20000004        0x4 build/stm32f1xx_hal.o
                0x20000004                uwTickPrio
 .data.SystemCoreClock
                0x20000008        0x4 build/system_stm32f1xx.o
                0x20000008                SystemCoreClock
 .data.Loc      0x2000000c       0x19 build/freertos.o
                0x2000000c                Loc
 *fill*         0x20000025        0x3 
 .data.SMSStrg  0x20000028       0x6e build/freertos.o
                0x20000028                SMSStrg
 *fill*         0x20000096        0x2 
 .data.uxCriticalNesting
                0x20000098        0x4 build/port.o
 .data._impure_ptr
                0x2000009c        0x4 d:/tools/gcc-arm-none-eabi-10.3-2021.07/bin/../lib/gcc/arm-none-eabi/10.3.1/../../../../arm-none-eabi/lib/thumb/v7-m/nofp\libc_nano.a(lib_a-impure.o)
                0x2000009c                _impure_ptr
 .data.impure_data
                0x200000a0       0x60 d:/tools/gcc-arm-none-eabi-10.3-2021.07/bin/../lib/gcc/arm-none-eabi/10.3.1/../../../../arm-none-eabi/lib/thumb/v7-m/nofp\libc_nano.a(lib_a-impure.o)
                0x20000100                . = ALIGN (0x4)
                0x20000100                _edata = .

.igot.plt       0x20000100        0x0 load address 0x080078f8
 .igot.plt      0x20000100        0x0 d:/tools/gcc-arm-none-eabi-10.3-2021.07/bin/../lib/gcc/arm-none-eabi/10.3.1/thumb/v7-m/nofp/crtbegin.o
                0x20000100                . = ALIGN (0x4)

.bss            0x20000100     0x1cc8 load address 0x080078f8
                0x20000100                _sbss = .
                0x20000100                __bss_start__ = _sbss
 *(.bss)
 .bss           0x20000100       0x1c d:/tools/gcc-arm-none-eabi-10.3-2021.07/bin/../lib/gcc/arm-none-eabi/10.3.1/thumb/v7-m/nofp/crtbegin.o
 *(.bss*)
 .bss.SIM800    0x2000011c       0xb8 build/main.o
                0x2000011c                SIM800
 .bss.hi2c1     0x200001d4       0x54 build/i2c.o
                0x200001d4                hi2c1
 .bss.huart1    0x20000228       0x44 build/usart.o
                0x20000228                huart1
 .bss.huart3    0x2000026c       0x44 build/usart.o
                0x2000026c                huart3
 .bss.uwTick    0x200002b0        0x4 build/stm32f1xx_hal.o
                0x200002b0                uwTick
 *fill*         0x200002b4        0x4 
 .bss.MPU6050   0x200002b8       0x58 build/freertos.o
                0x200002b8                MPU6050
 .bss.MQTTHandle
                0x20000310        0x4 build/freertos.o
                0x20000310                MQTTHandle
 .bss.SENSORsHandle
                0x20000314        0x4 build/freertos.o
                0x20000314                SENSORsHandle
 .bss.SecTimerHandle
                0x20000318        0x4 build/freertos.o
                0x20000318                SecTimerHandle
 .bss.gGravity  0x2000031c        0x4 build/freertos.o
                0x2000031c                gGravity
 .bss.is_MPU_OK
                0x20000320        0x1 build/freertos.o
                0x20000320                is_MPU_OK
 .bss.is_fall   0x20000321        0x1 build/freertos.o
                0x20000321                is_fall
 *fill*         0x20000322        0x2 
 .bss.hiwdg     0x20000324        0xc build/iwdg.o
                0x20000324                hiwdg
 .bss.htim1     0x20000330       0x48 build/stm32f1xx_hal_timebase_tim.o
                0x20000330                htim1
 .bss.xQueueRegistry
                0x20000378       0x40 build/queue.o
                0x20000378                xQueueRegistry
 .bss.pxCurrentTCB
                0x200003b8        0x4 build/tasks.o
                0x200003b8                pxCurrentTCB
 .bss.pxDelayedTaskList
                0x200003bc        0x4 build/tasks.o
 .bss.pxOverflowDelayedTaskList
                0x200003c0        0x4 build/tasks.o
 .bss.pxReadyTasksLists
                0x200003c4      0x460 build/tasks.o
 .bss.uxCurrentNumberOfTasks
                0x20000824        0x4 build/tasks.o
 .bss.uxDeletedTasksWaitingCleanUp
                0x20000828        0x4 build/tasks.o
 .bss.uxPendedTicks
                0x2000082c        0x4 build/tasks.o
 .bss.uxSchedulerSuspended
                0x20000830        0x4 build/tasks.o
 .bss.uxTaskNumber
                0x20000834        0x4 build/tasks.o
 .bss.uxTopReadyPriority
                0x20000838        0x4 build/tasks.o
 .bss.xDelayedTaskList1
                0x2000083c       0x14 build/tasks.o
 .bss.xDelayedTaskList2
                0x20000850       0x14 build/tasks.o
 .bss.xIdleTaskHandle
                0x20000864        0x4 build/tasks.o
 .bss.xNextTaskUnblockTime
                0x20000868        0x4 build/tasks.o
 .bss.xNumOfOverflows
                0x2000086c        0x4 build/tasks.o
 .bss.xPendingReadyList
                0x20000870       0x14 build/tasks.o
 .bss.xSchedulerRunning
                0x20000884        0x4 build/tasks.o
 .bss.xSuspendedTaskList
                0x20000888       0x14 build/tasks.o
 .bss.xTasksWaitingTermination
                0x2000089c       0x14 build/tasks.o
 .bss.xTickCount
                0x200008b0        0x4 build/tasks.o
 .bss.xYieldPending
                0x200008b4        0x4 build/tasks.o
 .bss.pxCurrentTimerList
                0x200008b8        0x4 build/timers.o
 .bss.pxOverflowTimerList
                0x200008bc        0x4 build/timers.o
 .bss.ucStaticTimerQueueStorage.1
                0x200008c0       0xa0 build/timers.o
 .bss.xActiveTimerList1
                0x20000960       0x14 build/timers.o
 .bss.xActiveTimerList2
                0x20000974       0x14 build/timers.o
 .bss.xLastTime.2
                0x20000988        0x4 build/timers.o
 .bss.xStaticTimerQueue.0
                0x2000098c       0x50 build/timers.o
 .bss.xTimerQueue
                0x200009dc        0x4 build/timers.o
 .bss.xTimerTaskHandle
                0x200009e0        0x4 build/timers.o
 .bss.Idle_Stack
                0x200009e4      0x190 build/cmsis_os2.o
 .bss.Idle_TCB  0x20000b74       0xb0 build/cmsis_os2.o
 .bss.KernelState
                0x20000c24        0x4 build/cmsis_os2.o
 .bss.Timer_Stack
                0x20000c28      0x320 build/cmsis_os2.o
 .bss.Timer_TCB
                0x20000f48       0xb0 build/cmsis_os2.o
 .bss.pxEnd     0x20000ff8        0x4 build/heap_4.o
 .bss.ucHeap    0x20000ffc      0xc00 build/heap_4.o
 .bss.xBlockAllocatedBit
                0x20001bfc        0x4 build/heap_4.o
 .bss.xFreeBytesRemaining
                0x20001c00        0x4 build/heap_4.o
 .bss.xMinimumEverFreeBytesRemaining
                0x20001c04        0x4 build/heap_4.o
 .bss.xStart    0x20001c08        0x8 build/heap_4.o
 .bss.ucMaxSysCallPriority
                0x20001c10        0x1 build/port.o
 *fill*         0x20001c11        0x3 
 .bss.ulMaxPRIGROUPValue
                0x20001c14        0x4 build/port.o
 .bss.SIM800_Status
                0x20001c18        0x3 build/MQTTSim800.o
                0x20001c18                SIM800_Status
 *fill*         0x20001c1b        0x1 
 .bss.mqtt_buffer
                0x20001c1c       0xc8 build/MQTTSim800.o
                0x20001c1c                mqtt_buffer
 .bss.mqtt_index
                0x20001ce4        0x2 build/MQTTSim800.o
                0x20001ce4                mqtt_index
 .bss.mqtt_receive
                0x20001ce6        0x1 build/MQTTSim800.o
                0x20001ce6                mqtt_receive
 *fill*         0x20001ce7        0x1 
 .bss.rx_buffer
                0x20001ce8       0xc8 build/MQTTSim800.o
                0x20001ce8                rx_buffer
 .bss.rx_data   0x20001db0        0x1 build/MQTTSim800.o
                0x20001db0                rx_data
 *fill*         0x20001db1        0x1 
 .bss.rx_index  0x20001db2        0x2 build/MQTTSim800.o
                0x20001db2                rx_index
 .bss.__malloc_free_list
                0x20001db4        0x4 d:/tools/gcc-arm-none-eabi-10.3-2021.07/bin/../lib/gcc/arm-none-eabi/10.3.1/../../../../arm-none-eabi/lib/thumb/v7-m/nofp\libc_nano.a(lib_a-nano-mallocr.o)
                0x20001db4                __malloc_free_list
 .bss.__malloc_sbrk_start
                0x20001db8        0x4 d:/tools/gcc-arm-none-eabi-10.3-2021.07/bin/../lib/gcc/arm-none-eabi/10.3.1/../../../../arm-none-eabi/lib/thumb/v7-m/nofp\libc_nano.a(lib_a-nano-mallocr.o)
                0x20001db8                __malloc_sbrk_start
 .bss.errno     0x20001dbc        0x4 d:/tools/gcc-arm-none-eabi-10.3-2021.07/bin/../lib/gcc/arm-none-eabi/10.3.1/../../../../arm-none-eabi/lib/thumb/v7-m/nofp\libc_nano.a(lib_a-reent.o)
                0x20001dbc                errno
 .bss.__lock___malloc_recursive_mutex
                0x20001dc0        0x1 d:/tools/gcc-arm-none-eabi-10.3-2021.07/bin/../lib/gcc/arm-none-eabi/10.3.1/../../../../arm-none-eabi/lib/thumb/v7-m/nofp\libc_nano.a(lib_a-lock.o)
                0x20001dc0                __lock___malloc_recursive_mutex
 *fill*         0x20001dc1        0x3 
 .bss.heap_end.0
                0x20001dc4        0x4 d:/tools/gcc-arm-none-eabi-10.3-2021.07/bin/../lib/gcc/arm-none-eabi/10.3.1/../../../../arm-none-eabi/lib/thumb/v7-m/nofp\libnosys.a(sbrk.o)
 *(COMMON)
                0x20001dc8                . = ALIGN (0x4)
                0x20001dc8                _ebss = .
                0x20001dc8                __bss_end__ = _ebss

._user_heap_stack
                0x20001dc8      0x600 load address 0x080078f8
                0x20001dc8                . = ALIGN (0x8)
                0x20001dc8                PROVIDE (end = .)
                [!provide]                PROVIDE (_end = .)
                0x20001fc8                . = (. + _Min_Heap_Size)
 *fill*         0x20001dc8      0x200 
                0x200023c8                . = (. + _Min_Stack_Size)
 *fill*         0x20001fc8      0x400 
                0x200023c8                . = ALIGN (0x8)

/DISCARD/
 libc.a(*)
 libm.a(*)
 libgcc.a(*)

.ARM.attributes
                0x00000000       0x29
 *(.ARM.attributes)
 .ARM.attributes
                0x00000000       0x1d d:/tools/gcc-arm-none-eabi-10.3-2021.07/bin/../lib/gcc/arm-none-eabi/10.3.1/thumb/v7-m/nofp/crti.o
 .ARM.attributes
                0x0000001d       0x2d d:/tools/gcc-arm-none-eabi-10.3-2021.07/bin/../lib/gcc/arm-none-eabi/10.3.1/thumb/v7-m/nofp/crtbegin.o
 .ARM.attributes
                0x0000004a       0x2d build/main.o
 .ARM.attributes
                0x00000077       0x2d build/gpio.o
 .ARM.attributes
                0x000000a4       0x2d build/i2c.o
 .ARM.attributes
                0x000000d1       0x2d build/usart.o
 .ARM.attributes
                0x000000fe       0x2d build/stm32f1xx_it.o
 .ARM.attributes
                0x0000012b       0x2d build/stm32f1xx_hal_msp.o
 .ARM.attributes
                0x00000158       0x2d build/stm32f1xx_hal_i2c.o
 .ARM.attributes
                0x00000185       0x2d build/stm32f1xx_hal.o
 .ARM.attributes
                0x000001b2       0x2d build/stm32f1xx_hal_rcc.o
 .ARM.attributes
                0x000001df       0x2d build/stm32f1xx_hal_gpio.o
 .ARM.attributes
                0x0000020c       0x2d build/stm32f1xx_hal_dma.o
 .ARM.attributes
                0x00000239       0x2d build/stm32f1xx_hal_cortex.o
 .ARM.attributes
                0x00000266       0x2d build/stm32f1xx_hal_tim.o
 .ARM.attributes
                0x00000293       0x2d build/stm32f1xx_hal_tim_ex.o
 .ARM.attributes
                0x000002c0       0x2d build/stm32f1xx_hal_uart.o
 .ARM.attributes
                0x000002ed       0x2d build/system_stm32f1xx.o
 .ARM.attributes
                0x0000031a       0x2d build/freertos.o
 .ARM.attributes
                0x00000347       0x2d build/iwdg.o
 .ARM.attributes
                0x00000374       0x2d build/stm32f1xx_hal_timebase_tim.o
 .ARM.attributes
                0x000003a1       0x2d build/stm32f1xx_hal_iwdg.o
 .ARM.attributes
                0x000003ce       0x2d build/list.o
 .ARM.attributes
                0x000003fb       0x2d build/queue.o
 .ARM.attributes
                0x00000428       0x2d build/tasks.o
 .ARM.attributes
                0x00000455       0x2d build/timers.o
 .ARM.attributes
                0x00000482       0x2d build/cmsis_os2.o
 .ARM.attributes
                0x000004af       0x2d build/heap_4.o
 .ARM.attributes
                0x000004dc       0x2d build/port.o
 .ARM.attributes
                0x00000509       0x2d build/MQTTConnectClient.o
 .ARM.attributes
                0x00000536       0x2d build/MQTTPacket.o
 .ARM.attributes
                0x00000563       0x2d build/MQTTSerializePublish.o
 .ARM.attributes
                0x00000590       0x2d build/MQTTSim800.o
 .ARM.attributes
                0x000005bd       0x2d build/mpu6050.o
 .ARM.attributes
                0x000005ea       0x21 build/startup_stm32f103xb.o
 .ARM.attributes
                0x0000060b       0x2d d:/tools/gcc-arm-none-eabi-10.3-2021.07/bin/../lib/gcc/arm-none-eabi/10.3.1/../../../../arm-none-eabi/lib/thumb/v7-m/nofp\libc_nano.a(lib_a-impure.o)
 .ARM.attributes
                0x00000638       0x2d d:/tools/gcc-arm-none-eabi-10.3-2021.07/bin/../lib/gcc/arm-none-eabi/10.3.1/../../../../arm-none-eabi/lib/thumb/v7-m/nofp\libc_nano.a(lib_a-init.o)
 .ARM.attributes
                0x00000665       0x2d d:/tools/gcc-arm-none-eabi-10.3-2021.07/bin/../lib/gcc/arm-none-eabi/10.3.1/../../../../arm-none-eabi/lib/thumb/v7-m/nofp\libc_nano.a(lib_a-memcpy-stub.o)
 .ARM.attributes
                0x00000692       0x2d d:/tools/gcc-arm-none-eabi-10.3-2021.07/bin/../lib/gcc/arm-none-eabi/10.3.1/../../../../arm-none-eabi/lib/thumb/v7-m/nofp\libc_nano.a(lib_a-memset.o)
 .ARM.attributes
                0x000006bf       0x2d d:/tools/gcc-arm-none-eabi-10.3-2021.07/bin/../lib/gcc/arm-none-eabi/10.3.1/../../../../arm-none-eabi/lib/thumb/v7-m/nofp\libc_nano.a(lib_a-snprintf.o)
 .ARM.attributes
                0x000006ec       0x17 d:/tools/gcc-arm-none-eabi-10.3-2021.07/bin/../lib/gcc/arm-none-eabi/10.3.1/../../../../arm-none-eabi/lib/thumb/v7-m/nofp\libc_nano.a(lib_a-strlen.o)
 .ARM.attributes
                0x00000703       0x2d d:/tools/gcc-arm-none-eabi-10.3-2021.07/bin/../lib/gcc/arm-none-eabi/10.3.1/../../../../arm-none-eabi/lib/thumb/v7-m/nofp\libc_nano.a(lib_a-strstr.o)
 .ARM.attributes
                0x00000730       0x2d d:/tools/gcc-arm-none-eabi-10.3-2021.07/bin/../lib/gcc/arm-none-eabi/10.3.1/../../../../arm-none-eabi/lib/thumb/v7-m/nofp\libc_nano.a(lib_a-nano-svfprintf.o)
 .ARM.attributes
                0x0000075d       0x2d d:/tools/gcc-arm-none-eabi-10.3-2021.07/bin/../lib/gcc/arm-none-eabi/10.3.1/../../../../arm-none-eabi/lib/thumb/v7-m/nofp\libc_nano.a(lib_a-nano-vfprintf_i.o)
 .ARM.attributes
                0x0000078a       0x2d d:/tools/gcc-arm-none-eabi-10.3-2021.07/bin/../lib/gcc/arm-none-eabi/10.3.1/../../../../arm-none-eabi/lib/thumb/v7-m/nofp\libc_nano.a(lib_a-memchr-stub.o)
 .ARM.attributes
                0x000007b7       0x2d d:/tools/gcc-arm-none-eabi-10.3-2021.07/bin/../lib/gcc/arm-none-eabi/10.3.1/../../../../arm-none-eabi/lib/thumb/v7-m/nofp\libc_nano.a(lib_a-memmove.o)
 .ARM.attributes
                0x000007e4       0x2d d:/tools/gcc-arm-none-eabi-10.3-2021.07/bin/../lib/gcc/arm-none-eabi/10.3.1/../../../../arm-none-eabi/lib/thumb/v7-m/nofp\libc_nano.a(lib_a-nano-freer.o)
 .ARM.attributes
                0x00000811       0x2d d:/tools/gcc-arm-none-eabi-10.3-2021.07/bin/../lib/gcc/arm-none-eabi/10.3.1/../../../../arm-none-eabi/lib/thumb/v7-m/nofp\libc_nano.a(lib_a-nano-mallocr.o)
 .ARM.attributes
                0x0000083e       0x2d d:/tools/gcc-arm-none-eabi-10.3-2021.07/bin/../lib/gcc/arm-none-eabi/10.3.1/../../../../arm-none-eabi/lib/thumb/v7-m/nofp\libc_nano.a(lib_a-nano-reallocr.o)
 .ARM.attributes
                0x0000086b       0x2d d:/tools/gcc-arm-none-eabi-10.3-2021.07/bin/../lib/gcc/arm-none-eabi/10.3.1/../../../../arm-none-eabi/lib/thumb/v7-m/nofp\libc_nano.a(lib_a-sbrkr.o)
 .ARM.attributes
                0x00000898       0x2d d:/tools/gcc-arm-none-eabi-10.3-2021.07/bin/../lib/gcc/arm-none-eabi/10.3.1/../../../../arm-none-eabi/lib/thumb/v7-m/nofp\libc_nano.a(lib_a-mlock.o)
 .ARM.attributes
                0x000008c5       0x2d d:/tools/gcc-arm-none-eabi-10.3-2021.07/bin/../lib/gcc/arm-none-eabi/10.3.1/../../../../arm-none-eabi/lib/thumb/v7-m/nofp\libc_nano.a(lib_a-nano-msizer.o)
 .ARM.attributes
                0x000008f2       0x2d d:/tools/gcc-arm-none-eabi-10.3-2021.07/bin/../lib/gcc/arm-none-eabi/10.3.1/../../../../arm-none-eabi/lib/thumb/v7-m/nofp\libc_nano.a(lib_a-reent.o)
 .ARM.attributes
                0x0000091f       0x2d d:/tools/gcc-arm-none-eabi-10.3-2021.07/bin/../lib/gcc/arm-none-eabi/10.3.1/../../../../arm-none-eabi/lib/thumb/v7-m/nofp\libc_nano.a(lib_a-lock.o)
 .ARM.attributes
                0x0000094c       0x2d d:/tools/gcc-arm-none-eabi-10.3-2021.07/bin/../lib/gcc/arm-none-eabi/10.3.1/../../../../arm-none-eabi/lib/thumb/v7-m/nofp\libm.a(lib_a-w_sqrt.o)
 .ARM.attributes
                0x00000979       0x2d d:/tools/gcc-arm-none-eabi-10.3-2021.07/bin/../lib/gcc/arm-none-eabi/10.3.1/../../../../arm-none-eabi/lib/thumb/v7-m/nofp\libm.a(lib_a-e_sqrt.o)
 .ARM.attributes
                0x000009a6       0x2d d:/tools/gcc-arm-none-eabi-10.3-2021.07/bin/../lib/gcc/arm-none-eabi/10.3.1/../../../../arm-none-eabi/lib/thumb/v7-m/nofp\libnosys.a(sbrk.o)
 .ARM.attributes
                0x000009d3       0x1d d:/tools/gcc-arm-none-eabi-10.3-2021.07/bin/../lib/gcc/arm-none-eabi/10.3.1/thumb/v7-m/nofp\libgcc.a(_arm_addsubdf3.o)
 .ARM.attributes
                0x000009f0       0x1d d:/tools/gcc-arm-none-eabi-10.3-2021.07/bin/../lib/gcc/arm-none-eabi/10.3.1/thumb/v7-m/nofp\libgcc.a(_arm_muldivdf3.o)
 .ARM.attributes
                0x00000a0d       0x1d d:/tools/gcc-arm-none-eabi-10.3-2021.07/bin/../lib/gcc/arm-none-eabi/10.3.1/thumb/v7-m/nofp\libgcc.a(_arm_cmpdf2.o)
 .ARM.attributes
                0x00000a2a       0x1d d:/tools/gcc-arm-none-eabi-10.3-2021.07/bin/../lib/gcc/arm-none-eabi/10.3.1/thumb/v7-m/nofp\libgcc.a(_arm_unorddf2.o)
 .ARM.attributes
                0x00000a47       0x1d d:/tools/gcc-arm-none-eabi-10.3-2021.07/bin/../lib/gcc/arm-none-eabi/10.3.1/thumb/v7-m/nofp\libgcc.a(_arm_truncdfsf2.o)
 .ARM.attributes
                0x00000a64       0x1d d:/tools/gcc-arm-none-eabi-10.3-2021.07/bin/../lib/gcc/arm-none-eabi/10.3.1/thumb/v7-m/nofp\libgcc.a(_arm_cmpsf2.o)
 .ARM.attributes
                0x00000a81       0x2d d:/tools/gcc-arm-none-eabi-10.3-2021.07/bin/../lib/gcc/arm-none-eabi/10.3.1/../../../../arm-none-eabi/lib/thumb/v7-m/nofp\libc_nano.a(lib_a-errno.o)
 .ARM.attributes
                0x00000aae       0x1d d:/tools/gcc-arm-none-eabi-10.3-2021.07/bin/../lib/gcc/arm-none-eabi/10.3.1/thumb/v7-m/nofp/crtn.o
OUTPUT(build/CanTho.elf elf32-littlearm)
LOAD linker stubs
LOAD d:/tools/gcc-arm-none-eabi-10.3-2021.07/bin/../lib/gcc/arm-none-eabi/10.3.1/../../../../arm-none-eabi/lib/thumb/v7-m/nofp\libc.a
LOAD d:/tools/gcc-arm-none-eabi-10.3-2021.07/bin/../lib/gcc/arm-none-eabi/10.3.1/../../../../arm-none-eabi/lib/thumb/v7-m/nofp\libm.a
LOAD d:/tools/gcc-arm-none-eabi-10.3-2021.07/bin/../lib/gcc/arm-none-eabi/10.3.1/thumb/v7-m/nofp\libgcc.a

.debug_info     0x00000000    0x25f5c
 .debug_info    0x00000000      0xf1b build/main.o
 .debug_info    0x00000f1b      0x385 build/gpio.o
 .debug_info    0x000012a0      0xb14 build/i2c.o
 .debug_info    0x00001db4      0xbc1 build/usart.o
 .debug_info    0x00002975      0xd8c build/stm32f1xx_it.o
 .debug_info    0x00003701      0x3b0 build/stm32f1xx_hal_msp.o
 .debug_info    0x00003ab1     0x3c52 build/stm32f1xx_hal_i2c.o
 .debug_info    0x00007703      0x855 build/stm32f1xx_hal.o
 .debug_info    0x00007f58      0xaec build/stm32f1xx_hal_rcc.o
 .debug_info    0x00008a44      0x6d7 build/stm32f1xx_hal_gpio.o
 .debug_info    0x0000911b      0x8bb build/stm32f1xx_hal_dma.o
 .debug_info    0x000099d6      0xe2d build/stm32f1xx_hal_cortex.o
 .debug_info    0x0000a803     0x3df8 build/stm32f1xx_hal_tim.o
 .debug_info    0x0000e5fb     0x1b67 build/stm32f1xx_hal_tim_ex.o
 .debug_info    0x00010162     0x1e12 build/stm32f1xx_hal_uart.o
 .debug_info    0x00011f74      0x26e build/system_stm32f1xx.o
 .debug_info    0x000121e2     0x1788 build/freertos.o
 .debug_info    0x0001396a      0x1f2 build/iwdg.o
 .debug_info    0x00013b5c      0xac4 build/stm32f1xx_hal_timebase_tim.o
 .debug_info    0x00014620      0x22c build/stm32f1xx_hal_iwdg.o
 .debug_info    0x0001484c      0x309 build/list.o
 .debug_info    0x00014b55     0x286e build/queue.o
 .debug_info    0x000173c3     0x31c4 build/tasks.o
 .debug_info    0x0001a587     0x1a7d build/timers.o
 .debug_info    0x0001c004     0x4d8a build/cmsis_os2.o
 .debug_info    0x00020d8e      0x49b build/heap_4.o
 .debug_info    0x00021229      0x569 build/port.o
 .debug_info    0x00021792      0x9e0 build/MQTTConnectClient.o
 .debug_info    0x00022172      0xb62 build/MQTTPacket.o
 .debug_info    0x00022cd4      0x72d build/MQTTSerializePublish.o
 .debug_info    0x00023401     0x19f7 build/MQTTSim800.o
 .debug_info    0x00024df8     0x1142 build/mpu6050.o
 .debug_info    0x00025f3a       0x22 build/startup_stm32f103xb.o

.debug_abbrev   0x00000000     0x4b0b
 .debug_abbrev  0x00000000      0x24b build/main.o
 .debug_abbrev  0x0000024b      0x13f build/gpio.o
 .debug_abbrev  0x0000038a      0x1ce build/i2c.o
 .debug_abbrev  0x00000558      0x1ce build/usart.o
 .debug_abbrev  0x00000726      0x17c build/stm32f1xx_it.o
 .debug_abbrev  0x000008a2      0x130 build/stm32f1xx_hal_msp.o
 .debug_abbrev  0x000009d2      0x306 build/stm32f1xx_hal_i2c.o
 .debug_abbrev  0x00000cd8      0x1f7 build/stm32f1xx_hal.o
 .debug_abbrev  0x00000ecf      0x29a build/stm32f1xx_hal_rcc.o
 .debug_abbrev  0x00001169      0x222 build/stm32f1xx_hal_gpio.o
 .debug_abbrev  0x0000138b      0x244 build/stm32f1xx_hal_dma.o
 .debug_abbrev  0x000015cf      0x359 build/stm32f1xx_hal_cortex.o
 .debug_abbrev  0x00001928      0x296 build/stm32f1xx_hal_tim.o
 .debug_abbrev  0x00001bbe      0x298 build/stm32f1xx_hal_tim_ex.o
 .debug_abbrev  0x00001e56      0x2ab build/stm32f1xx_hal_uart.o
 .debug_abbrev  0x00002101      0x140 build/system_stm32f1xx.o
 .debug_abbrev  0x00002241      0x23d build/freertos.o
 .debug_abbrev  0x0000247e      0x12c build/iwdg.o
 .debug_abbrev  0x000025aa      0x1ef build/stm32f1xx_hal_timebase_tim.o
 .debug_abbrev  0x00002799      0x139 build/stm32f1xx_hal_iwdg.o
 .debug_abbrev  0x000028d2      0x124 build/list.o
 .debug_abbrev  0x000029f6      0x3e7 build/queue.o
 .debug_abbrev  0x00002ddd      0x387 build/tasks.o
 .debug_abbrev  0x00003164      0x35d build/timers.o
 .debug_abbrev  0x000034c1      0x459 build/cmsis_os2.o
 .debug_abbrev  0x0000391a      0x255 build/heap_4.o
 .debug_abbrev  0x00003b6f      0x29d build/port.o
 .debug_abbrev  0x00003e0c      0x1fa build/MQTTConnectClient.o
 .debug_abbrev  0x00004006      0x3a0 build/MQTTPacket.o
 .debug_abbrev  0x000043a6      0x1dc build/MQTTSerializePublish.o
 .debug_abbrev  0x00004582      0x32c build/MQTTSim800.o
 .debug_abbrev  0x000048ae      0x24b build/mpu6050.o
 .debug_abbrev  0x00004af9       0x12 build/startup_stm32f103xb.o

.debug_loc      0x00000000    0x1f9c6
 .debug_loc     0x00000000      0x12a build/main.o
 .debug_loc     0x0000012a       0x38 build/gpio.o
 .debug_loc     0x00000162       0xeb build/i2c.o
 .debug_loc     0x0000024d      0x162 build/usart.o
 .debug_loc     0x000003af       0x80 build/stm32f1xx_it.o
 .debug_loc     0x0000042f       0x4d build/stm32f1xx_hal_msp.o
 .debug_loc     0x0000047c     0x4e39 build/stm32f1xx_hal_i2c.o
 .debug_loc     0x000052b5      0x1e1 build/stm32f1xx_hal.o
 .debug_loc     0x00005496      0x7ee build/stm32f1xx_hal_rcc.o
 .debug_loc     0x00005c84      0x551 build/stm32f1xx_hal_gpio.o
 .debug_loc     0x000061d5      0x901 build/stm32f1xx_hal_dma.o
 .debug_loc     0x00006ad6      0x77f build/stm32f1xx_hal_cortex.o
 .debug_loc     0x00007255     0x530c build/stm32f1xx_hal_tim.o
 .debug_loc     0x0000c561     0x1f3e build/stm32f1xx_hal_tim_ex.o
 .debug_loc     0x0000e49f     0x267b build/stm32f1xx_hal_uart.o
 .debug_loc     0x00010b1a       0xff build/system_stm32f1xx.o
 .debug_loc     0x00010c19      0x148 build/freertos.o
 .debug_loc     0x00010d61       0x20 build/iwdg.o
 .debug_loc     0x00010d81       0xcd build/stm32f1xx_hal_timebase_tim.o
 .debug_loc     0x00010e4e       0xb2 build/stm32f1xx_hal_iwdg.o
 .debug_loc     0x00010f00       0xe5 build/list.o
 .debug_loc     0x00010fe5     0x1eda build/queue.o
 .debug_loc     0x00012ebf     0x2b44 build/tasks.o
 .debug_loc     0x00015a03     0x135a build/timers.o
 .debug_loc     0x00016d5d     0x62c5 build/cmsis_os2.o
 .debug_loc     0x0001d022      0x3c1 build/heap_4.o
 .debug_loc     0x0001d3e3      0x16c build/port.o
 .debug_loc     0x0001d54f      0x593 build/MQTTConnectClient.o
 .debug_loc     0x0001dae2      0xad1 build/MQTTPacket.o
 .debug_loc     0x0001e5b3      0x5f0 build/MQTTSerializePublish.o
 .debug_loc     0x0001eba3      0x97b build/MQTTSim800.o
 .debug_loc     0x0001f51e      0x4a8 build/mpu6050.o

.debug_aranges  0x00000000     0x1880
 .debug_aranges
                0x00000000       0x40 build/main.o
 .debug_aranges
                0x00000040       0x20 build/gpio.o
 .debug_aranges
                0x00000060       0x30 build/i2c.o
 .debug_aranges
                0x00000090       0x38 build/usart.o
 .debug_aranges
                0x000000c8       0x68 build/stm32f1xx_it.o
 .debug_aranges
                0x00000130       0x20 build/stm32f1xx_hal_msp.o
 .debug_aranges
                0x00000150      0x2a0 build/stm32f1xx_hal_i2c.o
 .debug_aranges
                0x000003f0       0xe0 build/stm32f1xx_hal.o
 .debug_aranges
                0x000004d0       0x90 build/stm32f1xx_hal_rcc.o
 .debug_aranges
                0x00000560       0x58 build/stm32f1xx_hal_gpio.o
 .debug_aranges
                0x000005b8       0x80 build/stm32f1xx_hal_dma.o
 .debug_aranges
                0x00000638       0x90 build/stm32f1xx_hal_cortex.o
 .debug_aranges
                0x000006c8      0x3d0 build/stm32f1xx_hal_tim.o
 .debug_aranges
                0x00000a98      0x168 build/stm32f1xx_hal_tim_ex.o
 .debug_aranges
                0x00000c00      0x200 build/stm32f1xx_hal_uart.o
 .debug_aranges
                0x00000e00       0x28 build/system_stm32f1xx.o
 .debug_aranges
                0x00000e28       0x38 build/freertos.o
 .debug_aranges
                0x00000e60       0x20 build/iwdg.o
 .debug_aranges
                0x00000e80       0x30 build/stm32f1xx_hal_timebase_tim.o
 .debug_aranges
                0x00000eb0       0x28 build/stm32f1xx_hal_iwdg.o
 .debug_aranges
                0x00000ed8       0x40 build/list.o
 .debug_aranges
                0x00000f18      0x158 build/queue.o
 .debug_aranges
                0x00001070      0x1f8 build/tasks.o
 .debug_aranges
                0x00001268       0xe0 build/timers.o
 .debug_aranges
                0x00001348      0x228 build/cmsis_os2.o
 .debug_aranges
                0x00001570       0x50 build/heap_4.o
 .debug_aranges
                0x000015c0       0x78 build/port.o
 .debug_aranges
                0x00001638       0x48 build/MQTTConnectClient.o
 .debug_aranges
                0x00001680       0xa8 build/MQTTPacket.o
 .debug_aranges
                0x00001728       0x48 build/MQTTSerializePublish.o
 .debug_aranges
                0x00001770       0xa0 build/MQTTSim800.o
 .debug_aranges
                0x00001810       0x48 build/mpu6050.o
 .debug_aranges
                0x00001858       0x28 build/startup_stm32f103xb.o

.debug_ranges   0x00000000     0x1950
 .debug_ranges  0x00000000       0x30 build/main.o
 .debug_ranges  0x00000030       0x10 build/gpio.o
 .debug_ranges  0x00000040       0x20 build/i2c.o
 .debug_ranges  0x00000060       0x28 build/usart.o
 .debug_ranges  0x00000088       0x58 build/stm32f1xx_it.o
 .debug_ranges  0x000000e0       0x10 build/stm32f1xx_hal_msp.o
 .debug_ranges  0x000000f0      0x2a8 build/stm32f1xx_hal_i2c.o
 .debug_ranges  0x00000398       0xd0 build/stm32f1xx_hal.o
 .debug_ranges  0x00000468       0xa0 build/stm32f1xx_hal_rcc.o
 .debug_ranges  0x00000508       0x48 build/stm32f1xx_hal_gpio.o
 .debug_ranges  0x00000550       0x70 build/stm32f1xx_hal_dma.o
 .debug_ranges  0x000005c0       0xe0 build/stm32f1xx_hal_cortex.o
 .debug_ranges  0x000006a0      0x3c0 build/stm32f1xx_hal_tim.o
 .debug_ranges  0x00000a60      0x158 build/stm32f1xx_hal_tim_ex.o
 .debug_ranges  0x00000bb8      0x1f0 build/stm32f1xx_hal_uart.o
 .debug_ranges  0x00000da8       0x18 build/system_stm32f1xx.o
 .debug_ranges  0x00000dc0       0x28 build/freertos.o
 .debug_ranges  0x00000de8       0x10 build/iwdg.o
 .debug_ranges  0x00000df8       0x20 build/stm32f1xx_hal_timebase_tim.o
 .debug_ranges  0x00000e18       0x18 build/stm32f1xx_hal_iwdg.o
 .debug_ranges  0x00000e30       0x30 build/list.o
 .debug_ranges  0x00000e60      0x218 build/queue.o
 .debug_ranges  0x00001078      0x320 build/tasks.o
 .debug_ranges  0x00001398       0xd0 build/timers.o
 .debug_ranges  0x00001468      0x218 build/cmsis_os2.o
 .debug_ranges  0x00001680       0x40 build/heap_4.o
 .debug_ranges  0x000016c0       0x68 build/port.o
 .debug_ranges  0x00001728       0x38 build/MQTTConnectClient.o
 .debug_ranges  0x00001760       0xb8 build/MQTTPacket.o
 .debug_ranges  0x00001818       0x38 build/MQTTSerializePublish.o
 .debug_ranges  0x00001850       0xa8 build/MQTTSim800.o
 .debug_ranges  0x000018f8       0x38 build/mpu6050.o
 .debug_ranges  0x00001930       0x20 build/startup_stm32f103xb.o

.debug_line     0x00000000    0x1ccb6
 .debug_line    0x00000000      0x3e7 build/main.o
 .debug_line    0x000003e7      0x1c8 build/gpio.o
 .debug_line    0x000005af      0x2c4 build/i2c.o
 .debug_line    0x00000873      0x3ac build/usart.o
 .debug_line    0x00000c1f      0x2e1 build/stm32f1xx_it.o
 .debug_line    0x00000f00      0x186 build/stm32f1xx_hal_msp.o
 .debug_line    0x00001086     0x54e8 build/stm32f1xx_hal_i2c.o
 .debug_line    0x0000656e      0x4fc build/stm32f1xx_hal.o
 .debug_line    0x00006a6a      0xbfa build/stm32f1xx_hal_rcc.o
 .debug_line    0x00007664      0x5b1 build/stm32f1xx_hal_gpio.o
 .debug_line    0x00007c15      0xa21 build/stm32f1xx_hal_dma.o
 .debug_line    0x00008636      0x607 build/stm32f1xx_hal_cortex.o
 .debug_line    0x00008c3d     0x462c build/stm32f1xx_hal_tim.o
 .debug_line    0x0000d269     0x1b2c build/stm32f1xx_hal_tim_ex.o
 .debug_line    0x0000ed95     0x2089 build/stm32f1xx_hal_uart.o
 .debug_line    0x00010e1e      0x214 build/system_stm32f1xx.o
 .debug_line    0x00011032      0x4f6 build/freertos.o
 .debug_line    0x00011528      0x1c3 build/iwdg.o
 .debug_line    0x000116eb      0x26c build/stm32f1xx_hal_timebase_tim.o
 .debug_line    0x00011957      0x247 build/stm32f1xx_hal_iwdg.o
 .debug_line    0x00011b9e      0x342 build/list.o
 .debug_line    0x00011ee0     0x1fd7 build/queue.o
 .debug_line    0x00013eb7     0x2ba6 build/tasks.o
 .debug_line    0x00016a5d      0xdab build/timers.o
 .debug_line    0x00017808     0x2cbf build/cmsis_os2.o
 .debug_line    0x0001a4c7      0x633 build/heap_4.o
 .debug_line    0x0001aafa      0x5f3 build/port.o
 .debug_line    0x0001b0ed      0x37d build/MQTTConnectClient.o
 .debug_line    0x0001b46a      0x6ed build/MQTTPacket.o
 .debug_line    0x0001bb57      0x211 build/MQTTSerializePublish.o
 .debug_line    0x0001bd68      0x8fa build/MQTTSim800.o
 .debug_line    0x0001c662      0x5df build/mpu6050.o
 .debug_line    0x0001cc41       0x75 build/startup_stm32f103xb.o

.debug_str      0x00000000     0x7b8c
 .debug_str     0x00000000      0xa9f build/main.o
                                0xb9a (size before relaxing)
 .debug_str     0x00000a9f       0xcf build/gpio.o
                                0x252 (size before relaxing)
 .debug_str     0x00000b6e      0x5c1 build/i2c.o
                                0xa1a (size before relaxing)
 .debug_str     0x0000112f       0x55 build/usart.o
                                0x999 (size before relaxing)
 .debug_str     0x00001184      0x10a build/stm32f1xx_it.o
                                0xb95 (size before relaxing)
 .debug_str     0x0000128e       0x57 build/stm32f1xx_hal_msp.o
                                0x4de (size before relaxing)
 .debug_str     0x000012e5      0x8fc build/stm32f1xx_hal_i2c.o
                                0xf8d (size before relaxing)
 .debug_str     0x00001be1      0x2e3 build/stm32f1xx_hal.o
                                0x7f9 (size before relaxing)
 .debug_str     0x00001ec4      0x1ed build/stm32f1xx_hal_rcc.o
                                0x600 (size before relaxing)
 .debug_str     0x000020b1      0x112 build/stm32f1xx_hal_gpio.o
                                0x3d5 (size before relaxing)
 .debug_str     0x000021c3      0x204 build/stm32f1xx_hal_dma.o
                                0x5d2 (size before relaxing)
 .debug_str     0x000023c7      0x39b build/stm32f1xx_hal_cortex.o
                                0x8a8 (size before relaxing)
 .debug_str     0x00002762      0xec6 build/stm32f1xx_hal_tim.o
                               0x160d (size before relaxing)
 .debug_str     0x00003628      0x591 build/stm32f1xx_hal_tim_ex.o
                                0xe0e (size before relaxing)
 .debug_str     0x00003bb9      0x5a1 build/stm32f1xx_hal_uart.o
                                0xc63 (size before relaxing)
 .debug_str     0x0000415a       0x4f build/system_stm32f1xx.o
                                0x229 (size before relaxing)
 .debug_str     0x000041a9      0x708 build/freertos.o
                               0x104d (size before relaxing)
 .debug_str     0x000048b1       0x1e build/iwdg.o
                                0x20c (size before relaxing)
 .debug_str     0x000048cf       0x4c build/stm32f1xx_hal_timebase_tim.o
                                0xac5 (size before relaxing)
 .debug_str     0x0000491b       0x36 build/stm32f1xx_hal_iwdg.o
                                0x250 (size before relaxing)
 .debug_str     0x00004951      0x14d build/list.o
                                0x2ca (size before relaxing)
 .debug_str     0x00004a9e      0x9b2 build/queue.o
                                0xc48 (size before relaxing)
 .debug_str     0x00005450      0xc44 build/tasks.o
                               0x1244 (size before relaxing)
 .debug_str     0x00006094      0x5a9 build/timers.o
                                0xbbb (size before relaxing)
 .debug_str     0x0000663d      0x9ea build/cmsis_os2.o
                               0x18c0 (size before relaxing)
 .debug_str     0x00007027      0x1d5 build/heap_4.o
                                0x3b3 (size before relaxing)
 .debug_str     0x000071fc      0x17d build/port.o
                                0x436 (size before relaxing)
 .debug_str     0x00007379      0x320 build/MQTTConnectClient.o
                                0x4ed (size before relaxing)
 .debug_str     0x00007699      0x113 build/MQTTPacket.o
                                0x3cb (size before relaxing)
 .debug_str     0x000077ac       0xb8 build/MQTTSerializePublish.o
                                0x3cb (size before relaxing)
 .debug_str     0x00007864      0x18e build/MQTTSim800.o
                                0x9b2 (size before relaxing)
 .debug_str     0x000079f2      0x176 build/mpu6050.o
                                0x891 (size before relaxing)
 .debug_str     0x00007b68       0x24 build/startup_stm32f103xb.o
                                 0x48 (size before relaxing)

.comment        0x00000000       0x49
 .comment       0x00000000       0x49 build/main.o
                                 0x4a (size before relaxing)
 .comment       0x00000049       0x4a build/gpio.o
 .comment       0x00000049       0x4a build/i2c.o
 .comment       0x00000049       0x4a build/usart.o
 .comment       0x00000049       0x4a build/stm32f1xx_it.o
 .comment       0x00000049       0x4a build/stm32f1xx_hal_msp.o
 .comment       0x00000049       0x4a build/stm32f1xx_hal_i2c.o
 .comment       0x00000049       0x4a build/stm32f1xx_hal.o
 .comment       0x00000049       0x4a build/stm32f1xx_hal_rcc.o
 .comment       0x00000049       0x4a build/stm32f1xx_hal_gpio.o
 .comment       0x00000049       0x4a build/stm32f1xx_hal_dma.o
 .comment       0x00000049       0x4a build/stm32f1xx_hal_cortex.o
 .comment       0x00000049       0x4a build/stm32f1xx_hal_tim.o
 .comment       0x00000049       0x4a build/stm32f1xx_hal_tim_ex.o
 .comment       0x00000049       0x4a build/stm32f1xx_hal_uart.o
 .comment       0x00000049       0x4a build/system_stm32f1xx.o
 .comment       0x00000049       0x4a build/freertos.o
 .comment       0x00000049       0x4a build/iwdg.o
 .comment       0x00000049       0x4a build/stm32f1xx_hal_timebase_tim.o
 .comment       0x00000049       0x4a build/stm32f1xx_hal_iwdg.o
 .comment       0x00000049       0x4a build/list.o
 .comment       0x00000049       0x4a build/queue.o
 .comment       0x00000049       0x4a build/tasks.o
 .comment       0x00000049       0x4a build/timers.o
 .comment       0x00000049       0x4a build/cmsis_os2.o
 .comment       0x00000049       0x4a build/heap_4.o
 .comment       0x00000049       0x4a build/port.o
 .comment       0x00000049       0x4a build/MQTTConnectClient.o
 .comment       0x00000049       0x4a build/MQTTPacket.o
 .comment       0x00000049       0x4a build/MQTTSerializePublish.o
 .comment       0x00000049       0x4a build/MQTTSim800.o
 .comment       0x00000049       0x4a build/mpu6050.o

.debug_frame    0x00000000     0x4ea8
 .debug_frame   0x00000000       0x88 build/main.o
 .debug_frame   0x00000088       0x38 build/gpio.o
 .debug_frame   0x000000c0       0x60 build/i2c.o
 .debug_frame   0x00000120       0x7c build/usart.o
 .debug_frame   0x0000019c       0xd0 build/stm32f1xx_it.o
 .debug_frame   0x0000026c       0x2c build/stm32f1xx_hal_msp.o
 .debug_frame   0x00000298      0x970 build/stm32f1xx_hal_i2c.o
 .debug_frame   0x00000c08      0x1cc build/stm32f1xx_hal.o
 .debug_frame   0x00000dd4      0x190 build/stm32f1xx_hal_rcc.o
 .debug_frame   0x00000f64       0xe4 build/stm32f1xx_hal_gpio.o
 .debug_frame   0x00001048      0x144 build/stm32f1xx_hal_dma.o
 .debug_frame   0x0000118c      0x118 build/stm32f1xx_hal_cortex.o
 .debug_frame   0x000012a4      0xb18 build/stm32f1xx_hal_tim.o
 .debug_frame   0x00001dbc      0x40c build/stm32f1xx_hal_tim_ex.o
 .debug_frame   0x000021c8      0x5c4 build/stm32f1xx_hal_uart.o
 .debug_frame   0x0000278c       0x30 build/system_stm32f1xx.o
 .debug_frame   0x000027bc       0x74 build/freertos.o
 .debug_frame   0x00002830       0x28 build/iwdg.o
 .debug_frame   0x00002858       0x50 build/stm32f1xx_hal_timebase_tim.o
 .debug_frame   0x000028a8       0x44 build/stm32f1xx_hal_iwdg.o
 .debug_frame   0x000028ec       0x70 build/list.o
 .debug_frame   0x0000295c      0x458 build/queue.o
 .debug_frame   0x00002db4      0x660 build/tasks.o
 .debug_frame   0x00003414      0x2c4 build/timers.o
 .debug_frame   0x000036d8      0x79c build/cmsis_os2.o
 .debug_frame   0x00003e74       0xb0 build/heap_4.o
 .debug_frame   0x00003f24       0xf0 build/port.o
 .debug_frame   0x00004014       0xcc build/MQTTConnectClient.o
 .debug_frame   0x000040e0      0x1d8 build/MQTTPacket.o
 .debug_frame   0x000042b8       0xd0 build/MQTTSerializePublish.o
 .debug_frame   0x00004388      0x210 build/MQTTSim800.o
 .debug_frame   0x00004598       0xfc build/mpu6050.o
 .debug_frame   0x00004694       0x2c d:/tools/gcc-arm-none-eabi-10.3-2021.07/bin/../lib/gcc/arm-none-eabi/10.3.1/../../../../arm-none-eabi/lib/thumb/v7-m/nofp\libc_nano.a(lib_a-init.o)
 .debug_frame   0x000046c0       0x28 d:/tools/gcc-arm-none-eabi-10.3-2021.07/bin/../lib/gcc/arm-none-eabi/10.3.1/../../../../arm-none-eabi/lib/thumb/v7-m/nofp\libc_nano.a(lib_a-memcpy-stub.o)
 .debug_frame   0x000046e8       0x20 d:/tools/gcc-arm-none-eabi-10.3-2021.07/bin/../lib/gcc/arm-none-eabi/10.3.1/../../../../arm-none-eabi/lib/thumb/v7-m/nofp\libc_nano.a(lib_a-memset.o)
 .debug_frame   0x00004708       0x7c d:/tools/gcc-arm-none-eabi-10.3-2021.07/bin/../lib/gcc/arm-none-eabi/10.3.1/../../../../arm-none-eabi/lib/thumb/v7-m/nofp\libc_nano.a(lib_a-snprintf.o)
 .debug_frame   0x00004784       0x2c d:/tools/gcc-arm-none-eabi-10.3-2021.07/bin/../lib/gcc/arm-none-eabi/10.3.1/../../../../arm-none-eabi/lib/thumb/v7-m/nofp\libc_nano.a(lib_a-strstr.o)
 .debug_frame   0x000047b0       0x90 d:/tools/gcc-arm-none-eabi-10.3-2021.07/bin/../lib/gcc/arm-none-eabi/10.3.1/../../../../arm-none-eabi/lib/thumb/v7-m/nofp\libc_nano.a(lib_a-nano-svfprintf.o)
 .debug_frame   0x00004840       0x60 d:/tools/gcc-arm-none-eabi-10.3-2021.07/bin/../lib/gcc/arm-none-eabi/10.3.1/../../../../arm-none-eabi/lib/thumb/v7-m/nofp\libc_nano.a(lib_a-nano-vfprintf_i.o)
 .debug_frame   0x000048a0       0x28 d:/tools/gcc-arm-none-eabi-10.3-2021.07/bin/../lib/gcc/arm-none-eabi/10.3.1/../../../../arm-none-eabi/lib/thumb/v7-m/nofp\libc_nano.a(lib_a-memchr-stub.o)
 .debug_frame   0x000048c8       0x28 d:/tools/gcc-arm-none-eabi-10.3-2021.07/bin/../lib/gcc/arm-none-eabi/10.3.1/../../../../arm-none-eabi/lib/thumb/v7-m/nofp\libc_nano.a(lib_a-memmove.o)
 .debug_frame   0x000048f0       0x38 d:/tools/gcc-arm-none-eabi-10.3-2021.07/bin/../lib/gcc/arm-none-eabi/10.3.1/../../../../arm-none-eabi/lib/thumb/v7-m/nofp\libc_nano.a(lib_a-nano-freer.o)
 .debug_frame   0x00004928       0x4c d:/tools/gcc-arm-none-eabi-10.3-2021.07/bin/../lib/gcc/arm-none-eabi/10.3.1/../../../../arm-none-eabi/lib/thumb/v7-m/nofp\libc_nano.a(lib_a-nano-mallocr.o)
 .debug_frame   0x00004974       0x3c d:/tools/gcc-arm-none-eabi-10.3-2021.07/bin/../lib/gcc/arm-none-eabi/10.3.1/../../../../arm-none-eabi/lib/thumb/v7-m/nofp\libc_nano.a(lib_a-nano-reallocr.o)
 .debug_frame   0x000049b0       0x2c d:/tools/gcc-arm-none-eabi-10.3-2021.07/bin/../lib/gcc/arm-none-eabi/10.3.1/../../../../arm-none-eabi/lib/thumb/v7-m/nofp\libc_nano.a(lib_a-sbrkr.o)
 .debug_frame   0x000049dc       0x30 d:/tools/gcc-arm-none-eabi-10.3-2021.07/bin/../lib/gcc/arm-none-eabi/10.3.1/../../../../arm-none-eabi/lib/thumb/v7-m/nofp\libc_nano.a(lib_a-mlock.o)
 .debug_frame   0x00004a0c       0x20 d:/tools/gcc-arm-none-eabi-10.3-2021.07/bin/../lib/gcc/arm-none-eabi/10.3.1/../../../../arm-none-eabi/lib/thumb/v7-m/nofp\libc_nano.a(lib_a-nano-msizer.o)
 .debug_frame   0x00004a2c       0x5c d:/tools/gcc-arm-none-eabi-10.3-2021.07/bin/../lib/gcc/arm-none-eabi/10.3.1/../../../../arm-none-eabi/lib/thumb/v7-m/nofp\libc_nano.a(lib_a-reent.o)
 .debug_frame   0x00004a88       0xb0 d:/tools/gcc-arm-none-eabi-10.3-2021.07/bin/../lib/gcc/arm-none-eabi/10.3.1/../../../../arm-none-eabi/lib/thumb/v7-m/nofp\libc_nano.a(lib_a-lock.o)
 .debug_frame   0x00004b38       0x30 d:/tools/gcc-arm-none-eabi-10.3-2021.07/bin/../lib/gcc/arm-none-eabi/10.3.1/../../../../arm-none-eabi/lib/thumb/v7-m/nofp\libm.a(lib_a-w_sqrt.o)
 .debug_frame   0x00004b68       0x34 d:/tools/gcc-arm-none-eabi-10.3-2021.07/bin/../lib/gcc/arm-none-eabi/10.3.1/../../../../arm-none-eabi/lib/thumb/v7-m/nofp\libm.a(lib_a-e_sqrt.o)