Archive member included to satisfy reference by file (symbol)

d:/tools/gcc-arm-none-eabi-10.3-2021.07/bin/../lib/gcc/arm-none-eabi/10.3.1/../../../../arm-none-eabi/lib/thumb/v7-m/nofp\libc_nano.a(lib_a-exit.o)
                              d:/tools/gcc-arm-none-eabi-10.3-2021.07/bin/../lib/gcc/arm-none-eabi/10.3.1/../../../../arm-none-eabi/lib/thumb/v7-m/nofp/crt0.o (exit)
d:/tools/gcc-arm-none-eabi-10.3-2021.07/bin/../lib/gcc/arm-none-eabi/10.3.1/../../../../arm-none-eabi/lib/thumb/v7-m/nofp\libc_nano.a(lib_a-impure.o)
                              d:/tools/gcc-arm-none-eabi-10.3-2021.07/bin/../lib/gcc/arm-none-eabi/10.3.1/../../../../arm-none-eabi/lib/thumb/v7-m/nofp\libc_nano.a(lib_a-exit.o) (_global_impure_ptr)
d:/tools/gcc-arm-none-eabi-10.3-2021.07/bin/../lib/gcc/arm-none-eabi/10.3.1/../../../../arm-none-eabi/lib/thumb/v7-m/nofp\libc_nano.a(lib_a-init.o)
                              d:/tools/gcc-arm-none-eabi-10.3-2021.07/bin/../lib/gcc/arm-none-eabi/10.3.1/../../../../arm-none-eabi/lib/thumb/v7-m/nofp/crt0.o (__libc_init_array)
d:/tools/gcc-arm-none-eabi-10.3-2021.07/bin/../lib/gcc/arm-none-eabi/10.3.1/../../../../arm-none-eabi/lib/thumb/v7-m/nofp\libc_nano.a(lib_a-memcpy-stub.o)
                              build/queue.o (memcpy)
d:/tools/gcc-arm-none-eabi-10.3-2021.07/bin/../lib/gcc/arm-none-eabi/10.3.1/../../../../arm-none-eabi/lib/thumb/v7-m/nofp\libc_nano.a(lib_a-memset.o)
                              d:/tools/gcc-arm-none-eabi-10.3-2021.07/bin/../lib/gcc/arm-none-eabi/10.3.1/../../../../arm-none-eabi/lib/thumb/v7-m/nofp/crt0.o (memset)
d:/tools/gcc-arm-none-eabi-10.3-2021.07/bin/../lib/gcc/arm-none-eabi/10.3.1/../../../../arm-none-eabi/lib/thumb/v7-m/nofp\libc_nano.a(lib_a-snprintf.o)
                              build/freertos.o (snprintf)
d:/tools/gcc-arm-none-eabi-10.3-2021.07/bin/../lib/gcc/arm-none-eabi/10.3.1/../../../../arm-none-eabi/lib/thumb/v7-m/nofp\libc_nano.a(lib_a-sprintf.o)
                              build/MQTTSim800.o (sprintf)
d:/tools/gcc-arm-none-eabi-10.3-2021.07/bin/../lib/gcc/arm-none-eabi/10.3.1/../../../../arm-none-eabi/lib/thumb/v7-m/nofp\libc_nano.a(lib_a-sscanf.o)
                              build/MQTTSim800.o (sscanf)
d:/tools/gcc-arm-none-eabi-10.3-2021.07/bin/../lib/gcc/arm-none-eabi/10.3.1/../../../../arm-none-eabi/lib/thumb/v7-m/nofp\libc_nano.a(lib_a-stdio.o)
                              d:/tools/gcc-arm-none-eabi-10.3-2021.07/bin/../lib/gcc/arm-none-eabi/10.3.1/../../../../arm-none-eabi/lib/thumb/v7-m/nofp\libc_nano.a(lib_a-sscanf.o) (__seofread)
d:/tools/gcc-arm-none-eabi-10.3-2021.07/bin/../lib/gcc/arm-none-eabi/10.3.1/../../../../arm-none-eabi/lib/thumb/v7-m/nofp\libc_nano.a(lib_a-strcat.o)
                              build/freertos.o (strcat)
d:/tools/gcc-arm-none-eabi-10.3-2021.07/bin/../lib/gcc/arm-none-eabi/10.3.1/../../../../arm-none-eabi/lib/thumb/v7-m/nofp\libc_nano.a(lib_a-strchr.o)
                              build/MQTTSim800.o (strchr)
d:/tools/gcc-arm-none-eabi-10.3-2021.07/bin/../lib/gcc/arm-none-eabi/10.3.1/../../../../arm-none-eabi/lib/thumb/v7-m/nofp\libc_nano.a(lib_a-strlen.o)
                              build/freertos.o (strlen)
d:/tools/gcc-arm-none-eabi-10.3-2021.07/bin/../lib/gcc/arm-none-eabi/10.3.1/../../../../arm-none-eabi/lib/thumb/v7-m/nofp\libc_nano.a(lib_a-strncmp.o)
                              build/MQTTPacket.o (strncmp)
d:/tools/gcc-arm-none-eabi-10.3-2021.07/bin/../lib/gcc/arm-none-eabi/10.3.1/../../../../arm-none-eabi/lib/thumb/v7-m/nofp\libc_nano.a(lib_a-strstr.o)
                              build/MQTTSim800.o (strstr)
d:/tools/gcc-arm-none-eabi-10.3-2021.07/bin/../lib/gcc/arm-none-eabi/10.3.1/../../../../arm-none-eabi/lib/thumb/v7-m/nofp\libc_nano.a(lib_a-strtol.o)
                              build/MQTTSim800.o (strtol)
d:/tools/gcc-arm-none-eabi-10.3-2021.07/bin/../lib/gcc/arm-none-eabi/10.3.1/../../../../arm-none-eabi/lib/thumb/v7-m/nofp\libc_nano.a(lib_a-writer.o)
                              d:/tools/gcc-arm-none-eabi-10.3-2021.07/bin/../lib/gcc/arm-none-eabi/10.3.1/../../../../arm-none-eabi/lib/thumb/v7-m/nofp\libc_nano.a(lib_a-stdio.o) (_write_r)
d:/tools/gcc-arm-none-eabi-10.3-2021.07/bin/../lib/gcc/arm-none-eabi/10.3.1/../../../../arm-none-eabi/lib/thumb/v7-m/nofp\libc_nano.a(lib_a-closer.o)
                              d:/tools/gcc-arm-none-eabi-10.3-2021.07/bin/../lib/gcc/arm-none-eabi/10.3.1/../../../../arm-none-eabi/lib/thumb/v7-m/nofp\libc_nano.a(lib_a-stdio.o) (_close_r)
d:/tools/gcc-arm-none-eabi-10.3-2021.07/bin/../lib/gcc/arm-none-eabi/10.3.1/../../../../arm-none-eabi/lib/thumb/v7-m/nofp\libc_nano.a(lib_a-ctype_.o)
                              d:/tools/gcc-arm-none-eabi-10.3-2021.07/bin/../lib/gcc/arm-none-eabi/10.3.1/../../../../arm-none-eabi/lib/thumb/v7-m/nofp\libc_nano.a(lib_a-strtol.o) (_ctype_)
d:/tools/gcc-arm-none-eabi-10.3-2021.07/bin/../lib/gcc/arm-none-eabi/10.3.1/../../../../arm-none-eabi/lib/thumb/v7-m/nofp\libc_nano.a(lib_a-errno.o)
[...]
Memory Configuration

Name             Origin             Length             Attributes
RAM              0x20000000         0x00005000         xrw
FLASH            0x08000000         0x00010000         xr
*default*        0x00000000         0xffffffff

Linker script and memory map

LOAD d:/tools/gcc-arm-none-eabi-10.3-2021.07/bin/../lib/gcc/arm-none-eabi/10.3.1/thumb/v7-m/nofp/crti.o
LOAD d:/tools/gcc-arm-none-eabi-10.3-2021.07/bin/../lib/gcc/arm-none-eabi/10.3.1/thumb/v7-m/nofp/crtbegin.o
LOAD d:/tools/gcc-arm-none-eabi-10.3-2021.07/bin/../lib/gcc/arm-none-eabi/10.3.1/../../../../arm-none-eabi/lib/thumb/v7-m/nofp/crt0.o
LOAD build/main.o
LOAD build/gpio.o
LOAD build/i2c.o
LOAD build/usart.o
LOAD build/stm32f1xx_it.o
LOAD build/stm32f1xx_hal_msp.o
LOAD build/stm32f1xx_hal_gpio_ex.o
LOAD build/stm32f1xx_hal_i2c.o
LOAD build/stm32f1xx_hal.o
LOAD build/stm32f1xx_hal_rcc.o
LOAD build/stm32f1xx_hal_rcc_ex.o
LOAD build/stm32f1xx_hal_gpio.o
LOAD build/stm32f1xx_hal_dma.o
LOAD build/stm32f1xx_hal_cortex.o
LOAD build/stm32f1xx_hal_pwr.o
LOAD build/stm32f1xx_hal_flash.o
LOAD build/stm32f1xx_hal_flash_ex.o
LOAD build/stm32f1xx_hal_exti.o
LOAD build/stm32f1xx_hal_tim.o
LOAD build/stm32f1xx_hal_tim_ex.o
LOAD build/stm32f1xx_hal_uart.o
LOAD build/system_stm32f1xx.o
LOAD build/freertos.o
LOAD build/iwdg.o
LOAD build/stm32f1xx_hal_timebase_tim.o
LOAD build/stm32f1xx_hal_iwdg.o
LOAD build/croutine.o
LOAD build/event_groups.o
LOAD build/list.o
LOAD build/queue.o
LOAD build/stream_buffer.o
LOAD build/tasks.o
LOAD build/timers.o
LOAD build/cmsis_os2.o
LOAD build/heap_4.o
LOAD build/port.o
LOAD build/MQTTConnectClient.o
LOAD build/MQTTPacket.o
LOAD build/MQTTSerializePublish.o
LOAD build/MQTTSim800.o
LOAD build/mpu6050.o
LOAD build/MQTTDeserializePublish.o
LOAD build/MQTTFormat.o
LOAD build/MQTTSubscribeClient.o
LOAD build/MQTTUnsubscribeClient.o
LOAD build/startup_stm32f103xb.o
LOAD d:/tools/gcc-arm-none-eabi-10.3-2021.07/bin/../lib/gcc/arm-none-eabi/10.3.1/../../../../arm-none-eabi/lib/thumb/v7-m/nofp\libc_nano.a
LOAD d:/tools/gcc-arm-none-eabi-10.3-2021.07/bin/../lib/gcc/arm-none-eabi/10.3.1/../../../../arm-none-eabi/lib/thumb/v7-m/nofp\libm.a
LOAD d:/tools/gcc-arm-none-eabi-10.3-2021.07/bin/../lib/gcc/arm-none-eabi/10.3.1/../../../../arm-none-eabi/lib/thumb/v7-m/nofp\libnosys.a
START GROUP
LOAD d:/tools/gcc-arm-none-eabi-10.3-2021.07/bin/../lib/gcc/arm-none-eabi/10.3.1/thumb/v7-m/nofp\libgcc.a
LOAD d:/tools/gcc-arm-none-eabi-10.3-2021.07/bin/../lib/gcc/arm-none-eabi/10.3.1/../../../../arm-none-eabi/lib/thumb/v7-m/nofp\libc_nano.a
END GROUP
START GROUP
LOAD d:/tools/gcc-arm-none-eabi-10.3-2021.07/bin/../lib/gcc/arm-none-eabi/10.3.1/thumb/v7-m/nofp\libgcc.a
LOAD d:/tools/gcc-arm-none-eabi-10.3-2021.07/bin/../lib/gcc/arm-none-eabi/10.3.1/../../../../arm-none-eabi/lib/thumb/v7-m/nofp\libc_nano.a
END GROUP
LOAD d:/tools/gcc-arm-none-eabi-10.3-2021.07/bin/../lib/gcc/arm-none-eabi/10.3.1/thumb/v7-m/nofp/crtend.o
LOAD d:/tools/gcc-arm-none-eabi-10.3-2021.07/bin/../lib/gcc/arm-none-eabi/10.3.1/thumb/v7-m/nofp/crtn.o
                0x20005000                _estack = 0x20005000
                0x00000200                _Min_Heap_Size = 0x200
                0x00000400                _Min_Stack_Size = 0x400

.isr_vector     0x08000000      0x10c
                0x08000000                . = ALIGN (0x4)
 *(.isr_vector)
 .isr_vector    0x08000000      0x10c build/startup_stm32f103xb.o
                0x08000000                g_pfnVectors
                0x0800010c                . = ALIGN (0x4)

.text           0x08000110     0x9888
                0x08000110                . = ALIGN (0x4)
 *(.text)
 .text          0x08000110       0x40 d:/tools/gcc-arm-none-eabi-10.3-2021.07/bin/../lib/gcc/arm-none-eabi/10.3.1/thumb/v7-m/nofp/crtbegin.o
 .text          0x08000150       0x10 d:/tools/gcc-arm-none-eabi-10.3-2021.07/bin/../lib/gcc/arm-none-eabi/10.3.1/../../../../arm-none-eabi/lib/thumb/v7-m/nofp\libc_nano.a(lib_a-strlen.o)
                0x08000150                strlen
 .text          0x08000160      0x378 d:/tools/gcc-arm-none-eabi-10.3-2021.07/bin/../lib/gcc/arm-none-eabi/10.3.1/thumb/v7-m/nofp\libgcc.a(_arm_addsubdf3.o)
                0x08000160                __aeabi_drsub
                0x08000168                __aeabi_dsub
                0x08000168                __subdf3
                0x0800016c                __aeabi_dadd
                0x0800016c                __adddf3
                0x080003e4                __floatunsidf
                0x080003e4                __aeabi_ui2d
                0x08000404                __floatsidf
                0x08000404                __aeabi_i2d
                0x08000428                __aeabi_f2d
                0x08000428                __extendsfdf2
                0x0800046c                __floatundidf
                0x0800046c                __aeabi_ul2d
                0x0800047c                __floatdidf
                0x0800047c                __aeabi_l2d
 .text          0x080004d8      0x424 d:/tools/gcc-arm-none-eabi-10.3-2021.07/bin/../lib/gcc/arm-none-eabi/10.3.1/thumb/v7-m/nofp\libgcc.a(_arm_muldivdf3.o)
                0x080004d8                __aeabi_dmul
                0x080004d8                __muldf3
                0x0800072c                __divdf3
                0x0800072c                __aeabi_ddiv
 .text          0x080008fc      0x110 d:/tools/gcc-arm-none-eabi-10.3-2021.07/bin/../lib/gcc/arm-none-eabi/10.3.1/thumb/v7-m/nofp\libgcc.a(_arm_cmpdf2.o)
                0x080008fc                __gtdf2
                0x080008fc                __gedf2
                0x08000904                __ltdf2
                0x08000904                __ledf2
                0x0800090c                __nedf2
                0x0800090c                __eqdf2
                0x0800090c                __cmpdf2
                0x08000988                __aeabi_cdrcmple
                0x08000998                __aeabi_cdcmpeq
                0x08000998                __aeabi_cdcmple
                0x080009a8                __aeabi_dcmpeq
                0x080009bc                __aeabi_dcmplt
                0x080009d0                __aeabi_dcmple
                0x080009e4                __aeabi_dcmpge
                0x080009f8                __aeabi_dcmpgt
 .text          0x08000a0c       0x2c d:/tools/gcc-arm-none-eabi-10.3-2021.07/bin/../lib/gcc/arm-none-eabi/10.3.1/thumb/v7-m/nofp\libgcc.a(_arm_unorddf2.o)
                0x08000a0c                __unorddf2
                0x08000a0c                __aeabi_dcmpun
 .text          0x08000a38       0xa0 d:/tools/gcc-arm-none-eabi-10.3-2021.07/bin/../lib/gcc/arm-none-eabi/10.3.1/thumb/v7-m/nofp\libgcc.a(_arm_truncdfsf2.o)
                0x08000a38                __truncdfsf2
                0x08000a38                __aeabi_d2f
 .text          0x08000ad8      0x21c d:/tools/gcc-arm-none-eabi-10.3-2021.07/bin/../lib/gcc/arm-none-eabi/10.3.1/thumb/v7-m/nofp\libgcc.a(_arm_addsubsf3.o)
                0x08000ad8                __aeabi_frsub
                0x08000ae0                __subsf3
                0x08000ae0                __aeabi_fsub
                0x08000ae4                __aeabi_fadd
                0x08000ae4                __addsf3
                0x08000c44                __aeabi_ui2f
                0x08000c44                __floatunsisf
                0x08000c4c                __aeabi_i2f
                0x08000c4c                __floatsisf
                0x08000c68                __aeabi_ul2f
                0x08000c68                __floatundisf
                0x08000c78                __aeabi_l2f
                0x08000c78                __floatdisf
 .text          0x08000cf4      0x2a0 d:/tools/gcc-arm-none-eabi-10.3-2021.07/bin/../lib/gcc/arm-none-eabi/10.3.1/thumb/v7-m/nofp\libgcc.a(_arm_muldivsf3.o)
                0x08000cf4                __mulsf3
                0x08000cf4                __aeabi_fmul
                0x08000e5c                __aeabi_fdiv
                0x08000e5c                __divsf3
 .text          0x08000f94       0xec d:/tools/gcc-arm-none-eabi-10.3-2021.07/bin/../lib/gcc/arm-none-eabi/10.3.1/thumb/v7-m/nofp\libgcc.a(_arm_cmpsf2.o)
                0x08000f94                __gesf2
                0x08000f94                __gtsf2
                0x08000f9c                __lesf2
                0x08000f9c                __ltsf2
                0x08000fa4                __nesf2
                0x08000fa4                __eqsf2
                0x08000fa4                __cmpsf2
                0x08001004                __aeabi_cfrcmple
                0x0800100c                __aeabi_cfcmpeq
                0x0800100c                __aeabi_cfcmple
                0x0800101c                __aeabi_fcmpeq
                0x08001030                __aeabi_fcmplt
                0x08001044                __aeabi_fcmple
                0x08001058                __aeabi_fcmpge
                0x0800106c                __aeabi_fcmpgt
 *(.text*)
 .text.HAL_UART_RxCpltCallback
                0x08001080       0x14 build/main.o
                0x08001080                HAL_UART_RxCpltCallback
 .text.HAL_TIM_PeriodElapsedCallback
                0x08001094       0x18 build/main.o
                0x08001094                HAL_TIM_PeriodElapsedCallback
 .text.Error_Handler
                0x080010ac        0x4 build/main.o
                0x080010ac                Error_Handler
 .text.SystemClock_Config
                0x080010b0       0x68 build/main.o
                0x080010b0                SystemClock_Config
 .text.main     0x08001118       0x28 build/main.o
                0x08001118                main
 .text.MX_GPIO_Init
                0x08001140       0xd0 build/gpio.o
                0x08001140                MX_GPIO_Init
 .text.MX_I2C1_Init
                0x08001210       0x3c build/i2c.o
                0x08001210                MX_I2C1_Init
 .text.HAL_I2C_MspInit
                0x0800124c       0x74 build/i2c.o
                0x0800124c                HAL_I2C_MspInit
 .text.MX_USART1_UART_Init
                0x080012c0       0x34 build/usart.o
                0x080012c0                MX_USART1_UART_Init
 .text.HAL_UART_MspInit
                0x080012f4       0x88 build/usart.o
                0x080012f4                HAL_UART_MspInit
 .text.NMI_Handler
                0x0800137c        0x2 build/stm32f1xx_it.o
                0x0800137c                NMI_Handler
 .text.HardFault_Handler
                0x0800137e        0x2 build/stm32f1xx_it.o
                0x0800137e                HardFault_Handler
 .text.MemManage_Handler
                0x08001380        0x2 build/stm32f1xx_it.o
                0x08001380                MemManage_Handler
 .text.BusFault_Handler
                0x08001382        0x2 build/stm32f1xx_it.o
                0x08001382                BusFault_Handler
 .text.UsageFault_Handler
                0x08001384        0x2 build/stm32f1xx_it.o
                0x08001384                UsageFault_Handler
 .text.DebugMon_Handler
                0x08001386        0x2 build/stm32f1xx_it.o
                0x08001386                DebugMon_Handler
 .text.TIM1_UP_IRQHandler
                0x08001388       0x10 build/stm32f1xx_it.o
                0x08001388                TIM1_UP_IRQHandler
 .text.I2C1_EV_IRQHandler
                0x08001398       0x10 build/stm32f1xx_it.o
                0x08001398                I2C1_EV_IRQHandler
 .text.USART1_IRQHandler
                0x080013a8       0x10 build/stm32f1xx_it.o
                0x080013a8                USART1_IRQHandler
 .text.HAL_MspInit
                0x080013b8       0x54 build/stm32f1xx_hal_msp.o
                0x080013b8                HAL_MspInit
 .text.I2C_Master_SB
                0x0800140c       0xa8 build/stm32f1xx_hal_i2c.o
 .text.I2C_Master_ADD10
                0x080014b4       0x2a build/stm32f1xx_hal_i2c.o
 .text.I2C_Master_ADDR
                0x080014de      0x216 build/stm32f1xx_hal_i2c.o
 .text.I2C_SlaveTransmit_BTF
                0x080016f4       0x20 build/stm32f1xx_hal_i2c.o
 .text.I2C_SlaveReceive_BTF
                0x08001714       0x20 build/stm32f1xx_hal_i2c.o
 .text.I2C_WaitOnSTOPRequestThroughIT
                0x08001734       0x48 build/stm32f1xx_hal_i2c.o
 .text.I2C_IsAcknowledgeFailed
                0x0800177c       0x32 build/stm32f1xx_hal_i2c.o
 .text.I2C_ConvertOtherXferOptions
                0x080017ae       0x1e build/stm32f1xx_hal_i2c.o
 .text.I2C_WaitOnFlagUntilTimeout
                0x080017cc       0x7c build/stm32f1xx_hal_i2c.o
 .text.I2C_WaitOnMasterAddressFlagUntilTimeout
                0x08001848       0xaa build/stm32f1xx_hal_i2c.o
 .text.I2C_WaitOnTXEFlagUntilTimeout
                0x080018f2       0x54 build/stm32f1xx_hal_i2c.o
 *fill*         0x08001946        0x2 
 .text.I2C_RequestMemoryWrite
                0x08001948       0xd8 build/stm32f1xx_hal_i2c.o
 .text.I2C_RequestMemoryRead
                0x08001a20      0x154 build/stm32f1xx_hal_i2c.o
 .text.I2C_WaitOnBTFFlagUntilTimeout
                0x08001b74       0x54 build/stm32f1xx_hal_i2c.o
 .text.I2C_WaitOnRXNEFlagUntilTimeout
                0x08001bc8       0x6a build/stm32f1xx_hal_i2c.o
 *fill*         0x08001c32        0x2 
 .text.HAL_I2C_Init
                0x08001c34      0x1bc build/stm32f1xx_hal_i2c.o
                0x08001c34                HAL_I2C_Init
 .text.HAL_I2C_Mem_Write
                0x08001df0      0x164 build/stm32f1xx_hal_i2c.o
                0x08001df0                HAL_I2C_Mem_Write
 .text.HAL_I2C_Mem_Read
                0x08001f54      0x348 build/stm32f1xx_hal_i2c.o
                0x08001f54                HAL_I2C_Mem_Read
 .text.HAL_I2C_MasterTxCpltCallback
                0x0800229c        0x2 build/stm32f1xx_hal_i2c.o
                0x0800229c                HAL_I2C_MasterTxCpltCallback
 .text.HAL_I2C_MasterRxCpltCallback
                0x0800229e        0x2 build/stm32f1xx_hal_i2c.o
                0x0800229e                HAL_I2C_MasterRxCpltCallback
 .text.HAL_I2C_SlaveTxCpltCallback
                0x080022a0        0x2 build/stm32f1xx_hal_i2c.o
                0x080022a0                HAL_I2C_SlaveTxCpltCallback
 .text.I2C_SlaveTransmit_TXE
                0x080022a2       0x4c build/stm32f1xx_hal_i2c.o
 .text.HAL_I2C_SlaveRxCpltCallback
                0x080022ee        0x2 build/stm32f1xx_hal_i2c.o
                0x080022ee                HAL_I2C_SlaveRxCpltCallback
 .text.I2C_SlaveReceive_RXNE
                0x080022f0       0x4c build/stm32f1xx_hal_i2c.o
 .text.HAL_I2C_AddrCallback
                0x0800233c        0x2 build/stm32f1xx_hal_i2c.o
                0x0800233c                HAL_I2C_AddrCallback
 .text.I2C_Slave_ADDR
                0x0800233e       0x5a build/stm32f1xx_hal_i2c.o
 .text.HAL_I2C_ListenCpltCallback
                0x08002398        0x2 build/stm32f1xx_hal_i2c.o
                0x08002398                HAL_I2C_ListenCpltCallback
 .text.HAL_I2C_MemTxCpltCallback
                0x0800239a        0x2 build/stm32f1xx_hal_i2c.o
                0x0800239a                HAL_I2C_MemTxCpltCallback
 .text.I2C_MasterTransmit_BTF
                0x0800239c       0x9e build/stm32f1xx_hal_i2c.o
 .text.I2C_MemoryTransmit_TXE_BTF
                0x0800243a       0xbe build/stm32f1xx_hal_i2c.o
 .text.I2C_MasterTransmit_TXE
                0x080024f8       0xd0 build/stm32f1xx_hal_i2c.o
 .text.HAL_I2C_MemRxCpltCallback
                0x080025c8        0x2 build/stm32f1xx_hal_i2c.o
                0x080025c8                HAL_I2C_MemRxCpltCallback
 .text.I2C_MasterReceive_BTF
                0x080025ca      0x128 build/stm32f1xx_hal_i2c.o
 .text.HAL_I2C_ErrorCallback
                0x080026f2        0x2 build/stm32f1xx_hal_i2c.o
                0x080026f2                HAL_I2C_ErrorCallback
 .text.I2C_MasterReceive_RXNE
                0x080026f4       0xec build/stm32f1xx_hal_i2c.o
 .text.HAL_I2C_AbortCpltCallback
                0x080027e0        0x2 build/stm32f1xx_hal_i2c.o
                0x080027e0                HAL_I2C_AbortCpltCallback
 *fill*         0x080027e2        0x2 
 .text.I2C_DMAAbort
                0x080027e4       0xe4 build/stm32f1xx_hal_i2c.o
 .text.I2C_ITError
                0x080028c8      0x174 build/stm32f1xx_hal_i2c.o
 .text.I2C_Slave_STOPF
                0x08002a3c      0x18c build/stm32f1xx_hal_i2c.o
 .text.HAL_I2C_EV_IRQHandler
                0x08002bc8      0x1a0 build/stm32f1xx_hal_i2c.o
                0x08002bc8                HAL_I2C_EV_IRQHandler
 .text.HAL_Init
                0x08002d68       0x24 build/stm32f1xx_hal.o
                0x08002d68                HAL_Init
 .text.HAL_IncTick
                0x08002d8c       0x18 build/stm32f1xx_hal.o
                0x08002d8c                HAL_IncTick
 .text.HAL_GetTick
                0x08002da4        0xc build/stm32f1xx_hal.o
                0x08002da4                HAL_GetTick
 .text.RCC_Delay
                0x08002db0       0x2c build/stm32f1xx_hal_rcc.o
 .text.HAL_RCC_OscConfig
                0x08002ddc      0x410 build/stm32f1xx_hal_rcc.o
                0x08002ddc                HAL_RCC_OscConfig
 .text.HAL_RCC_GetSysClockFreq
                0x080031ec       0x70 build/stm32f1xx_hal_rcc.o
                0x080031ec                HAL_RCC_GetSysClockFreq
 .text.HAL_RCC_ClockConfig
                0x0800325c      0x16c build/stm32f1xx_hal_rcc.o
                0x0800325c                HAL_RCC_ClockConfig
 .text.HAL_RCC_GetHCLKFreq
                0x080033c8        0xc build/stm32f1xx_hal_rcc.o
                0x080033c8                HAL_RCC_GetHCLKFreq
 .text.HAL_RCC_GetPCLK1Freq
                0x080033d4       0x20 build/stm32f1xx_hal_rcc.o
                0x080033d4                HAL_RCC_GetPCLK1Freq
 .text.HAL_RCC_GetPCLK2Freq
                0x080033f4       0x20 build/stm32f1xx_hal_rcc.o
                0x080033f4                HAL_RCC_GetPCLK2Freq
 .text.HAL_RCC_GetClockConfig
                0x08003414       0x3c build/stm32f1xx_hal_rcc.o
                0x08003414                HAL_RCC_GetClockConfig
 .text.HAL_GPIO_Init
                0x08003450      0x224 build/stm32f1xx_hal_gpio.o
                0x08003450                HAL_GPIO_Init
 .text.HAL_GPIO_WritePin
                0x08003674        0xc build/stm32f1xx_hal_gpio.o
                0x08003674                HAL_GPIO_WritePin
 .text.HAL_GPIO_TogglePin
                0x08003680       0x12 build/stm32f1xx_hal_gpio.o
                0x08003680                HAL_GPIO_TogglePin
 .text.HAL_DMA_Abort
                0x08003692       0x44 build/stm32f1xx_hal_dma.o
                0x08003692                HAL_DMA_Abort
 *fill*         0x080036d6        0x2 
 .text.HAL_DMA_Abort_IT
                0x080036d8       0x98 build/stm32f1xx_hal_dma.o
                0x080036d8                HAL_DMA_Abort_IT
 .text.HAL_DMA_GetState
                0x08003770        0x6 build/stm32f1xx_hal_dma.o
                0x08003770                HAL_DMA_GetState
 *fill*         0x08003776        0x2 
 .text.HAL_NVIC_SetPriorityGrouping
                0x08003778       0x24 build/stm32f1xx_hal_cortex.o
                0x08003778                HAL_NVIC_SetPriorityGrouping
 .text.HAL_NVIC_SetPriority
                0x0800379c       0x70 build/stm32f1xx_hal_cortex.o
                0x0800379c                HAL_NVIC_SetPriority
 .text.HAL_NVIC_EnableIRQ
                0x0800380c       0x1c build/stm32f1xx_hal_cortex.o
                0x0800380c                HAL_NVIC_EnableIRQ
 .text.HAL_TIM_Base_MspInit
                0x08003828        0x2 build/stm32f1xx_hal_tim.o
                0x08003828                HAL_TIM_Base_MspInit
 *fill*         0x0800382a        0x2 
 .text.HAL_TIM_Base_Start_IT
                0x0800382c       0x68 build/stm32f1xx_hal_tim.o
                0x0800382c                HAL_TIM_Base_Start_IT
 .text.HAL_TIM_OC_DelayElapsedCallback
                0x08003894        0x2 build/stm32f1xx_hal_tim.o
                0x08003894                HAL_TIM_OC_DelayElapsedCallback
 .text.HAL_TIM_IC_CaptureCallback
                0x08003896        0x2 build/stm32f1xx_hal_tim.o
                0x08003896                HAL_TIM_IC_CaptureCallback
 .text.HAL_TIM_PWM_PulseFinishedCallback
                0x08003898        0x2 build/stm32f1xx_hal_tim.o
                0x08003898                HAL_TIM_PWM_PulseFinishedCallback
 .text.HAL_TIM_TriggerCallback
                0x0800389a        0x2 build/stm32f1xx_hal_tim.o
                0x0800389a                HAL_TIM_TriggerCallback
 .text.HAL_TIM_IRQHandler
                0x0800389c      0x17a build/stm32f1xx_hal_tim.o
                0x0800389c                HAL_TIM_IRQHandler
 *fill*         0x08003a16        0x2 
 .text.TIM_Base_SetConfig
                0x08003a18       0x74 build/stm32f1xx_hal_tim.o
                0x08003a18                TIM_Base_SetConfig
 .text.HAL_TIM_Base_Init
                0x08003a8c       0x58 build/stm32f1xx_hal_tim.o
                0x08003a8c                HAL_TIM_Base_Init
 .text.HAL_TIMEx_CommutCallback
                0x08003ae4        0x2 build/stm32f1xx_hal_tim_ex.o
                0x08003ae4                HAL_TIMEx_CommutCallback
 .text.HAL_TIMEx_BreakCallback
                0x08003ae6        0x2 build/stm32f1xx_hal_tim_ex.o
                0x08003ae6                HAL_TIMEx_BreakCallback
 .text.UART_EndRxTransfer
                0x08003ae8       0x32 build/stm32f1xx_hal_uart.o
 .text.UART_Transmit_IT
                0x08003b1a       0x60 build/stm32f1xx_hal_uart.o
 *fill*         0x08003b7a        0x2 
 .text.UART_SetConfig
                0x08003b7c       0x94 build/stm32f1xx_hal_uart.o
 .text.HAL_UART_Init
                0x08003c10       0x5e build/stm32f1xx_hal_uart.o
                0x08003c10                HAL_UART_Init
 .text.HAL_UART_Transmit_IT
                0x08003c6e       0x4e build/stm32f1xx_hal_uart.o
                0x08003c6e                HAL_UART_Transmit_IT
 .text.HAL_UART_TxCpltCallback
                0x08003cbc        0x2 build/stm32f1xx_hal_uart.o
                0x08003cbc                HAL_UART_TxCpltCallback
 .text.UART_EndTransmit_IT
                0x08003cbe       0x1a build/stm32f1xx_hal_uart.o
 .text.HAL_UART_ErrorCallback
                0x08003cd8        0x2 build/stm32f1xx_hal_uart.o
                0x08003cd8                HAL_UART_ErrorCallback
 .text.UART_DMAAbortOnError
                0x08003cda       0x10 build/stm32f1xx_hal_uart.o
 .text.HAL_UARTEx_RxEventCallback
                0x08003cea        0x2 build/stm32f1xx_hal_uart.o
                0x08003cea                HAL_UARTEx_RxEventCallback
 .text.UART_Receive_IT
                0x08003cec       0xd4 build/stm32f1xx_hal_uart.o
 .text.HAL_UART_IRQHandler
                0x08003dc0      0x204 build/stm32f1xx_hal_uart.o
                0x08003dc0                HAL_UART_IRQHandler
 .text.UART_Start_Receive_IT
                0x08003fc4       0x36 build/stm32f1xx_hal_uart.o
                0x08003fc4                UART_Start_Receive_IT
 .text.HAL_UART_Receive_IT
                0x08003ffa       0x38 build/stm32f1xx_hal_uart.o
                0x08003ffa                HAL_UART_Receive_IT
 .text.SystemInit
                0x08004032        0x2 build/system_stm32f1xx.o
                0x08004032                SystemInit
 .text.MQTT_Task
                0x08004034      0x680 build/freertos.o
                0x08004034                MQTT_Task
 *fill*         0x080046b4        0x4 
 .text.Sensor_Task
                0x080046b8       0xf8 build/freertos.o
                0x080046b8                Sensor_Task
 .text.Callback01
                0x080047b0       0x2c build/freertos.o
                0x080047b0                Callback01
 .text.MX_FREERTOS_Init
                0x080047dc       0x54 build/freertos.o
                0x080047dc                MX_FREERTOS_Init
 .text.MX_IWDG_Init
                0x08004830       0x28 build/iwdg.o
                0x08004830                MX_IWDG_Init
 .text.HAL_InitTick
                0x08004858       0x78 build/stm32f1xx_hal_timebase_tim.o
                0x08004858                HAL_InitTick
 .text.HAL_IWDG_Init
                0x080048d0       0x58 build/stm32f1xx_hal_iwdg.o
                0x080048d0                HAL_IWDG_Init
 .text.HAL_IWDG_Refresh
                0x08004928        0xc build/stm32f1xx_hal_iwdg.o
                0x08004928                HAL_IWDG_Refresh
 .text.vListInitialise
                0x08004934       0x16 build/list.o
                0x08004934                vListInitialise
 .text.vListInitialiseItem
                0x0800494a        0x6 build/list.o
                0x0800494a                vListInitialiseItem
 .text.vListInsertEnd
                0x08004950       0x16 build/list.o
                0x08004950                vListInsertEnd
 .text.vListInsert
                0x08004966       0x32 build/list.o
                0x08004966                vListInsert
 .text.uxListRemove
                0x08004998       0x26 build/list.o
                0x08004998                uxListRemove
 .text.prvIsQueueFull
                0x080049be       0x1e build/queue.o
 .text.prvIsQueueEmpty
                0x080049dc       0x1a build/queue.o
 .text.prvCopyDataToQueue
                0x080049f6       0x76 build/queue.o
 .text.prvCopyDataFromQueue
                0x08004a6c       0x24 build/queue.o
 .text.prvUnlockQueue
                0x08004a90       0x6e build/queue.o
 .text.xQueueGenericReset
                0x08004afe       0x84 build/queue.o
                0x08004afe                xQueueGenericReset
 .text.prvInitialiseNewQueue
                0x08004b82       0x22 build/queue.o
 .text.xQueueGenericCreateStatic
                0x08004ba4       0x92 build/queue.o
                0x08004ba4                xQueueGenericCreateStatic
 .text.xQueueGenericSend
                0x08004c36      0x188 build/queue.o
                0x08004c36                xQueueGenericSend
 .text.xQueueGenericSendFromISR
                0x08004dbe       0xcc build/queue.o
                0x08004dbe                xQueueGenericSendFromISR
 .text.xQueueReceive
                0x08004e8a      0x15e build/queue.o
                0x08004e8a                xQueueReceive
 .text.vQueueAddToRegistry
                0x08004fe8       0x28 build/queue.o
                0x08004fe8                vQueueAddToRegistry
 .text.vQueueWaitForMessageRestricted
                0x08005010       0x52 build/queue.o
                0x08005010                vQueueWaitForMessageRestricted
 *fill*         0x08005062        0x2 
 .text.prvResetNextTaskUnblockTime
                0x08005064       0x2c build/tasks.o
 .text.prvInitialiseNewTask
                0x08005090       0xa2 build/tasks.o
 *fill*         0x08005132        0x2 
 .text.prvInitialiseTaskLists
                0x08005134       0x68 build/tasks.o
 .text.prvAddNewTaskToReadyList
                0x0800519c       0xac build/tasks.o
 .text.prvDeleteTCB
                0x08005248       0x38 build/tasks.o
 .text.prvCheckTasksWaitingTermination
                0x08005280       0x4c build/tasks.o
 .text.prvIdleTask
                0x080052cc       0x28 build/tasks.o
 .text.prvAddCurrentTaskToDelayedList
                0x080052f4       0x7c build/tasks.o
 .text.xTaskCreateStatic
                0x08005370       0x74 build/tasks.o
                0x08005370                xTaskCreateStatic
 .text.xTaskCreate
                0x080053e4       0x68 build/tasks.o
                0x080053e4                xTaskCreate
 .text.vTaskStartScheduler
                0x0800544c       0x9c build/tasks.o
                0x0800544c                vTaskStartScheduler
 .text.vTaskSuspendAll
                0x080054e8       0x10 build/tasks.o
                0x080054e8                vTaskSuspendAll
 .text.xTaskGetTickCount
                0x080054f8        0xc build/tasks.o
                0x080054f8                xTaskGetTickCount
 .text.xTaskIncrementTick
                0x08005504      0x118 build/tasks.o
                0x08005504                xTaskIncrementTick
 .text.xTaskResumeAll
                0x0800561c       0xf8 build/tasks.o
                0x0800561c                xTaskResumeAll
 .text.vTaskDelay
                0x08005714       0x4c build/tasks.o
                0x08005714                vTaskDelay
 .text.vTaskSwitchContext
                0x08005760       0x94 build/tasks.o
                0x08005760                vTaskSwitchContext
 .text.vTaskPlaceOnEventList
                0x080057f4       0x30 build/tasks.o
                0x080057f4                vTaskPlaceOnEventList
 .text.vTaskPlaceOnEventListRestricted
                0x08005824       0x38 build/tasks.o
                0x08005824                vTaskPlaceOnEventListRestricted
 .text.xTaskRemoveFromEventList
                0x0800585c       0x8c build/tasks.o
                0x0800585c                xTaskRemoveFromEventList
 .text.vTaskInternalSetTimeOutState
                0x080058e8       0x18 build/tasks.o
                0x080058e8                vTaskInternalSetTimeOutState
 .text.xTaskCheckForTimeOut
                0x08005900       0x84 build/tasks.o
                0x08005900                xTaskCheckForTimeOut
 .text.vTaskMissedYield
                0x08005984        0xc build/tasks.o
                0x08005984                vTaskMissedYield
 .text.xTaskGetSchedulerState
                0x08005990       0x20 build/tasks.o
                0x08005990                xTaskGetSchedulerState
 .text.xTaskPriorityDisinherit
                0x080059b0       0x98 build/tasks.o
                0x080059b0                xTaskPriorityDisinherit
 .text.prvGetNextExpireTime
                0x08005a48       0x20 build/timers.o
 .text.prvInsertTimerInActiveList
                0x08005a68       0x48 build/timers.o
 .text.prvCheckForValidListAndQueue
                0x08005ab0       0x70 build/timers.o
 .text.prvInitialiseNewTimer
                0x08005b20       0x40 build/timers.o
 .text.xTimerCreateTimerTask
                0x08005b60       0x64 build/timers.o
                0x08005b60                xTimerCreateTimerTask
 .text.xTimerCreate
                0x08005bc4       0x38 build/timers.o
                0x08005bc4                xTimerCreate
 .text.xTimerCreateStatic
                0x08005bfc       0x50 build/timers.o
                0x08005bfc                xTimerCreateStatic
 .text.xTimerGenericCommand
                0x08005c4c       0x6c build/timers.o
                0x08005c4c                xTimerGenericCommand
 .text.prvSwitchTimerLists
                0x08005cb8       0x78 build/timers.o
 .text.prvSampleTimeNow
                0x08005d30       0x2c build/timers.o
 .text.prvProcessExpiredTimer
                0x08005d5c       0x60 build/timers.o
 .text.prvProcessTimerOrBlockTask
                0x08005dbc       0x74 build/timers.o
 .text.prvProcessReceivedCommands
                0x08005e30       0xf8 build/timers.o
 .text.prvTimerTask
                0x08005f28       0x16 build/timers.o
 .text.xTimerIsTimerActive
                0x08005f3e       0x2c build/timers.o
                0x08005f3e                xTimerIsTimerActive
 .text.pvTimerGetTimerID
                0x08005f6a       0x26 build/timers.o
                0x08005f6a                pvTimerGetTimerID
 .text.TimerCallback
                0x08005f90       0x10 build/cmsis_os2.o
 .text.osKernelInitialize
                0x08005fa0       0x44 build/cmsis_os2.o
                0x08005fa0                osKernelInitialize
 .text.osKernelStart
                0x08005fe4       0x4c build/cmsis_os2.o
                0x08005fe4                osKernelStart
 .text.osThreadNew
                0x08006030       0xec build/cmsis_os2.o
                0x08006030                osThreadNew
 .text.osDelay  0x0800611c       0x44 build/cmsis_os2.o
                0x0800611c                osDelay
 .text.osTimerNew
                0x08006160       0xbc build/cmsis_os2.o
                0x08006160                osTimerNew
 .text.osTimerStart
                0x0800621c       0x5c build/cmsis_os2.o
                0x0800621c                osTimerStart
 .text.osTimerStop
                0x08006278       0x6c build/cmsis_os2.o
                0x08006278                osTimerStop
 .text.vApplicationGetIdleTaskMemory
                0x080062e4       0x18 build/cmsis_os2.o
                0x080062e4                vApplicationGetIdleTaskMemory
 .text.vApplicationGetTimerTaskMemory
                0x080062fc       0x18 build/cmsis_os2.o
                0x080062fc                vApplicationGetTimerTaskMemory
 .text.prvHeapInit
                0x08006314       0x64 build/heap_4.o
 .text.prvInsertBlockIntoFreeList
                0x08006378       0x60 build/heap_4.o
 .text.pvPortMalloc
                0x080063d8       0xf0 build/heap_4.o
                0x080063d8                pvPortMalloc
 .text.vPortFree
                0x080064c8       0x70 build/heap_4.o
                0x080064c8                vPortFree
 .text.prvTaskExitError
                0x08006538       0x40 build/port.o
 .text.prvPortStartFirstTask
                0x08006578       0x20 build/port.o
 .text.pxPortInitialiseStack
                0x08006598       0x24 build/port.o
                0x08006598                pxPortInitialiseStack
 *fill*         0x080065bc        0x4 
 .text.SVC_Handler
                0x080065c0       0x24 build/port.o
                0x080065c0                SVC_Handler
 .text.vPortEnterCritical
                0x080065e4       0x44 build/port.o
                0x080065e4                vPortEnterCritical
 .text.vPortExitCritical
                0x08006628       0x2c build/port.o
                0x08006628                vPortExitCritical
 *fill*         0x08006654        0xc 
 .text.PendSV_Handler
                0x08006660       0x44 build/port.o
                0x08006660                PendSV_Handler
 .text.SysTick_Handler
                0x080066a4       0x2c build/port.o
                0x080066a4                SysTick_Handler
 .text.vPortSetupTimerInterrupt
                0x080066d0       0x28 build/port.o
                0x080066d0                vPortSetupTimerInterrupt
 .text.xPortStartScheduler
                0x080066f8       0xc0 build/port.o
                0x080066f8                xPortStartScheduler
 .text.vPortValidateInterruptPriority
                0x080067b8       0x5c build/port.o
                0x080067b8                vPortValidateInterruptPriority
 .text.MQTTSerialize_connectLength
                0x08006814       0x88 build/MQTTConnectClient.o
                0x08006814                MQTTSerialize_connectLength
 .text.MQTTSerialize_connect
                0x0800689c      0x124 build/MQTTConnectClient.o
                0x0800689c                MQTTSerialize_connect
 .text.bufchar  0x080069c0       0x2c build/MQTTPacket.o
                0x080069c0                bufchar
 .text.MQTTPacket_encode
                0x080069ec       0x46 build/MQTTPacket.o
                0x080069ec                MQTTPacket_encode
 .text.MQTTPacket_decode
                0x08006a32       0x40 build/MQTTPacket.o
                0x08006a32                MQTTPacket_decode
 *fill*         0x08006a72        0x2 
 .text.MQTTPacket_len
                0x08006a74       0x28 build/MQTTPacket.o
                0x08006a74                MQTTPacket_len
 .text.MQTTPacket_decodeBuf
                0x08006a9c       0x18 build/MQTTPacket.o
                0x08006a9c                MQTTPacket_decodeBuf
 .text.readInt  0x08006ab4       0x10 build/MQTTPacket.o
                0x08006ab4                readInt
 .text.readChar
                0x08006ac4        0xc build/MQTTPacket.o
                0x08006ac4                readChar
 .text.writeChar
                0x08006ad0        0xc build/MQTTPacket.o
                0x08006ad0                writeChar
 .text.writeInt
                0x08006adc       0x2e build/MQTTPacket.o
                0x08006adc                writeInt
 .text.writeCString
                0x08006b0a       0x28 build/MQTTPacket.o
                0x08006b0a                writeCString
 .text.writeMQTTString
                0x08006b32       0x44 build/MQTTPacket.o
                0x08006b32                writeMQTTString
 .text.readMQTTLenString
                0x08006b76       0x34 build/MQTTPacket.o
                0x08006b76                readMQTTLenString
 .text.MQTTstrlen
                0x08006baa       0x1a build/MQTTPacket.o
                0x08006baa                MQTTstrlen
 .text.MQTTSerialize_publishLength
                0x08006bc4       0x26 build/MQTTSerializePublish.o
                0x08006bc4                MQTTSerialize_publishLength
 .text.MQTTSerialize_publish
                0x08006bea       0x92 build/MQTTSerializePublish.o
                0x08006bea                MQTTSerialize_publish
 .text.str2float
                0x08006c7c       0xa0 build/MQTTSim800.o
                0x08006c7c                str2float
 .text.GPS_Time_Parse
                0x08006d1c       0xbc build/MQTTSim800.o
                0x08006d1c                GPS_Time_Parse
 .text.clearRxBuffer
                0x08006dd8       0x1c build/MQTTSim800.o
                0x08006dd8                clearRxBuffer
 .text.getBattery
                0x08006df4       0x5c build/MQTTSim800.o
                0x08006df4                getBattery
 .text.clearMqttBuffer
                0x08006e50       0x24 build/MQTTSim800.o
                0x08006e50                clearMqttBuffer
 .text.getGPS   0x08006e74       0xb8 build/MQTTSim800.o
                0x08006e74                getGPS
 .text.SIM800_SendCommand
                0x08006f2c       0x40 build/MQTTSim800.o
                0x08006f2c                SIM800_SendCommand
 .text.SIM800_SendMQTT
                0x08006f6c       0x38 build/MQTTSim800.o
                0x08006f6c                SIM800_SendMQTT
 .text.MQTT_Connect
                0x08006fa4      0x100 build/MQTTSim800.o
                0x08006fa4                MQTT_Connect
 .text.MQTT_Init
                0x080070a4      0x138 build/MQTTSim800.o
                0x080070a4                MQTT_Init
 .text.MQTT_Pub
                0x080071dc       0x9c build/MQTTSim800.o
                0x080071dc                MQTT_Pub
 .text.MQTT_PubUint8
                0x08007278       0x34 build/MQTTSim800.o
                0x08007278                MQTT_PubUint8
 .text.MQTT_PubUint16
                0x080072ac       0x34 build/MQTTSim800.o
                0x080072ac                MQTT_PubUint16
 .text.MQTT_Receive
                0x080072e0       0x70 build/MQTTSim800.o
                0x080072e0                MQTT_Receive
 .text.Sim800_RxCallBack
                0x08007350      0x13c build/MQTTSim800.o
                0x08007350                Sim800_RxCallBack
 .text.MPU6050_Init
                0x0800748c       0xa0 build/mpu6050.o
                0x0800748c                MPU6050_Init
 .text.MPU6050_Read_Accel
                0x0800752c       0x88 build/mpu6050.o
                0x0800752c                MPU6050_Read_Accel
 .text.MQTTDeserialize_publish
                0x080075b4       0x92 build/MQTTDeserializePublish.o
                0x080075b4                MQTTDeserialize_publish
 *fill*         0x08007646        0x2 
 .text.Reset_Handler
                0x08007648       0x48 build/startup_stm32f103xb.o
                0x08007648                Reset_Handler
 .text.Default_Handler
                0x08007690        0x2 build/startup_stm32f103xb.o
                0x08007690                RTC_Alarm_IRQHandler
                0x08007690                EXTI2_IRQHandler
                0x08007690                TIM1_CC_IRQHandler
                0x08007690                PVD_IRQHandler
                0x08007690                EXTI3_IRQHandler
                0x08007690                EXTI0_IRQHandler
                0x08007690                I2C2_EV_IRQHandler
                0x08007690                ADC1_2_IRQHandler
                0x08007690                SPI1_IRQHandler
                0x08007690                TAMPER_IRQHandler
                0x08007690                DMA1_Channel4_IRQHandler
                0x08007690                USART3_IRQHandler
                0x08007690                RTC_IRQHandler
                0x08007690                DMA1_Channel7_IRQHandler
                0x08007690                CAN1_RX1_IRQHandler
                0x08007690                TIM4_IRQHandler
                0x08007690                DMA1_Channel6_IRQHandler
                0x08007690                TIM3_IRQHandler
                0x08007690                RCC_IRQHandler
                0x08007690                TIM1_TRG_COM_IRQHandler
                0x08007690                DMA1_Channel1_IRQHandler
                0x08007690                Default_Handler
                0x08007690                EXTI15_10_IRQHandler
                0x08007690                EXTI9_5_IRQHandler
                0x08007690                SPI2_IRQHandler
                0x08007690                DMA1_Channel5_IRQHandler
                0x08007690                EXTI4_IRQHandler
                0x08007690                USB_LP_CAN1_RX0_IRQHandler
                0x08007690                USB_HP_CAN1_TX_IRQHandler
                0x08007690                DMA1_Channel3_IRQHandler
                0x08007690                WWDG_IRQHandler
                0x08007690                TIM2_IRQHandler
                0x08007690                TIM1_BRK_IRQHandler
                0x08007690                EXTI1_IRQHandler
                0x08007690                USART2_IRQHandler
                0x08007690                I2C2_ER_IRQHandler
                0x08007690                DMA1_Channel2_IRQHandler
                0x08007690                CAN1_SCE_IRQHandler
                0x08007690                FLASH_IRQHandler
                0x08007690                I2C1_ER_IRQHandler
                0x08007690                USBWakeUp_IRQHandler
 *fill*         0x08007692        0x2 
 .text.__libc_init_array
                0x08007694       0x48 d:/tools/gcc-arm-none-eabi-10.3-2021.07/bin/../lib/gcc/arm-none-eabi/10.3.1/../../../../arm-none-eabi/lib/thumb/v7-m/nofp\libc_nano.a(lib_a-init.o)
                0x08007694                __libc_init_array
 .text.memcpy   0x080076dc       0x1c d:/tools/gcc-arm-none-eabi-10.3-2021.07/bin/../lib/gcc/arm-none-eabi/10.3.1/../../../../arm-none-eabi/lib/thumb/v7-m/nofp\libc_nano.a(lib_a-memcpy-stub.o)
                0x080076dc                memcpy
 .text.memset   0x080076f8       0x10 d:/tools/gcc-arm-none-eabi-10.3-2021.07/bin/../lib/gcc/arm-none-eabi/10.3.1/../../../../arm-none-eabi/lib/thumb/v7-m/nofp\libc_nano.a(lib_a-memset.o)
                0x080076f8                memset
 .text.snprintf
                0x08007708       0x68 d:/tools/gcc-arm-none-eabi-10.3-2021.07/bin/../lib/gcc/arm-none-eabi/10.3.1/../../../../arm-none-eabi/lib/thumb/v7-m/nofp\libc_nano.a(lib_a-snprintf.o)
                0x08007708                sniprintf
                0x08007708                snprintf
 .text.sprintf  0x08007770       0x40 d:/tools/gcc-arm-none-eabi-10.3-2021.07/bin/../lib/gcc/arm-none-eabi/10.3.1/../../../../arm-none-eabi/lib/thumb/v7-m/nofp\libc_nano.a(lib_a-sprintf.o)
                0x08007770                siprintf
                0x08007770                sprintf
 .text.sscanf   0x080077b0       0x54 d:/tools/gcc-arm-none-eabi-10.3-2021.07/bin/../lib/gcc/arm-none-eabi/10.3.1/../../../../arm-none-eabi/lib/thumb/v7-m/nofp\libc_nano.a(lib_a-sscanf.o)
                0x080077b0                siscanf
                0x080077b0                sscanf
 .text.__seofread
                0x08007804        0x4 d:/tools/gcc-arm-none-eabi-10.3-2021.07/bin/../lib/gcc/arm-none-eabi/10.3.1/../../../../arm-none-eabi/lib/thumb/v7-m/nofp\libc_nano.a(lib_a-stdio.o)
                0x08007804                __seofread
 .text.strcat   0x08007808       0x1e d:/tools/gcc-arm-none-eabi-10.3-2021.07/bin/../lib/gcc/arm-none-eabi/10.3.1/../../../../arm-none-eabi/lib/thumb/v7-m/nofp\libc_nano.a(lib_a-strcat.o)
                0x08007808                strcat
 .text.strchr   0x08007826       0x1a d:/tools/gcc-arm-none-eabi-10.3-2021.07/bin/../lib/gcc/arm-none-eabi/10.3.1/../../../../arm-none-eabi/lib/thumb/v7-m/nofp\libc_nano.a(lib_a-strchr.o)
                0x08007826                strchr
 .text.strstr   0x08007840       0x2c d:/tools/gcc-arm-none-eabi-10.3-2021.07/bin/../lib/gcc/arm-none-eabi/10.3.1/../../../../arm-none-eabi/lib/thumb/v7-m/nofp\libc_nano.a(lib_a-strstr.o)
                0x08007840                strstr
 .text._strtol_l.constprop.0
                0x0800786c       0xf8 d:/tools/gcc-arm-none-eabi-10.3-2021.07/bin/../lib/gcc/arm-none-eabi/10.3.1/../../../../arm-none-eabi/lib/thumb/v7-m/nofp\libc_nano.a(lib_a-strtol.o)
 .text._strtol_r
                0x08007964        0x4 d:/tools/gcc-arm-none-eabi-10.3-2021.07/bin/../lib/gcc/arm-none-eabi/10.3.1/../../../../arm-none-eabi/lib/thumb/v7-m/nofp\libc_nano.a(lib_a-strtol.o)
                0x08007964                _strtol_r
 .text.strtol   0x08007968       0x14 d:/tools/gcc-arm-none-eabi-10.3-2021.07/bin/../lib/gcc/arm-none-eabi/10.3.1/../../../../arm-none-eabi/lib/thumb/v7-m/nofp\libc_nano.a(lib_a-strtol.o)
                0x08007968                strtol
 .text.__errno  0x0800797c        0xc d:/tools/gcc-arm-none-eabi-10.3-2021.07/bin/../lib/gcc/arm-none-eabi/10.3.1/../../../../arm-none-eabi/lib/thumb/v7-m/nofp\libc_nano.a(lib_a-errno.o)
                0x0800797c                __errno
 .text.__ssputs_r
                0x08007988       0xb6 d:/tools/gcc-arm-none-eabi-10.3-2021.07/bin/../lib/gcc/arm-none-eabi/10.3.1/../../../../arm-none-eabi/lib/thumb/v7-m/nofp\libc_nano.a(lib_a-nano-svfprintf.o)
                0x08007988                __ssputs_r
 *fill*         0x08007a3e        0x2 
 .text._svfprintf_r
                0x08007a40      0x200 d:/tools/gcc-arm-none-eabi-10.3-2021.07/bin/../lib/gcc/arm-none-eabi/10.3.1/../../../../arm-none-eabi/lib/thumb/v7-m/nofp\libc_nano.a(lib_a-nano-svfprintf.o)
                0x08007a40                _svfiprintf_r
                0x08007a40                _svfprintf_r
 .text._sungetc_r
                0x08007c40       0x7a d:/tools/gcc-arm-none-eabi-10.3-2021.07/bin/../lib/gcc/arm-none-eabi/10.3.1/../../../../arm-none-eabi/lib/thumb/v7-m/nofp\libc_nano.a(lib_a-nano-svfscanf.o)
                0x08007c40                _sungetc_r
 .text.__ssrefill_r
                0x08007cba       0x3a d:/tools/gcc-arm-none-eabi-10.3-2021.07/bin/../lib/gcc/arm-none-eabi/10.3.1/../../../../arm-none-eabi/lib/thumb/v7-m/nofp\libc_nano.a(lib_a-nano-svfscanf.o)
                0x08007cba                __ssrefill_r
 .text.__ssvfscanf_r
                0x08007cf4      0x2f4 d:/tools/gcc-arm-none-eabi-10.3-2021.07/bin/../lib/gcc/arm-none-eabi/10.3.1/../../../../arm-none-eabi/lib/thumb/v7-m/nofp\libc_nano.a(lib_a-nano-svfscanf.o)
                0x08007cf4                __ssvfiscanf_r
                0x08007cf4                __ssvfscanf_r
 .text._printf_common
                0x08007fe8       0xde d:/tools/gcc-arm-none-eabi-10.3-2021.07/bin/../lib/gcc/arm-none-eabi/10.3.1/../../../../arm-none-eabi/lib/thumb/v7-m/nofp\libc_nano.a(lib_a-nano-vfprintf_i.o)
                0x08007fe8                _printf_common
 *fill*         0x080080c6        0x2 
 .text._printf_i
                0x080080c8      0x24c d:/tools/gcc-arm-none-eabi-10.3-2021.07/bin/../lib/gcc/arm-none-eabi/10.3.1/../../../../arm-none-eabi/lib/thumb/v7-m/nofp\libc_nano.a(lib_a-nano-vfprintf_i.o)
                0x080080c8                _printf_i
 .text._scanf_chars
                0x08008314       0xb4 d:/tools/gcc-arm-none-eabi-10.3-2021.07/bin/../lib/gcc/arm-none-eabi/10.3.1/../../../../arm-none-eabi/lib/thumb/v7-m/nofp\libc_nano.a(lib_a-nano-vfscanf_i.o)
                0x08008314                _scanf_chars
 .text._scanf_i
                0x080083c8      0x1f0 d:/tools/gcc-arm-none-eabi-10.3-2021.07/bin/../lib/gcc/arm-none-eabi/10.3.1/../../../../arm-none-eabi/lib/thumb/v7-m/nofp\libc_nano.a(lib_a-nano-vfscanf_i.o)
                0x080083c8                _scanf_i
 .text.__sccl   0x080085b8       0x70 d:/tools/gcc-arm-none-eabi-10.3-2021.07/bin/../lib/gcc/arm-none-eabi/10.3.1/../../../../arm-none-eabi/lib/thumb/v7-m/nofp\libc_nano.a(lib_a-sccl.o)
                0x080085b8                __sccl
 .text._strtoul_l.constprop.0
                0x08008628       0xe4 d:/tools/gcc-arm-none-eabi-10.3-2021.07/bin/../lib/gcc/arm-none-eabi/10.3.1/../../../../arm-none-eabi/lib/thumb/v7-m/nofp\libc_nano.a(lib_a-strtoul.o)
 .text._strtoul_r
                0x0800870c        0x4 d:/tools/gcc-arm-none-eabi-10.3-2021.07/bin/../lib/gcc/arm-none-eabi/10.3.1/../../../../arm-none-eabi/lib/thumb/v7-m/nofp\libc_nano.a(lib_a-strtoul.o)
                0x0800870c                _strtoul_r
 .text.__submore
                0x08008710       0x70 d:/tools/gcc-arm-none-eabi-10.3-2021.07/bin/../lib/gcc/arm-none-eabi/10.3.1/../../../../arm-none-eabi/lib/thumb/v7-m/nofp\libc_nano.a(lib_a-ungetc.o)
                0x08008710                __submore
 .text.__retarget_lock_acquire_recursive
                0x08008780        0x2 d:/tools/gcc-arm-none-eabi-10.3-2021.07/bin/../lib/gcc/arm-none-eabi/10.3.1/../../../../arm-none-eabi/lib/thumb/v7-m/nofp\libc_nano.a(lib_a-lock.o)
                0x08008780                __retarget_lock_acquire_recursive
 .text.__retarget_lock_release_recursive
                0x08008782        0x2 d:/tools/gcc-arm-none-eabi-10.3-2021.07/bin/../lib/gcc/arm-none-eabi/10.3.1/../../../../arm-none-eabi/lib/thumb/v7-m/nofp\libc_nano.a(lib_a-lock.o)
                0x08008782                __retarget_lock_release_recursive
 .text.memchr   0x08008784       0x1c d:/tools/gcc-arm-none-eabi-10.3-2021.07/bin/../lib/gcc/arm-none-eabi/10.3.1/../../../../arm-none-eabi/lib/thumb/v7-m/nofp\libc_nano.a(lib_a-memchr-stub.o)
                0x08008784                memchr
 .text.memmove  0x080087a0       0x34 d:/tools/gcc-arm-none-eabi-10.3-2021.07/bin/../lib/gcc/arm-none-eabi/10.3.1/../../../../arm-none-eabi/lib/thumb/v7-m/nofp\libc_nano.a(lib_a-memmove.o)
                0x080087a0                memmove
 .text._free_r  0x080087d4       0x90 d:/tools/gcc-arm-none-eabi-10.3-2021.07/bin/../lib/gcc/arm-none-eabi/10.3.1/../../../../arm-none-eabi/lib/thumb/v7-m/nofp\libc_nano.a(lib_a-nano-freer.o)
                0x080087d4                _free_r
 .text.sbrk_aligned
                0x08008864       0x40 d:/tools/gcc-arm-none-eabi-10.3-2021.07/bin/../lib/gcc/arm-none-eabi/10.3.1/../../../../arm-none-eabi/lib/thumb/v7-m/nofp\libc_nano.a(lib_a-nano-mallocr.o)
 .text._malloc_r
                0x080088a4       0xe8 d:/tools/gcc-arm-none-eabi-10.3-2021.07/bin/../lib/gcc/arm-none-eabi/10.3.1/../../../../arm-none-eabi/lib/thumb/v7-m/nofp\libc_nano.a(lib_a-nano-mallocr.o)
                0x080088a4                _malloc_r
 .text._realloc_r
                0x0800898c       0x5e d:/tools/gcc-arm-none-eabi-10.3-2021.07/bin/../lib/gcc/arm-none-eabi/10.3.1/../../../../arm-none-eabi/lib/thumb/v7-m/nofp\libc_nano.a(lib_a-nano-reallocr.o)
                0x0800898c                _realloc_r
 *fill*         0x080089ea        0x2 
 .text._sbrk_r  0x080089ec       0x20 d:/tools/gcc-arm-none-eabi-10.3-2021.07/bin/../lib/gcc/arm-none-eabi/10.3.1/../../../../arm-none-eabi/lib/thumb/v7-m/nofp\libc_nano.a(lib_a-sbrkr.o)
                0x080089ec                _sbrk_r
 .text.__malloc_lock
                0x08008a0c        0xc d:/tools/gcc-arm-none-eabi-10.3-2021.07/bin/../lib/gcc/arm-none-eabi/10.3.1/../../../../arm-none-eabi/lib/thumb/v7-m/nofp\libc_nano.a(lib_a-mlock.o)
                0x08008a0c                __malloc_lock
 .text.__malloc_unlock
                0x08008a18        0xc d:/tools/gcc-arm-none-eabi-10.3-2021.07/bin/../lib/gcc/arm-none-eabi/10.3.1/../../../../arm-none-eabi/lib/thumb/v7-m/nofp\libc_nano.a(lib_a-mlock.o)
                0x08008a18                __malloc_unlock
 .text._malloc_usable_size_r
                0x08008a24       0x10 d:/tools/gcc-arm-none-eabi-10.3-2021.07/bin/../lib/gcc/arm-none-eabi/10.3.1/../../../../arm-none-eabi/lib/thumb/v7-m/nofp\libc_nano.a(lib_a-nano-msizer.o)
                0x08008a24                _malloc_usable_size_r
 .text.fabs     0x08008a34        0x8 d:/tools/gcc-arm-none-eabi-10.3-2021.07/bin/../lib/gcc/arm-none-eabi/10.3.1/../../../../arm-none-eabi/lib/thumb/v7-m/nofp\libm.a(lib_a-s_fabs.o)
                0x08008a34                fabs
 .text.pow      0x08008a3c       0xdc d:/tools/gcc-arm-none-eabi-10.3-2021.07/bin/../lib/gcc/arm-none-eabi/10.3.1/../../../../arm-none-eabi/lib/thumb/v7-m/nofp\libm.a(lib_a-w_pow.o)
                0x08008a3c                pow
 .text.sqrt     0x08008b18       0x50 d:/tools/gcc-arm-none-eabi-10.3-2021.07/bin/../lib/gcc/arm-none-eabi/10.3.1/../../../../arm-none-eabi/lib/thumb/v7-m/nofp\libm.a(lib_a-w_sqrt.o)
                0x08008b18                sqrt
 .text.__ieee754_pow
                0x08008b68      0xb08 d:/tools/gcc-arm-none-eabi-10.3-2021.07/bin/../lib/gcc/arm-none-eabi/10.3.1/../../../../arm-none-eabi/lib/thumb/v7-m/nofp\libm.a(lib_a-e_pow.o)
                0x08008b68                __ieee754_pow
 .text.__ieee754_sqrt
                0x08009670      0x18c d:/tools/gcc-arm-none-eabi-10.3-2021.07/bin/../lib/gcc/arm-none-eabi/10.3.1/../../../../arm-none-eabi/lib/thumb/v7-m/nofp\libm.a(lib_a-e_sqrt.o)
                0x08009670                __ieee754_sqrt
 .text.with_errno
                0x080097fc       0x18 d:/tools/gcc-arm-none-eabi-10.3-2021.07/bin/../lib/gcc/arm-none-eabi/10.3.1/../../../../arm-none-eabi/lib/thumb/v7-m/nofp\libm.a(lib_a-math_err.o)
 .text.xflow    0x08009814       0x30 d:/tools/gcc-arm-none-eabi-10.3-2021.07/bin/../lib/gcc/arm-none-eabi/10.3.1/../../../../arm-none-eabi/lib/thumb/v7-m/nofp\libm.a(lib_a-math_err.o)
 .text.__math_uflow
                0x08009844        0xc d:/tools/gcc-arm-none-eabi-10.3-2021.07/bin/../lib/gcc/arm-none-eabi/10.3.1/../../../../arm-none-eabi/lib/thumb/v7-m/nofp\libm.a(lib_a-math_err.o)
                0x08009844                __math_uflow
 .text.__math_oflow
                0x08009850        0xc d:/tools/gcc-arm-none-eabi-10.3-2021.07/bin/../lib/gcc/arm-none-eabi/10.3.1/../../../../arm-none-eabi/lib/thumb/v7-m/nofp\libm.a(lib_a-math_err.o)
                0x08009850                __math_oflow
 .text.finite   0x0800985c        0xc d:/tools/gcc-arm-none-eabi-10.3-2021.07/bin/../lib/gcc/arm-none-eabi/10.3.1/../../../../arm-none-eabi/lib/thumb/v7-m/nofp\libm.a(lib_a-s_finite.o)
                0x0800985c                finite
 .text.scalbn   0x08009868       0xfc d:/tools/gcc-arm-none-eabi-10.3-2021.07/bin/../lib/gcc/arm-none-eabi/10.3.1/../../../../arm-none-eabi/lib/thumb/v7-m/nofp\libm.a(lib_a-s_scalbn.o)
                0x08009868                scalbn
 .text._sbrk    0x08009964       0x1c d:/tools/gcc-arm-none-eabi-10.3-2021.07/bin/../lib/gcc/arm-none-eabi/10.3.1/../../../../arm-none-eabi/lib/thumb/v7-m/nofp\libnosys.a(sbrk.o)
                0x08009964                _sbrk
 *(.glue_7)
 .glue_7        0x08009980        0x0 linker stubs
 *(.glue_7t)
 .glue_7t       0x08009980        0x0 linker stubs
 *(.eh_frame)
 .eh_frame      0x08009980        0x0 d:/tools/gcc-arm-none-eabi-10.3-2021.07/bin/../lib/gcc/arm-none-eabi/10.3.1/thumb/v7-m/nofp/crtbegin.o
 *(.init)
 .init          0x08009980        0x4 d:/tools/gcc-arm-none-eabi-10.3-2021.07/bin/../lib/gcc/arm-none-eabi/10.3.1/thumb/v7-m/nofp/crti.o
                0x08009980                _init
 .init          0x08009984        0x8 d:/tools/gcc-arm-none-eabi-10.3-2021.07/bin/../lib/gcc/arm-none-eabi/10.3.1/thumb/v7-m/nofp/crtn.o
 *(.fini)
 .fini          0x0800998c        0x4 d:/tools/gcc-arm-none-eabi-10.3-2021.07/bin/../lib/gcc/arm-none-eabi/10.3.1/thumb/v7-m/nofp/crti.o
                0x0800998c                _fini
 .fini          0x08009990        0x8 d:/tools/gcc-arm-none-eabi-10.3-2021.07/bin/../lib/gcc/arm-none-eabi/10.3.1/thumb/v7-m/nofp/crtn.o
                0x08009998                . = ALIGN (0x4)
                0x08009998                _etext = .

.vfp11_veneer   0x08009998        0x0
 .vfp11_veneer  0x08009998        0x0 linker stubs

.v4_bx          0x08009998        0x0
 .v4_bx         0x08009998        0x0 linker stubs

.iplt           0x08009998        0x0
 .iplt          0x08009998        0x0 d:/tools/gcc-arm-none-eabi-10.3-2021.07/bin/../lib/gcc/arm-none-eabi/10.3.1/thumb/v7-m/nofp/crtbegin.o

.rodata         0x08009998      0x698
                0x08009998                . = ALIGN (0x4)
 *(.rodata)
 .rodata        0x08009998       0x78 build/MQTTSim800.o
 .rodata        0x08009a10        0xc d:/tools/gcc-arm-none-eabi-10.3-2021.07/bin/../lib/gcc/arm-none-eabi/10.3.1/../../../../arm-none-eabi/lib/thumb/v7-m/nofp\libc_nano.a(lib_a-nano-vfscanf_i.o)
 *(.rodata*)
 .rodata.HAL_RCC_GetSysClockFreq.str1.4
                0x08009a1c       0x11 build/stm32f1xx_hal_rcc.o
 *fill*         0x08009a2d        0x3 
 .rodata.AHBPrescTable
                0x08009a30       0x10 build/system_stm32f1xx.o
                0x08009a30                AHBPrescTable
 .rodata.APBPrescTable
                0x08009a40        0x8 build/system_stm32f1xx.o
                0x08009a40                APBPrescTable
 .rodata.MQTT_Task.str1.4
                0x08009a48      0x25f build/freertos.o
                                0x263 (size before relaxing)
 *fill*         0x08009ca7        0x1 
 .rodata.str1.4
                0x08009ca8       0x19 build/freertos.o
 *fill*         0x08009cc1        0x3 
 .rodata.MQTT_attributes
                0x08009cc4       0x24 build/freertos.o
                0x08009cc4                MQTT_attributes
 .rodata.SENSORs_attributes
                0x08009ce8       0x24 build/freertos.o
                0x08009ce8                SENSORs_attributes
 .rodata.SecTimer_attributes
                0x08009d0c       0x10 build/freertos.o
                0x08009d0c                SecTimer_attributes
 .rodata.vTaskStartScheduler.str1.4
                0x08009d1c        0x5 build/tasks.o
 *fill*         0x08009d21        0x3 
 .rodata.prvCheckForValidListAndQueue.str1.4
                0x08009d24        0x5 build/timers.o
 *fill*         0x08009d29        0x3 
 .rodata.xTimerCreateTimerTask.str1.4
                0x08009d2c        0x8 build/timers.o
 .rodata.MQTTSerialize_connect.str1.4
                0x08009d34        0x7 build/MQTTConnectClient.o
                                  0xf (size before relaxing)
 *fill*         0x08009d3b        0x1 
 .rodata.getBattery.str1.4
                0x08009d3c       0x13 build/MQTTSim800.o
 *fill*         0x08009d4f        0x1 
 .rodata.getGPS.str1.4
                0x08009d50       0x76 build/MQTTSim800.o
 *fill*         0x08009dc6        0x2 
 .rodata.MQTT_Connect.str1.4
                0x08009dc8       0x2d build/MQTTSim800.o
                                 0x3d (size before relaxing)
 *fill*         0x08009df5        0x3 
 .rodata.MQTT_Init.str1.4
                0x08009df8       0x4d build/MQTTSim800.o
                                 0x7f (size before relaxing)
 *fill*         0x08009e45        0x3 
 .rodata.MQTT_PubUint8.str1.4
                0x08009e48        0x3 build/MQTTSim800.o
 *fill*         0x08009e4b        0x1 
 .rodata.Sim800_RxCallBack.str1.4
                0x08009e4c       0x33 build/MQTTSim800.o
                                 0x37 (size before relaxing)
 .rodata._ctype_
                0x08009e7f      0x101 d:/tools/gcc-arm-none-eabi-10.3-2021.07/bin/../lib/gcc/arm-none-eabi/10.3.1/../../../../arm-none-eabi/lib/thumb/v7-m/nofp\libc_nano.a(lib_a-ctype_.o)
                0x08009e7f                _ctype_
 .rodata._svfprintf_r.str1.1
                0x08009f80       0x11 d:/tools/gcc-arm-none-eabi-10.3-2021.07/bin/../lib/gcc/arm-none-eabi/10.3.1/../../../../arm-none-eabi/lib/thumb/v7-m/nofp\libc_nano.a(lib_a-nano-svfprintf.o)
 .rodata.__ssvfscanf_r.str1.1
                0x08009f91        0x4 d:/tools/gcc-arm-none-eabi-10.3-2021.07/bin/../lib/gcc/arm-none-eabi/10.3.1/../../../../arm-none-eabi/lib/thumb/v7-m/nofp\libc_nano.a(lib_a-nano-svfscanf.o)
 .rodata._printf_i.str1.1
                0x08009f91       0x22 d:/tools/gcc-arm-none-eabi-10.3-2021.07/bin/../lib/gcc/arm-none-eabi/10.3.1/../../../../arm-none-eabi/lib/thumb/v7-m/nofp\libc_nano.a(lib_a-nano-vfprintf_i.o)
 .rodata.str1.1
                0x08009fb3        0x9 d:/tools/gcc-arm-none-eabi-10.3-2021.07/bin/../lib/gcc/arm-none-eabi/10.3.1/../../../../arm-none-eabi/lib/thumb/v7-m/nofp\libc_nano.a(lib_a-nano-vfscanf_i.o)
 .rodata._scanf_i.str1.1
                0x08009fbc       0x12 d:/tools/gcc-arm-none-eabi-10.3-2021.07/bin/../lib/gcc/arm-none-eabi/10.3.1/../../../../arm-none-eabi/lib/thumb/v7-m/nofp\libc_nano.a(lib_a-nano-vfscanf_i.o)
 *fill*         0x08009fce        0x2 
 .rodata.__sf_fake_stderr
                0x08009fd0       0x20 d:/tools/gcc-arm-none-eabi-10.3-2021.07/bin/../lib/gcc/arm-none-eabi/10.3.1/../../../../arm-none-eabi/lib/thumb/v7-m/nofp\libc_nano.a(lib_a-findfp.o)
                0x08009fd0                __sf_fake_stderr
 .rodata.__sf_fake_stdin
                0x08009ff0       0x20 d:/tools/gcc-arm-none-eabi-10.3-2021.07/bin/../lib/gcc/arm-none-eabi/10.3.1/../../../../arm-none-eabi/lib/thumb/v7-m/nofp\libc_nano.a(lib_a-findfp.o)
                0x08009ff0                __sf_fake_stdin
 .rodata.__sf_fake_stdout
                0x0800a010       0x20 d:/tools/gcc-arm-none-eabi-10.3-2021.07/bin/../lib/gcc/arm-none-eabi/10.3.1/../../../../arm-none-eabi/lib/thumb/v7-m/nofp\libc_nano.a(lib_a-findfp.o)
                0x0800a010                __sf_fake_stdout
                0x0800a030                . = ALIGN (0x4)

.rel.dyn        0x0800a030        0x0
 .rel.iplt      0x0800a030        0x0 d:/tools/gcc-arm-none-eabi-10.3-2021.07/bin/../lib/gcc/arm-none-eabi/10.3.1/thumb/v7-m/nofp/crtbegin.o

.ARM.extab
 *(.ARM.extab* .gnu.linkonce.armextab.*)

.ARM            0x0800a030        0x0
                0x0800a030                __exidx_start = .
 *(.ARM.exidx*)
                0x0800a030                __exidx_end = .

.preinit_array  0x0800a030        0x0
                0x0800a030                PROVIDE (__preinit_array_start = .)
 *(.preinit_array*)
                0x0800a030                PROVIDE (__preinit_array_end = .)

.init_array     0x0800a030        0x4
                0x0800a030                PROVIDE (__init_array_start = .)
 *(SORT_BY_NAME(.init_array.*))
 *(.init_array*)
 .init_array    0x0800a030        0x4 d:/tools/gcc-arm-none-eabi-10.3-2021.07/bin/../lib/gcc/arm-none-eabi/10.3.1/thumb/v7-m/nofp/crtbegin.o
                0x0800a034                PROVIDE (__init_array_end = .)

.fini_array     0x0800a034        0x4
                [!provide]                PROVIDE (__fini_array_start = .)
 *(SORT_BY_NAME(.fini_array.*))
 *(.fini_array*)
 .fini_array    0x0800a034        0x4 d:/tools/gcc-arm-none-eabi-10.3-2021.07/bin/../lib/gcc/arm-none-eabi/10.3.1/thumb/v7-m/nofp/crtbegin.o
                [!provide]                PROVIDE (__fini_array_end = .)
                0x0800a038                _sidata = LOADADDR (.data)

.data           0x20000000       0x84 load address 0x0800a038
                0x20000000                . = ALIGN (0x4)
                0x20000000                _sdata = .
 *(.data)
 *(.data*)
 .data.uwTickFreq
                0x20000000        0x1 build/stm32f1xx_hal.o
                0x20000000                uwTickFreq
 *fill*         0x20000001        0x3 
 .data.uwTickPrio
                0x20000004        0x4 build/stm32f1xx_hal.o
                0x20000004                uwTickPrio
 .data.SystemCoreClock
                0x20000008        0x4 build/system_stm32f1xx.o
                0x20000008                SystemCoreClock
 .data.Number   0x2000000c        0xd build/freertos.o
                0x2000000c                Number
 *fill*         0x20000019        0x3 
 .data.uxCriticalNesting
                0x2000001c        0x4 build/port.o
 .data._impure_ptr
                0x20000020        0x4 d:/tools/gcc-arm-none-eabi-10.3-2021.07/bin/../lib/gcc/arm-none-eabi/10.3.1/../../../../arm-none-eabi/lib/thumb/v7-m/nofp\libc_nano.a(lib_a-impure.o)
                0x20000020                _impure_ptr
 .data.impure_data
                0x20000024       0x60 d:/tools/gcc-arm-none-eabi-10.3-2021.07/bin/../lib/gcc/arm-none-eabi/10.3.1/../../../../arm-none-eabi/lib/thumb/v7-m/nofp\libc_nano.a(lib_a-impure.o)
                0x20000084                . = ALIGN (0x4)
                0x20000084                _edata = .

.igot.plt       0x20000084        0x0 load address 0x0800a0bc
 .igot.plt      0x20000084        0x0 d:/tools/gcc-arm-none-eabi-10.3-2021.07/bin/../lib/gcc/arm-none-eabi/10.3.1/thumb/v7-m/nofp/crtbegin.o
                0x20000084                . = ALIGN (0x4)

.bss            0x20000088     0x1d98 load address 0x0800a0bc
                0x20000088                _sbss = .
                0x20000088                __bss_start__ = _sbss
 *(.bss)
 .bss           0x20000088       0x1c d:/tools/gcc-arm-none-eabi-10.3-2021.07/bin/../lib/gcc/arm-none-eabi/10.3.1/thumb/v7-m/nofp/crtbegin.o
 *(.bss*)
 .bss.SIM800    0x200000a4       0xb8 build/main.o
                0x200000a4                SIM800
 .bss.myGPS     0x2000015c       0x40 build/main.o
                0x2000015c                myGPS
 .bss.hi2c1     0x2000019c       0x54 build/i2c.o
                0x2000019c                hi2c1
 .bss.huart1    0x200001f0       0x44 build/usart.o
                0x200001f0                huart1
 .bss.uwTick    0x20000234        0x4 build/stm32f1xx_hal.o
                0x20000234                uwTick
 .bss.Lat       0x20000238        0x4 build/freertos.o
                0x20000238                Lat
 .bss.Lon       0x2000023c        0x4 build/freertos.o
                0x2000023c                Lon
 .bss.MPU6050   0x20000240       0x58 build/freertos.o
                0x20000240                MPU6050
 .bss.MQTTHandle
                0x20000298        0x4 build/freertos.o
                0x20000298                MQTTHandle
 .bss.SENSORsHandle
                0x2000029c        0x4 build/freertos.o
                0x2000029c                SENSORsHandle
 .bss.SMS       0x200002a0       0xc8 build/freertos.o
                0x200002a0                SMS
 .bss.SecTimerHandle
                0x20000368        0x4 build/freertos.o
                0x20000368                SecTimerHandle
 .bss.gGravity  0x2000036c        0x4 build/freertos.o
                0x2000036c                gGravity
 .bss.is_GPS_new
                0x20000370        0x1 build/freertos.o
                0x20000370                is_GPS_new
 .bss.is_MPU_OK
                0x20000371        0x1 build/freertos.o
                0x20000371                is_MPU_OK
 .bss.is_SMS_done
                0x20000372        0x1 build/freertos.o
                0x20000372                is_SMS_done
 .bss.is_fall   0x20000373        0x1 build/freertos.o
                0x20000373                is_fall
 .bss.hiwdg     0x20000374        0xc build/iwdg.o
                0x20000374                hiwdg
 .bss.htim1     0x20000380       0x48 build/stm32f1xx_hal_timebase_tim.o
                0x20000380                htim1
 .bss.xQueueRegistry
                0x200003c8       0x40 build/queue.o
                0x200003c8                xQueueRegistry
 .bss.pxCurrentTCB
                0x20000408        0x4 build/tasks.o
                0x20000408                pxCurrentTCB
 .bss.pxDelayedTaskList
                0x2000040c        0x4 build/tasks.o
 .bss.pxOverflowDelayedTaskList
                0x20000410        0x4 build/tasks.o
 .bss.pxReadyTasksLists
                0x20000414      0x460 build/tasks.o
 .bss.uxCurrentNumberOfTasks
                0x20000874        0x4 build/tasks.o
 .bss.uxDeletedTasksWaitingCleanUp
                0x20000878        0x4 build/tasks.o
 .bss.uxPendedTicks
                0x2000087c        0x4 build/tasks.o
 .bss.uxSchedulerSuspended
                0x20000880        0x4 build/tasks.o
 .bss.uxTaskNumber
                0x20000884        0x4 build/tasks.o
 .bss.uxTopReadyPriority
                0x20000888        0x4 build/tasks.o
 .bss.xDelayedTaskList1
                0x2000088c       0x14 build/tasks.o
 .bss.xDelayedTaskList2
                0x200008a0       0x14 build/tasks.o
 .bss.xIdleTaskHandle
                0x200008b4        0x4 build/tasks.o
 .bss.xNextTaskUnblockTime
                0x200008b8        0x4 build/tasks.o
 .bss.xNumOfOverflows
                0x200008bc        0x4 build/tasks.o
 .bss.xPendingReadyList
                0x200008c0       0x14 build/tasks.o
 .bss.xSchedulerRunning
                0x200008d4        0x4 build/tasks.o
 .bss.xSuspendedTaskList
                0x200008d8       0x14 build/tasks.o
 .bss.xTasksWaitingTermination
                0x200008ec       0x14 build/tasks.o
 .bss.xTickCount
                0x20000900        0x4 build/tasks.o
 .bss.xYieldPending
                0x20000904        0x4 build/tasks.o
 .bss.pxCurrentTimerList
                0x20000908        0x4 build/timers.o
 .bss.pxOverflowTimerList
                0x2000090c        0x4 build/timers.o
 .bss.ucStaticTimerQueueStorage.1
                0x20000910       0xa0 build/timers.o
 .bss.xActiveTimerList1
                0x200009b0       0x14 build/timers.o
 .bss.xActiveTimerList2
                0x200009c4       0x14 build/timers.o
 .bss.xLastTime.2
                0x200009d8        0x4 build/timers.o
 .bss.xStaticTimerQueue.0
                0x200009dc       0x50 build/timers.o
 .bss.xTimerQueue
                0x20000a2c        0x4 build/timers.o
 .bss.xTimerTaskHandle
                0x20000a30        0x4 build/timers.o
 .bss.Idle_Stack
                0x20000a34      0x190 build/cmsis_os2.o
 .bss.Idle_TCB  0x20000bc4       0xb0 build/cmsis_os2.o
 .bss.KernelState
                0x20000c74        0x4 build/cmsis_os2.o
 .bss.Timer_Stack
                0x20000c78      0x320 build/cmsis_os2.o
 .bss.Timer_TCB
                0x20000f98       0xb0 build/cmsis_os2.o
 .bss.pxEnd     0x20001048        0x4 build/heap_4.o
 .bss.ucHeap    0x2000104c      0xc00 build/heap_4.o
 .bss.xBlockAllocatedBit
                0x20001c4c        0x4 build/heap_4.o
 .bss.xFreeBytesRemaining
                0x20001c50        0x4 build/heap_4.o
 .bss.xMinimumEverFreeBytesRemaining
                0x20001c54        0x4 build/heap_4.o
 .bss.xStart    0x20001c58        0x8 build/heap_4.o
 .bss.ucMaxSysCallPriority
                0x20001c60        0x1 build/port.o
 *fill*         0x20001c61        0x3 
 .bss.ulMaxPRIGROUPValue
                0x20001c64        0x4 build/port.o
 .bss.bufptr    0x20001c68        0x4 build/MQTTPacket.o
 .bss.SIM800_Batt
                0x20001c6c        0x4 build/MQTTSim800.o
                0x20001c6c                SIM800_Batt
 .bss.SIM800_Status
                0x20001c70        0x3 build/MQTTSim800.o
                0x20001c70                SIM800_Status
 *fill*         0x20001c73        0x1 
 .bss.mqtt_buffer
                0x20001c74       0xc8 build/MQTTSim800.o
                0x20001c74                mqtt_buffer
 .bss.mqtt_index
                0x20001d3c        0x2 build/MQTTSim800.o
                0x20001d3c                mqtt_index
 .bss.mqtt_receive
                0x20001d3e        0x1 build/MQTTSim800.o
                0x20001d3e                mqtt_receive
 *fill*         0x20001d3f        0x1 
 .bss.rx_buffer
                0x20001d40       0xc8 build/MQTTSim800.o
                0x20001d40                rx_buffer
 .bss.rx_data   0x20001e08        0x1 build/MQTTSim800.o
                0x20001e08                rx_data
 *fill*         0x20001e09        0x1 
 .bss.rx_index  0x20001e0a        0x2 build/MQTTSim800.o
                0x20001e0a                rx_index
 .bss.errno     0x20001e0c        0x4 d:/tools/gcc-arm-none-eabi-10.3-2021.07/bin/../lib/gcc/arm-none-eabi/10.3.1/../../../../arm-none-eabi/lib/thumb/v7-m/nofp\libc_nano.a(lib_a-reent.o)
                0x20001e0c                errno
 .bss.__lock___malloc_recursive_mutex
                0x20001e10        0x1 d:/tools/gcc-arm-none-eabi-10.3-2021.07/bin/../lib/gcc/arm-none-eabi/10.3.1/../../../../arm-none-eabi/lib/thumb/v7-m/nofp\libc_nano.a(lib_a-lock.o)
                0x20001e10                __lock___malloc_recursive_mutex
 *fill*         0x20001e11        0x3 
 .bss.__malloc_free_list
                0x20001e14        0x4 d:/tools/gcc-arm-none-eabi-10.3-2021.07/bin/../lib/gcc/arm-none-eabi/10.3.1/../../../../arm-none-eabi/lib/thumb/v7-m/nofp\libc_nano.a(lib_a-nano-mallocr.o)
                0x20001e14                __malloc_free_list
 .bss.__malloc_sbrk_start
                0x20001e18        0x4 d:/tools/gcc-arm-none-eabi-10.3-2021.07/bin/../lib/gcc/arm-none-eabi/10.3.1/../../../../arm-none-eabi/lib/thumb/v7-m/nofp\libc_nano.a(lib_a-nano-mallocr.o)
                0x20001e18                __malloc_sbrk_start
 .bss.heap_end.0
                0x20001e1c        0x4 d:/tools/gcc-arm-none-eabi-10.3-2021.07/bin/../lib/gcc/arm-none-eabi/10.3.1/../../../../arm-none-eabi/lib/thumb/v7-m/nofp\libnosys.a(sbrk.o)
 *(COMMON)
                0x20001e20                . = ALIGN (0x4)
                0x20001e20                _ebss = .
                0x20001e20                __bss_end__ = _ebss

._user_heap_stack
                0x20001e20      0x600 load address 0x0800a0bc
                0x20001e20                . = ALIGN (0x8)
                0x20001e20                PROVIDE (end = .)
                [!provide]                PROVIDE (_end = .)
                0x20002020                . = (. + _Min_Heap_Size)
 *fill*         0x20001e20      0x200 
                0x20002420                . = (. + _Min_Stack_Size)
 *fill*         0x20002020      0x400 
                0x20002420                . = ALIGN (0x8)

/DISCARD/
 libc.a(*)
 libm.a(*)
 libgcc.a(*)

.ARM.attributes
                0x00000000       0x29
 *(.ARM.attributes)
 .ARM.attributes
                0x00000000       0x1d d:/tools/gcc-arm-none-eabi-10.3-2021.07/bin/../lib/gcc/arm-none-eabi/10.3.1/thumb/v7-m/nofp/crti.o
 .ARM.attributes
                0x0000001d       0x2d d:/tools/gcc-arm-none-eabi-10.3-2021.07/bin/../lib/gcc/arm-none-eabi/10.3.1/thumb/v7-m/nofp/crtbegin.o
 .ARM.attributes
                0x0000004a       0x2d build/main.o
 .ARM.attributes
                0x00000077       0x2d build/gpio.o
 .ARM.attributes
                0x000000a4       0x2d build/i2c.o
 .ARM.attributes
                0x000000d1       0x2d build/usart.o
 .ARM.attributes
                0x000000fe       0x2d build/stm32f1xx_it.o
 .ARM.attributes
                0x0000012b       0x2d build/stm32f1xx_hal_msp.o
 .ARM.attributes
                0x00000158       0x2d build/stm32f1xx_hal_i2c.o
 .ARM.attributes
                0x00000185       0x2d build/stm32f1xx_hal.o
 .ARM.attributes
                0x000001b2       0x2d build/stm32f1xx_hal_rcc.o
 .ARM.attributes
                0x000001df       0x2d build/stm32f1xx_hal_gpio.o
 .ARM.attributes
                0x0000020c       0x2d build/stm32f1xx_hal_dma.o
 .ARM.attributes
                0x00000239       0x2d build/stm32f1xx_hal_cortex.o
 .ARM.attributes
                0x00000266       0x2d build/stm32f1xx_hal_tim.o
 .ARM.attributes
                0x00000293       0x2d build/stm32f1xx_hal_tim_ex.o
 .ARM.attributes
                0x000002c0       0x2d build/stm32f1xx_hal_uart.o
 .ARM.attributes
                0x000002ed       0x2d build/system_stm32f1xx.o
 .ARM.attributes
                0x0000031a       0x2d build/freertos.o
 .ARM.attributes
                0x00000347       0x2d build/iwdg.o
 .ARM.attributes
                0x00000374       0x2d build/stm32f1xx_hal_timebase_tim.o
 .ARM.attributes
                0x000003a1       0x2d build/stm32f1xx_hal_iwdg.o
 .ARM.attributes
                0x000003ce       0x2d build/list.o
 .ARM.attributes
                0x000003fb       0x2d build/queue.o
 .ARM.attributes
                0x00000428       0x2d build/tasks.o
 .ARM.attributes
                0x00000455       0x2d build/timers.o
 .ARM.attributes
                0x00000482       0x2d build/cmsis_os2.o
 .ARM.attributes
                0x000004af       0x2d build/heap_4.o
 .ARM.attributes
                0x000004dc       0x2d build/port.o
 .ARM.attributes
                0x00000509       0x2d build/MQTTConnectClient.o
 .ARM.attributes
                0x00000536       0x2d build/MQTTPacket.o
 .ARM.attributes
                0x00000563       0x2d build/MQTTSerializePublish.o
 .ARM.attributes
                0x00000590       0x2d build/MQTTSim800.o
 .ARM.attributes
                0x000005bd       0x2d build/mpu6050.o
 .ARM.attributes
                0x000005ea       0x2d build/MQTTDeserializePublish.o
 .ARM.attributes
                0x00000617       0x21 build/startup_stm32f103xb.o
 .ARM.attributes
                0x00000638       0x2d d:/tools/gcc-arm-none-eabi-10.3-2021.07/bin/../lib/gcc/arm-none-eabi/10.3.1/../../../../arm-none-eabi/lib/thumb/v7-m/nofp\libc_nano.a(lib_a-impure.o)
 .ARM.attributes
                0x00000665       0x2d d:/tools/gcc-arm-none-eabi-10.3-2021.07/bin/../lib/gcc/arm-none-eabi/10.3.1/../../../../arm-none-eabi/lib/thumb/v7-m/nofp\libc_nano.a(lib_a-init.o)
 .ARM.attributes
                0x00000692       0x2d d:/tools/gcc-arm-none-eabi-10.3-2021.07/bin/../lib/gcc/arm-none-eabi/10.3.1/../../../../arm-none-eabi/lib/thumb/v7-m/nofp\libc_nano.a(lib_a-memcpy-stub.o)
 .ARM.attributes
                0x000006bf       0x2d d:/tools/gcc-arm-none-eabi-10.3-2021.07/bin/../lib/gcc/arm-none-eabi/10.3.1/../../../../arm-none-eabi/lib/thumb/v7-m/nofp\libc_nano.a(lib_a-memset.o)
 .ARM.attributes
                0x000006ec       0x2d d:/tools/gcc-arm-none-eabi-10.3-2021.07/bin/../lib/gcc/arm-none-eabi/10.3.1/../../../../arm-none-eabi/lib/thumb/v7-m/nofp\libc_nano.a(lib_a-snprintf.o)
 .ARM.attributes
                0x00000719       0x2d d:/tools/gcc-arm-none-eabi-10.3-2021.07/bin/../lib/gcc/arm-none-eabi/10.3.1/../../../../arm-none-eabi/lib/thumb/v7-m/nofp\libc_nano.a(lib_a-sprintf.o)
 .ARM.attributes
                0x00000746       0x2d d:/tools/gcc-arm-none-eabi-10.3-2021.07/bin/../lib/gcc/arm-none-eabi/10.3.1/../../../../arm-none-eabi/lib/thumb/v7-m/nofp\libc_nano.a(lib_a-sscanf.o)
 .ARM.attributes
                0x00000773       0x2d d:/tools/gcc-arm-none-eabi-10.3-2021.07/bin/../lib/gcc/arm-none-eabi/10.3.1/../../../../arm-none-eabi/lib/thumb/v7-m/nofp\libc_nano.a(lib_a-stdio.o)
 .ARM.attributes
                0x000007a0       0x2d d:/tools/gcc-arm-none-eabi-10.3-2021.07/bin/../lib/gcc/arm-none-eabi/10.3.1/../../../../arm-none-eabi/lib/thumb/v7-m/nofp\libc_nano.a(lib_a-strcat.o)
 .ARM.attributes
                0x000007cd       0x2d d:/tools/gcc-arm-none-eabi-10.3-2021.07/bin/../lib/gcc/arm-none-eabi/10.3.1/../../../../arm-none-eabi/lib/thumb/v7-m/nofp\libc_nano.a(lib_a-strchr.o)
 .ARM.attributes
                0x000007fa       0x17 d:/tools/gcc-arm-none-eabi-10.3-2021.07/bin/../lib/gcc/arm-none-eabi/10.3.1/../../../../arm-none-eabi/lib/thumb/v7-m/nofp\libc_nano.a(lib_a-strlen.o)
 .ARM.attributes
                0x00000811       0x2d d:/tools/gcc-arm-none-eabi-10.3-2021.07/bin/../lib/gcc/arm-none-eabi/10.3.1/../../../../arm-none-eabi/lib/thumb/v7-m/nofp\libc_nano.a(lib_a-strstr.o)
 .ARM.attributes
                0x0000083e       0x2d d:/tools/gcc-arm-none-eabi-10.3-2021.07/bin/../lib/gcc/arm-none-eabi/10.3.1/../../../../arm-none-eabi/lib/thumb/v7-m/nofp\libc_nano.a(lib_a-strtol.o)
 .ARM.attributes
                0x0000086b       0x2d d:/tools/gcc-arm-none-eabi-10.3-2021.07/bin/../lib/gcc/arm-none-eabi/10.3.1/../../../../arm-none-eabi/lib/thumb/v7-m/nofp\libc_nano.a(lib_a-ctype_.o)
 .ARM.attributes
                0x00000898       0x2d d:/tools/gcc-arm-none-eabi-10.3-2021.07/bin/../lib/gcc/arm-none-eabi/10.3.1/../../../../arm-none-eabi/lib/thumb/v7-m/nofp\libc_nano.a(lib_a-errno.o)
 .ARM.attributes
                0x000008c5       0x2d d:/tools/gcc-arm-none-eabi-10.3-2021.07/bin/../lib/gcc/arm-none-eabi/10.3.1/../../../../arm-none-eabi/lib/thumb/v7-m/nofp\libc_nano.a(lib_a-nano-svfprintf.o)
 .ARM.attributes
                0x000008f2       0x2d d:/tools/gcc-arm-none-eabi-10.3-2021.07/bin/../lib/gcc/arm-none-eabi/10.3.1/../../../../arm-none-eabi/lib/thumb/v7-m/nofp\libc_nano.a(lib_a-nano-svfscanf.o)
 .ARM.attributes
                0x0000091f       0x2d d:/tools/gcc-arm-none-eabi-10.3-2021.07/bin/../lib/gcc/arm-none-eabi/10.3.1/../../../../arm-none-eabi/lib/thumb/v7-m/nofp\libc_nano.a(lib_a-nano-vfprintf_i.o)
 .ARM.attributes
                0x0000094c       0x2d d:/tools/gcc-arm-none-eabi-10.3-2021.07/bin/../lib/gcc/arm-none-eabi/10.3.1/../../../../arm-none-eabi/lib/thumb/v7-m/nofp\libc_nano.a(lib_a-nano-vfscanf_i.o)
 .ARM.attributes
                0x00000979       0x2d d:/tools/gcc-arm-none-eabi-10.3-2021.07/bin/../lib/gcc/arm-none-eabi/10.3.1/../../../../arm-none-eabi/lib/thumb/v7-m/nofp\libc_nano.a(lib_a-reent.o)
 .ARM.attributes
                0x000009a6       0x2d d:/tools/gcc-arm-none-eabi-10.3-2021.07/bin/../lib/gcc/arm-none-eabi/10.3.1/../../../../arm-none-eabi/lib/thumb/v7-m/nofp\libc_nano.a(lib_a-sccl.o)
 .ARM.attributes
                0x000009d3       0x2d d:/tools/gcc-arm-none-eabi-10.3-2021.07/bin/../lib/gcc/arm-none-eabi/10.3.1/../../../../arm-none-eabi/lib/thumb/v7-m/nofp\libc_nano.a(lib_a-strtoul.o)
 .ARM.attributes
                0x00000a00       0x2d d:/tools/gcc-arm-none-eabi-10.3-2021.07/bin/../lib/gcc/arm-none-eabi/10.3.1/../../../../arm-none-eabi/lib/thumb/v7-m/nofp\libc_nano.a(lib_a-ungetc.o)
 .ARM.attributes
                0x00000a2d       0x2d d:/tools/gcc-arm-none-eabi-10.3-2021.07/bin/../lib/gcc/arm-none-eabi/10.3.1/../../../../arm-none-eabi/lib/thumb/v7-m/nofp\libc_nano.a(lib_a-findfp.o)
 .ARM.attributes
                0x00000a5a       0x2d d:/tools/gcc-arm-none-eabi-10.3-2021.07/bin/../lib/gcc/arm-none-eabi/10.3.1/../../../../arm-none-eabi/lib/thumb/v7-m/nofp\libc_nano.a(lib_a-lock.o)
 .ARM.attributes
                0x00000a87       0x2d d:/tools/gcc-arm-none-eabi-10.3-2021.07/bin/../lib/gcc/arm-none-eabi/10.3.1/../../../../arm-none-eabi/lib/thumb/v7-m/nofp\libc_nano.a(lib_a-memchr-stub.o)
 .ARM.attributes
                0x00000ab4       0x2d d:/tools/gcc-arm-none-eabi-10.3-2021.07/bin/../lib/gcc/arm-none-eabi/10.3.1/../../../../arm-none-eabi/lib/thumb/v7-m/nofp\libc_nano.a(lib_a-memmove.o)
 .ARM.attributes
                0x00000ae1       0x2d d:/tools/gcc-arm-none-eabi-10.3-2021.07/bin/../lib/gcc/arm-none-eabi/10.3.1/../../../../arm-none-eabi/lib/thumb/v7-m/nofp\libc_nano.a(lib_a-nano-freer.o)
 .ARM.attributes
                0x00000b0e       0x2d d:/tools/gcc-arm-none-eabi-10.3-2021.07/bin/../lib/gcc/arm-none-eabi/10.3.1/../../../../arm-none-eabi/lib/thumb/v7-m/nofp\libc_nano.a(lib_a-nano-mallocr.o)
 .ARM.attributes
                0x00000b3b       0x2d d:/tools/gcc-arm-none-eabi-10.3-2021.07/bin/../lib/gcc/arm-none-eabi/10.3.1/../../../../arm-none-eabi/lib/thumb/v7-m/nofp\libc_nano.a(lib_a-nano-reallocr.o)
 .ARM.attributes
                0x00000b68       0x2d d:/tools/gcc-arm-none-eabi-10.3-2021.07/bin/../lib/gcc/arm-none-eabi/10.3.1/../../../../arm-none-eabi/lib/thumb/v7-m/nofp\libc_nano.a(lib_a-sbrkr.o)
 .ARM.attributes
                0x00000b95       0x2d d:/tools/gcc-arm-none-eabi-10.3-2021.07/bin/../lib/gcc/arm-none-eabi/10.3.1/../../../../arm-none-eabi/lib/thumb/v7-m/nofp\libc_nano.a(lib_a-mlock.o)
 .ARM.attributes
                0x00000bc2       0x2d d:/tools/gcc-arm-none-eabi-10.3-2021.07/bin/../lib/gcc/arm-none-eabi/10.3.1/../../../../arm-none-eabi/lib/thumb/v7-m/nofp\libc_nano.a(lib_a-nano-msizer.o)
 .ARM.attributes
                0x00000bef       0x2d d:/tools/gcc-arm-none-eabi-10.3-2021.07/bin/../lib/gcc/arm-none-eabi/10.3.1/../../../../arm-none-eabi/lib/thumb/v7-m/nofp\libm.a(lib_a-s_fabs.o)
 .ARM.attributes
                0x00000c1c       0x2d d:/tools/gcc-arm-none-eabi-10.3-2021.07/bin/../lib/gcc/arm-none-eabi/10.3.1/../../../../arm-none-eabi/lib/thumb/v7-m/nofp\libm.a(lib_a-w_pow.o)
 .ARM.attributes
                0x00000c49       0x2d d:/tools/gcc-arm-none-eabi-10.3-2021.07/bin/../lib/gcc/arm-none-eabi/10.3.1/../../../../arm-none-eabi/lib/thumb/v7-m/nofp\libm.a(lib_a-w_sqrt.o)
 .ARM.attributes
                0x00000c76       0x2d d:/tools/gcc-arm-none-eabi-10.3-2021.07/bin/../lib/gcc/arm-none-eabi/10.3.1/../../../../arm-none-eabi/lib/thumb/v7-m/nofp\libm.a(lib_a-e_pow.o)
 .ARM.attributes
                0x00000ca3       0x2d d:/tools/gcc-arm-none-eabi-10.3-2021.07/bin/../lib/gcc/arm-none-eabi/10.3.1/../../../../arm-none-eabi/lib/thumb/v7-m/nofp\libm.a(lib_a-e_sqrt.o)
 .ARM.attributes
                0x00000cd0       0x2d d:/tools/gcc-arm-none-eabi-10.3-2021.07/bin/../lib/gcc/arm-none-eabi/10.3.1/../../../../arm-none-eabi/lib/thumb/v7-m/nofp\libm.a(lib_a-math_err.o)
 .ARM.attributes
                0x00000cfd       0x2d d:/tools/gcc-arm-none-eabi-10.3-2021.07/bin/../lib/gcc/arm-none-eabi/10.3.1/../../../../arm-none-eabi/lib/thumb/v7-m/nofp\libm.a(lib_a-s_finite.o)
 .ARM.attributes
                0x00000d2a       0x2d d:/tools/gcc-arm-none-eabi-10.3-2021.07/bin/../lib/gcc/arm-none-eabi/10.3.1/../../../../arm-none-eabi/lib/thumb/v7-m/nofp\libm.a(lib_a-s_scalbn.o)
 .ARM.attributes
                0x00000d57       0x2d d:/tools/gcc-arm-none-eabi-10.3-2021.07/bin/../lib/gcc/arm-none-eabi/10.3.1/../../../../arm-none-eabi/lib/thumb/v7-m/nofp\libnosys.a(sbrk.o)
 .ARM.attributes
                0x00000d84       0x1d d:/tools/gcc-arm-none-eabi-10.3-2021.07/bin/../lib/gcc/arm-none-eabi/10.3.1/thumb/v7-m/nofp\libgcc.a(_arm_addsubdf3.o)
 .ARM.attributes
                0x00000da1       0x1d d:/tools/gcc-arm-none-eabi-10.3-2021.07/bin/../lib/gcc/arm-none-eabi/10.3.1/thumb/v7-m/nofp\libgcc.a(_arm_muldivdf3.o)
 .ARM.attributes
                0x00000dbe       0x1d d:/tools/gcc-arm-none-eabi-10.3-2021.07/bin/../lib/gcc/arm-none-eabi/10.3.1/thumb/v7-m/nofp\libgcc.a(_arm_cmpdf2.o)
 .ARM.attributes
                0x00000ddb       0x1d d:/tools/gcc-arm-none-eabi-10.3-2021.07/bin/../lib/gcc/arm-none-eabi/10.3.1/thumb/v7-m/nofp\libgcc.a(_arm_unorddf2.o)
 .ARM.attributes
                0x00000df8       0x1d d:/tools/gcc-arm-none-eabi-10.3-2021.07/bin/../lib/gcc/arm-none-eabi/10.3.1/thumb/v7-m/nofp\libgcc.a(_arm_truncdfsf2.o)
 .ARM.attributes
                0x00000e15       0x1d d:/tools/gcc-arm-none-eabi-10.3-2021.07/bin/../lib/gcc/arm-none-eabi/10.3.1/thumb/v7-m/nofp\libgcc.a(_arm_addsubsf3.o)
 .ARM.attributes
                0x00000e32       0x1d d:/tools/gcc-arm-none-eabi-10.3-2021.07/bin/../lib/gcc/arm-none-eabi/10.3.1/thumb/v7-m/nofp\libgcc.a(_arm_muldivsf3.o)
 .ARM.attributes
                0x00000e4f       0x1d d:/tools/gcc-arm-none-eabi-10.3-2021.07/bin/../lib/gcc/arm-none-eabi/10.3.1/thumb/v7-m/nofp\libgcc.a(_arm_cmpsf2.o)
 .ARM.attributes
                0x00000e6c       0x1d d:/tools/gcc-arm-none-eabi-10.3-2021.07/bin/../lib/gcc/arm-none-eabi/10.3.1/thumb/v7-m/nofp/crtn.o
OUTPUT(build/CanTho.elf elf32-littlearm)
LOAD linker stubs
LOAD d:/tools/gcc-arm-none-eabi-10.3-2021.07/bin/../lib/gcc/arm-none-eabi/10.3.1/../../../../arm-none-eabi/lib/thumb/v7-m/nofp\libc.a
LOAD d:/tools/gcc-arm-none-eabi-10.3-2021.07/bin/../lib/gcc/arm-none-eabi/10.3.1/../../../../arm-none-eabi/lib/thumb/v7-m/nofp\libm.a
LOAD d:/tools/gcc-arm-none-eabi-10.3-2021.07/bin/../lib/gcc/arm-none-eabi/10.3.1/thumb/v7-m/nofp\libgcc.a

.debug_info     0x00000000    0x276c5
 .debug_info    0x00000000     0x1088 build/main.o
 .debug_info    0x00001088      0x3a2 build/gpio.o
 .debug_info    0x0000142a      0xb14 build/i2c.o
 .debug_info    0x00001f3e      0xa96 build/usart.o
 .debug_info    0x000029d4      0xd59 build/stm32f1xx_it.o
 .debug_info    0x0000372d      0x3b0 build/stm32f1xx_hal_msp.o
 .debug_info    0x00003add     0x3c52 build/stm32f1xx_hal_i2c.o
 .debug_info    0x0000772f      0x855 build/stm32f1xx_hal.o
 .debug_info    0x00007f84      0xaec build/stm32f1xx_hal_rcc.o
 .debug_info    0x00008a70      0x6d7 build/stm32f1xx_hal_gpio.o
 .debug_info    0x00009147      0x8bb build/stm32f1xx_hal_dma.o
 .debug_info    0x00009a02      0xe2d build/stm32f1xx_hal_cortex.o
 .debug_info    0x0000a82f     0x3df8 build/stm32f1xx_hal_tim.o
 .debug_info    0x0000e627     0x1b67 build/stm32f1xx_hal_tim_ex.o
 .debug_info    0x0001018e     0x1e12 build/stm32f1xx_hal_uart.o
 .debug_info    0x00011fa0      0x26e build/system_stm32f1xx.o
 .debug_info    0x0001220e     0x2103 build/freertos.o
 .debug_info    0x00014311      0x1f2 build/iwdg.o
 .debug_info    0x00014503      0xac4 build/stm32f1xx_hal_timebase_tim.o
 .debug_info    0x00014fc7      0x22c build/stm32f1xx_hal_iwdg.o
 .debug_info    0x000151f3      0x309 build/list.o
 .debug_info    0x000154fc     0x286e build/queue.o
 .debug_info    0x00017d6a     0x31c4 build/tasks.o
 .debug_info    0x0001af2e     0x1a7d build/timers.o
 .debug_info    0x0001c9ab     0x4d8a build/cmsis_os2.o
 .debug_info    0x00021735      0x49b build/heap_4.o
 .debug_info    0x00021bd0      0x569 build/port.o
 .debug_info    0x00022139      0x9e0 build/MQTTConnectClient.o
 .debug_info    0x00022b19      0xb62 build/MQTTPacket.o
 .debug_info    0x0002367b      0x72d build/MQTTSerializePublish.o
 .debug_info    0x00023da8     0x22e2 build/MQTTSim800.o
 .debug_info    0x0002608a     0x1142 build/mpu6050.o
 .debug_info    0x000271cc      0x4d7 build/MQTTDeserializePublish.o
 .debug_info    0x000276a3       0x22 build/startup_stm32f103xb.o

.debug_abbrev   0x00000000     0x4d47
 .debug_abbrev  0x00000000      0x24b build/main.o
 .debug_abbrev  0x0000024b      0x13f build/gpio.o
 .debug_abbrev  0x0000038a      0x1ce build/i2c.o
 .debug_abbrev  0x00000558      0x1ce build/usart.o
 .debug_abbrev  0x00000726      0x17c build/stm32f1xx_it.o
 .debug_abbrev  0x000008a2      0x130 build/stm32f1xx_hal_msp.o
 .debug_abbrev  0x000009d2      0x306 build/stm32f1xx_hal_i2c.o
 .debug_abbrev  0x00000cd8      0x1f7 build/stm32f1xx_hal.o
 .debug_abbrev  0x00000ecf      0x29a build/stm32f1xx_hal_rcc.o
 .debug_abbrev  0x00001169      0x222 build/stm32f1xx_hal_gpio.o
 .debug_abbrev  0x0000138b      0x244 build/stm32f1xx_hal_dma.o
 .debug_abbrev  0x000015cf      0x359 build/stm32f1xx_hal_cortex.o
 .debug_abbrev  0x00001928      0x296 build/stm32f1xx_hal_tim.o
 .debug_abbrev  0x00001bbe      0x298 build/stm32f1xx_hal_tim_ex.o
 .debug_abbrev  0x00001e56      0x2ab build/stm32f1xx_hal_uart.o
 .debug_abbrev  0x00002101      0x140 build/system_stm32f1xx.o
 .debug_abbrev  0x00002241      0x28d build/freertos.o
 .debug_abbrev  0x000024ce      0x12c build/iwdg.o
 .debug_abbrev  0x000025fa      0x1ef build/stm32f1xx_hal_timebase_tim.o
 .debug_abbrev  0x000027e9      0x139 build/stm32f1xx_hal_iwdg.o
 .debug_abbrev  0x00002922      0x124 build/list.o
 .debug_abbrev  0x00002a46      0x3e7 build/queue.o
 .debug_abbrev  0x00002e2d      0x387 build/tasks.o
 .debug_abbrev  0x000031b4      0x35d build/timers.o
 .debug_abbrev  0x00003511      0x459 build/cmsis_os2.o
 .debug_abbrev  0x0000396a      0x255 build/heap_4.o
 .debug_abbrev  0x00003bbf      0x29d build/port.o
 .debug_abbrev  0x00003e5c      0x1fa build/MQTTConnectClient.o
 .debug_abbrev  0x00004056      0x3a0 build/MQTTPacket.o
 .debug_abbrev  0x000043f6      0x1dc build/MQTTSerializePublish.o
 .debug_abbrev  0x000045d2      0x362 build/MQTTSim800.o
 .debug_abbrev  0x00004934      0x24b build/mpu6050.o
 .debug_abbrev  0x00004b7f      0x1b6 build/MQTTDeserializePublish.o
 .debug_abbrev  0x00004d35       0x12 build/startup_stm32f103xb.o

.debug_loc      0x00000000    0x20174
 .debug_loc     0x00000000      0x12a build/main.o
 .debug_loc     0x0000012a       0x38 build/gpio.o
 .debug_loc     0x00000162       0xeb build/i2c.o
 .debug_loc     0x0000024d      0x108 build/usart.o
 .debug_loc     0x00000355       0x60 build/stm32f1xx_it.o
 .debug_loc     0x000003b5       0x4d build/stm32f1xx_hal_msp.o
 .debug_loc     0x00000402     0x4e39 build/stm32f1xx_hal_i2c.o
 .debug_loc     0x0000523b      0x1e1 build/stm32f1xx_hal.o
 .debug_loc     0x0000541c      0x7ee build/stm32f1xx_hal_rcc.o
 .debug_loc     0x00005c0a      0x551 build/stm32f1xx_hal_gpio.o
 .debug_loc     0x0000615b      0x901 build/stm32f1xx_hal_dma.o
 .debug_loc     0x00006a5c      0x77f build/stm32f1xx_hal_cortex.o
 .debug_loc     0x000071db     0x530c build/stm32f1xx_hal_tim.o
 .debug_loc     0x0000c4e7     0x1f3e build/stm32f1xx_hal_tim_ex.o
 .debug_loc     0x0000e425     0x267b build/stm32f1xx_hal_uart.o
 .debug_loc     0x00010aa0       0xff build/system_stm32f1xx.o
 .debug_loc     0x00010b9f      0x259 build/freertos.o
 .debug_loc     0x00010df8       0x20 build/iwdg.o
 .debug_loc     0x00010e18       0xcd build/stm32f1xx_hal_timebase_tim.o
 .debug_loc     0x00010ee5       0xb2 build/stm32f1xx_hal_iwdg.o
 .debug_loc     0x00010f97       0xe5 build/list.o
 .debug_loc     0x0001107c     0x1eda build/queue.o
 .debug_loc     0x00012f56     0x2b44 build/tasks.o
 .debug_loc     0x00015a9a     0x135a build/timers.o
 .debug_loc     0x00016df4     0x62c5 build/cmsis_os2.o
 .debug_loc     0x0001d0b9      0x3c1 build/heap_4.o
 .debug_loc     0x0001d47a      0x16c build/port.o
 .debug_loc     0x0001d5e6      0x593 build/MQTTConnectClient.o
 .debug_loc     0x0001db79      0xad1 build/MQTTPacket.o
 .debug_loc     0x0001e64a      0x5f0 build/MQTTSerializePublish.o
 .debug_loc     0x0001ec3a      0xce7 build/MQTTSim800.o
 .debug_loc     0x0001f921      0x4a8 build/mpu6050.o
 .debug_loc     0x0001fdc9      0x3ab build/MQTTDeserializePublish.o

.debug_aranges  0x00000000     0x18d0
 .debug_aranges
                0x00000000       0x40 build/main.o
 .debug_aranges
                0x00000040       0x20 build/gpio.o
 .debug_aranges
                0x00000060       0x30 build/i2c.o
 .debug_aranges
                0x00000090       0x30 build/usart.o
 .debug_aranges
                0x000000c0       0x60 build/stm32f1xx_it.o
 .debug_aranges
                0x00000120       0x20 build/stm32f1xx_hal_msp.o
 .debug_aranges
                0x00000140      0x2a0 build/stm32f1xx_hal_i2c.o
 .debug_aranges
                0x000003e0       0xe0 build/stm32f1xx_hal.o
 .debug_aranges
                0x000004c0       0x90 build/stm32f1xx_hal_rcc.o
 .debug_aranges
                0x00000550       0x58 build/stm32f1xx_hal_gpio.o
 .debug_aranges
                0x000005a8       0x80 build/stm32f1xx_hal_dma.o
 .debug_aranges